Archive member included to satisfy reference by file (symbol)

c:/program files/stm32cubeide_1.11.2/stm32cubeide/plugins/com.st.stm32cube.ide.mcu.externaltools.gnu-tools-for-stm32.10.3-2021.10.win32_1.0.100.202210260954/tools/bin/../lib/gcc/arm-none-eabi/10.3.1/../../../../arm-none-eabi/lib/thumb/v7e-m+fp/hard\libc_nano.a(lib_a-errno.o)
                              ./Core/Src/syscalls.o (__errno)
c:/program files/stm32cubeide_1.11.2/stm32cubeide/plugins/com.st.stm32cube.ide.mcu.externaltools.gnu-tools-for-stm32.10.3-2021.10.win32_1.0.100.202210260954/tools/bin/../lib/gcc/arm-none-eabi/10.3.1/../../../../arm-none-eabi/lib/thumb/v7e-m+fp/hard\libc_nano.a(lib_a-exit.o)
                              c:/program files/stm32cubeide_1.11.2/stm32cubeide/plugins/com.st.stm32cube.ide.mcu.externaltools.gnu-tools-for-stm32.10.3-2021.10.win32_1.0.100.202210260954/tools/bin/../lib/gcc/arm-none-eabi/10.3.1/../../../../arm-none-eabi/lib/thumb/v7e-m+fp/hard/crt0.o (exit)
c:/program files/stm32cubeide_1.11.2/stm32cubeide/plugins/com.st.stm32cube.ide.mcu.externaltools.gnu-tools-for-stm32.10.3-2021.10.win32_1.0.100.202210260954/tools/bin/../lib/gcc/arm-none-eabi/10.3.1/../../../../arm-none-eabi/lib/thumb/v7e-m+fp/hard\libc_nano.a(lib_a-impure.o)
                              c:/program files/stm32cubeide_1.11.2/stm32cubeide/plugins/com.st.stm32cube.ide.mcu.externaltools.gnu-tools-for-stm32.10.3-2021.10.win32_1.0.100.202210260954/tools/bin/../lib/gcc/arm-none-eabi/10.3.1/../../../../arm-none-eabi/lib/thumb/v7e-m+fp/hard\libc_nano.a(lib_a-exit.o) (_global_impure_ptr)
c:/program files/stm32cubeide_1.11.2/stm32cubeide/plugins/com.st.stm32cube.ide.mcu.externaltools.gnu-tools-for-stm32.10.3-2021.10.win32_1.0.100.202210260954/tools/bin/../lib/gcc/arm-none-eabi/10.3.1/../../../../arm-none-eabi/lib/thumb/v7e-m+fp/hard\libc_nano.a(lib_a-init.o)
                              c:/program files/stm32cubeide_1.11.2/stm32cubeide/plugins/com.st.stm32cube.ide.mcu.externaltools.gnu-tools-for-stm32.10.3-2021.10.win32_1.0.100.202210260954/tools/bin/../lib/gcc/arm-none-eabi/10.3.1/../../../../arm-none-eabi/lib/thumb/v7e-m+fp/hard/crt0.o (__libc_init_array)
c:/program files/stm32cubeide_1.11.2/stm32cubeide/plugins/com.st.stm32cube.ide.mcu.externaltools.gnu-tools-for-stm32.10.3-2021.10.win32_1.0.100.202210260954/tools/bin/../lib/gcc/arm-none-eabi/10.3.1/../../../../arm-none-eabi/lib/thumb/v7e-m+fp/hard\libc_nano.a(lib_a-memset.o)
                              c:/program files/stm32cubeide_1.11.2/stm32cubeide/plugins/com.st.stm32cube.ide.mcu.externaltools.gnu-tools-for-stm32.10.3-2021.10.win32_1.0.100.202210260954/tools/bin/../lib/gcc/arm-none-eabi/10.3.1/../../../../arm-none-eabi/lib/thumb/v7e-m+fp/hard/crt0.o (memset)
c:/program files/stm32cubeide_1.11.2/stm32cubeide/plugins/com.st.stm32cube.ide.mcu.externaltools.gnu-tools-for-stm32.10.3-2021.10.win32_1.0.100.202210260954/tools/bin/../lib/gcc/arm-none-eabi/10.3.1/../../../../arm-none-eabi/lib/thumb/v7e-m+fp/hard\libc_nano.a(lib_a-nano-vfprintf_float.o)
                              (_printf_float)
c:/program files/stm32cubeide_1.11.2/stm32cubeide/plugins/com.st.stm32cube.ide.mcu.externaltools.gnu-tools-for-stm32.10.3-2021.10.win32_1.0.100.202210260954/tools/bin/../lib/gcc/arm-none-eabi/10.3.1/../../../../arm-none-eabi/lib/thumb/v7e-m+fp/hard\libc_nano.a(lib_a-nano-vfprintf_i.o)
                              c:/program files/stm32cubeide_1.11.2/stm32cubeide/plugins/com.st.stm32cube.ide.mcu.externaltools.gnu-tools-for-stm32.10.3-2021.10.win32_1.0.100.202210260954/tools/bin/../lib/gcc/arm-none-eabi/10.3.1/../../../../arm-none-eabi/lib/thumb/v7e-m+fp/hard\libc_nano.a(lib_a-nano-vfprintf_float.o) (_printf_common)
c:/program files/stm32cubeide_1.11.2/stm32cubeide/plugins/com.st.stm32cube.ide.mcu.externaltools.gnu-tools-for-stm32.10.3-2021.10.win32_1.0.100.202210260954/tools/bin/../lib/gcc/arm-none-eabi/10.3.1/../../../../arm-none-eabi/lib/thumb/v7e-m+fp/hard\libc_nano.a(lib_a-sprintf.o)
                              ./Core/Src/main.o (sprintf)
c:/program files/stm32cubeide_1.11.2/stm32cubeide/plugins/com.st.stm32cube.ide.mcu.externaltools.gnu-tools-for-stm32.10.3-2021.10.win32_1.0.100.202210260954/tools/bin/../lib/gcc/arm-none-eabi/10.3.1/../../../../arm-none-eabi/lib/thumb/v7e-m+fp/hard\libc_nano.a(lib_a-strlen.o)
                              c:/program files/stm32cubeide_1.11.2/stm32cubeide/plugins/com.st.stm32cube.ide.mcu.externaltools.gnu-tools-for-stm32.10.3-2021.10.win32_1.0.100.202210260954/tools/bin/../lib/gcc/arm-none-eabi/10.3.1/../../../../arm-none-eabi/lib/thumb/v7e-m+fp/hard\libc_nano.a(lib_a-nano-vfprintf_float.o) (strlen)
c:/program files/stm32cubeide_1.11.2/stm32cubeide/plugins/com.st.stm32cube.ide.mcu.externaltools.gnu-tools-for-stm32.10.3-2021.10.win32_1.0.100.202210260954/tools/bin/../lib/gcc/arm-none-eabi/10.3.1/../../../../arm-none-eabi/lib/thumb/v7e-m+fp/hard\libc_nano.a(lib_a-dtoa.o)
[...]
Memory Configuration

Name             Origin             Length             Attributes
CCMRAM           0x0000000010000000 0x0000000000010000 xrw
RAM              0x0000000020000000 0x0000000000020000 xrw
FLASH            0x0000000008000000 0x0000000000100000 xr
*default*        0x0000000000000000 0xffffffffffffffff

Linker script and memory map

LOAD c:/program files/stm32cubeide_1.11.2/stm32cubeide/plugins/com.st.stm32cube.ide.mcu.externaltools.gnu-tools-for-stm32.10.3-2021.10.win32_1.0.100.202210260954/tools/bin/../lib/gcc/arm-none-eabi/10.3.1/thumb/v7e-m+fp/hard/crti.o
LOAD c:/program files/stm32cubeide_1.11.2/stm32cubeide/plugins/com.st.stm32cube.ide.mcu.externaltools.gnu-tools-for-stm32.10.3-2021.10.win32_1.0.100.202210260954/tools/bin/../lib/gcc/arm-none-eabi/10.3.1/thumb/v7e-m+fp/hard/crtbegin.o
LOAD c:/program files/stm32cubeide_1.11.2/stm32cubeide/plugins/com.st.stm32cube.ide.mcu.externaltools.gnu-tools-for-stm32.10.3-2021.10.win32_1.0.100.202210260954/tools/bin/../lib/gcc/arm-none-eabi/10.3.1/../../../../arm-none-eabi/lib/thumb/v7e-m+fp/hard/crt0.o
LOAD ./Core/Src/dma.o
LOAD ./Core/Src/gpio.o
LOAD ./Core/Src/i2c.o
LOAD ./Core/Src/main.o
LOAD ./Core/Src/spi.o
LOAD ./Core/Src/stm32f4xx_hal_msp.o
LOAD ./Core/Src/stm32f4xx_it.o
LOAD ./Core/Src/syscalls.o
LOAD ./Core/Src/sysmem.o
LOAD ./Core/Src/system_stm32f4xx.o
LOAD ./Core/Src/tim.o
LOAD ./Core/Startup/startup_stm32f407vgtx.o
LOAD ./Drivers/STM32F4xx_HAL_Driver/Src/stm32f4xx_hal.o
LOAD ./Drivers/STM32F4xx_HAL_Driver/Src/stm32f4xx_hal_cortex.o
LOAD ./Drivers/STM32F4xx_HAL_Driver/Src/stm32f4xx_hal_dma.o
LOAD ./Drivers/STM32F4xx_HAL_Driver/Src/stm32f4xx_hal_dma_ex.o
LOAD ./Drivers/STM32F4xx_HAL_Driver/Src/stm32f4xx_hal_exti.o
LOAD ./Drivers/STM32F4xx_HAL_Driver/Src/stm32f4xx_hal_flash.o
LOAD ./Drivers/STM32F4xx_HAL_Driver/Src/stm32f4xx_hal_flash_ex.o
LOAD ./Drivers/STM32F4xx_HAL_Driver/Src/stm32f4xx_hal_flash_ramfunc.o
LOAD ./Drivers/STM32F4xx_HAL_Driver/Src/stm32f4xx_hal_gpio.o
LOAD ./Drivers/STM32F4xx_HAL_Driver/Src/stm32f4xx_hal_i2c.o
LOAD ./Drivers/STM32F4xx_HAL_Driver/Src/stm32f4xx_hal_i2c_ex.o
LOAD ./Drivers/STM32F4xx_HAL_Driver/Src/stm32f4xx_hal_pwr.o
LOAD ./Drivers/STM32F4xx_HAL_Driver/Src/stm32f4xx_hal_pwr_ex.o
LOAD ./Drivers/STM32F4xx_HAL_Driver/Src/stm32f4xx_hal_rcc.o
LOAD ./Drivers/STM32F4xx_HAL_Driver/Src/stm32f4xx_hal_rcc_ex.o
LOAD ./Drivers/STM32F4xx_HAL_Driver/Src/stm32f4xx_hal_spi.o
LOAD ./Drivers/STM32F4xx_HAL_Driver/Src/stm32f4xx_hal_tim.o
LOAD ./Drivers/STM32F4xx_HAL_Driver/Src/stm32f4xx_hal_tim_ex.o
LOAD ./Mine/Src/circ_buff.o
LOAD ./Mine/Src/font_ms_sans.o
LOAD ./Mine/Src/gui.o
LOAD ./Mine/Src/ina219.o
LOAD ./Mine/Src/lcd_service.o
LOAD ./Mine/Src/pid.o
LOAD ./Mine/Src/sh1106_hw.o
LOAD ./Mine/Src/state_machine.o
LOAD ./Mine/Src/work.o
START GROUP
LOAD c:/program files/stm32cubeide_1.11.2/stm32cubeide/plugins/com.st.stm32cube.ide.mcu.externaltools.gnu-tools-for-stm32.10.3-2021.10.win32_1.0.100.202210260954/tools/bin/../lib/gcc/arm-none-eabi/10.3.1/../../../../arm-none-eabi/lib/thumb/v7e-m+fp/hard\libc_nano.a
LOAD c:/program files/stm32cubeide_1.11.2/stm32cubeide/plugins/com.st.stm32cube.ide.mcu.externaltools.gnu-tools-for-stm32.10.3-2021.10.win32_1.0.100.202210260954/tools/bin/../lib/gcc/arm-none-eabi/10.3.1/../../../../arm-none-eabi/lib/thumb/v7e-m+fp/hard\libm.a
END GROUP
START GROUP
LOAD c:/program files/stm32cubeide_1.11.2/stm32cubeide/plugins/com.st.stm32cube.ide.mcu.externaltools.gnu-tools-for-stm32.10.3-2021.10.win32_1.0.100.202210260954/tools/bin/../lib/gcc/arm-none-eabi/10.3.1/thumb/v7e-m+fp/hard\libgcc.a
LOAD c:/program files/stm32cubeide_1.11.2/stm32cubeide/plugins/com.st.stm32cube.ide.mcu.externaltools.gnu-tools-for-stm32.10.3-2021.10.win32_1.0.100.202210260954/tools/bin/../lib/gcc/arm-none-eabi/10.3.1/../../../../arm-none-eabi/lib/thumb/v7e-m+fp/hard\libc_nano.a
END GROUP
START GROUP
LOAD c:/program files/stm32cubeide_1.11.2/stm32cubeide/plugins/com.st.stm32cube.ide.mcu.externaltools.gnu-tools-for-stm32.10.3-2021.10.win32_1.0.100.202210260954/tools/bin/../lib/gcc/arm-none-eabi/10.3.1/thumb/v7e-m+fp/hard\libgcc.a
LOAD c:/program files/stm32cubeide_1.11.2/stm32cubeide/plugins/com.st.stm32cube.ide.mcu.externaltools.gnu-tools-for-stm32.10.3-2021.10.win32_1.0.100.202210260954/tools/bin/../lib/gcc/arm-none-eabi/10.3.1/../../../../arm-none-eabi/lib/thumb/v7e-m+fp/hard\libc_nano.a
LOAD c:/program files/stm32cubeide_1.11.2/stm32cubeide/plugins/com.st.stm32cube.ide.mcu.externaltools.gnu-tools-for-stm32.10.3-2021.10.win32_1.0.100.202210260954/tools/bin/../lib/gcc/arm-none-eabi/10.3.1/../../../../arm-none-eabi/lib/thumb/v7e-m+fp/hard\libnosys.a
END GROUP
START GROUP
LOAD c:/program files/stm32cubeide_1.11.2/stm32cubeide/plugins/com.st.stm32cube.ide.mcu.externaltools.gnu-tools-for-stm32.10.3-2021.10.win32_1.0.100.202210260954/tools/bin/../lib/gcc/arm-none-eabi/10.3.1/thumb/v7e-m+fp/hard\libgcc.a
LOAD c:/program files/stm32cubeide_1.11.2/stm32cubeide/plugins/com.st.stm32cube.ide.mcu.externaltools.gnu-tools-for-stm32.10.3-2021.10.win32_1.0.100.202210260954/tools/bin/../lib/gcc/arm-none-eabi/10.3.1/../../../../arm-none-eabi/lib/thumb/v7e-m+fp/hard\libc_nano.a
LOAD c:/program files/stm32cubeide_1.11.2/stm32cubeide/plugins/com.st.stm32cube.ide.mcu.externaltools.gnu-tools-for-stm32.10.3-2021.10.win32_1.0.100.202210260954/tools/bin/../lib/gcc/arm-none-eabi/10.3.1/../../../../arm-none-eabi/lib/thumb/v7e-m+fp/hard\libnosys.a
END GROUP
LOAD c:/program files/stm32cubeide_1.11.2/stm32cubeide/plugins/com.st.stm32cube.ide.mcu.externaltools.gnu-tools-for-stm32.10.3-2021.10.win32_1.0.100.202210260954/tools/bin/../lib/gcc/arm-none-eabi/10.3.1/thumb/v7e-m+fp/hard/crtend.o
LOAD c:/program files/stm32cubeide_1.11.2/stm32cubeide/plugins/com.st.stm32cube.ide.mcu.externaltools.gnu-tools-for-stm32.10.3-2021.10.win32_1.0.100.202210260954/tools/bin/../lib/gcc/arm-none-eabi/10.3.1/thumb/v7e-m+fp/hard/crtn.o
                0x0000000020020000                _estack = (ORIGIN (RAM) + LENGTH (RAM))
                0x0000000000000200                _Min_Heap_Size = 0x200
                0x0000000000000400                _Min_Stack_Size = 0x400

.isr_vector     0x0000000008000000      0x188
                0x0000000008000000                . = ALIGN (0x4)
 *(.isr_vector)
 .isr_vector    0x0000000008000000      0x188 ./Core/Startup/startup_stm32f407vgtx.o
                0x0000000008000000                g_pfnVectors
                0x0000000008000188                . = ALIGN (0x4)

.text           0x0000000008000190     0xaa18
                0x0000000008000190                . = ALIGN (0x4)
 *(.text)
 .text          0x0000000008000190       0x40 c:/program files/stm32cubeide_1.11.2/stm32cubeide/plugins/com.st.stm32cube.ide.mcu.externaltools.gnu-tools-for-stm32.10.3-2021.10.win32_1.0.100.202210260954/tools/bin/../lib/gcc/arm-none-eabi/10.3.1/thumb/v7e-m+fp/hard/crtbegin.o
 .text          0x00000000080001d0       0x10 c:/program files/stm32cubeide_1.11.2/stm32cubeide/plugins/com.st.stm32cube.ide.mcu.externaltools.gnu-tools-for-stm32.10.3-2021.10.win32_1.0.100.202210260954/tools/bin/../lib/gcc/arm-none-eabi/10.3.1/../../../../arm-none-eabi/lib/thumb/v7e-m+fp/hard\libc_nano.a(lib_a-strlen.o)
                0x00000000080001d0                strlen
 .text          0x00000000080001e0       0xa0 c:/program files/stm32cubeide_1.11.2/stm32cubeide/plugins/com.st.stm32cube.ide.mcu.externaltools.gnu-tools-for-stm32.10.3-2021.10.win32_1.0.100.202210260954/tools/bin/../lib/gcc/arm-none-eabi/10.3.1/../../../../arm-none-eabi/lib/thumb/v7e-m+fp/hard\libc_nano.a(lib_a-memchr.o)
                0x00000000080001e0                memchr
 .text          0x0000000008000280      0x378 c:/program files/stm32cubeide_1.11.2/stm32cubeide/plugins/com.st.stm32cube.ide.mcu.externaltools.gnu-tools-for-stm32.10.3-2021.10.win32_1.0.100.202210260954/tools/bin/../lib/gcc/arm-none-eabi/10.3.1/thumb/v7e-m+fp/hard\libgcc.a(_arm_addsubdf3.o)
                0x0000000008000280                __aeabi_drsub
                0x0000000008000288                __aeabi_dsub
                0x0000000008000288                __subdf3
                0x000000000800028c                __aeabi_dadd
                0x000000000800028c                __adddf3
                0x0000000008000504                __floatunsidf
                0x0000000008000504                __aeabi_ui2d
                0x0000000008000524                __floatsidf
                0x0000000008000524                __aeabi_i2d
                0x0000000008000548                __aeabi_f2d
                0x0000000008000548                __extendsfdf2
                0x000000000800058c                __floatundidf
                0x000000000800058c                __aeabi_ul2d
                0x000000000800059c                __floatdidf
                0x000000000800059c                __aeabi_l2d
 .text          0x00000000080005f8      0x424 c:/program files/stm32cubeide_1.11.2/stm32cubeide/plugins/com.st.stm32cube.ide.mcu.externaltools.gnu-tools-for-stm32.10.3-2021.10.win32_1.0.100.202210260954/tools/bin/../lib/gcc/arm-none-eabi/10.3.1/thumb/v7e-m+fp/hard\libgcc.a(_arm_muldivdf3.o)
                0x00000000080005f8                __aeabi_dmul
                0x00000000080005f8                __muldf3
                0x000000000800084c                __divdf3
                0x000000000800084c                __aeabi_ddiv
 .text          0x0000000008000a1c      0x110 c:/program files/stm32cubeide_1.11.2/stm32cubeide/plugins/com.st.stm32cube.ide.mcu.externaltools.gnu-tools-for-stm32.10.3-2021.10.win32_1.0.100.202210260954/tools/bin/../lib/gcc/arm-none-eabi/10.3.1/thumb/v7e-m+fp/hard\libgcc.a(_arm_cmpdf2.o)
                0x0000000008000a1c                __gtdf2
                0x0000000008000a1c                __gedf2
                0x0000000008000a24                __ltdf2
                0x0000000008000a24                __ledf2
                0x0000000008000a2c                __nedf2
                0x0000000008000a2c                __eqdf2
                0x0000000008000a2c                __cmpdf2
                0x0000000008000aa8                __aeabi_cdrcmple
                0x0000000008000ab8                __aeabi_cdcmpeq
                0x0000000008000ab8                __aeabi_cdcmple
                0x0000000008000ac8                __aeabi_dcmpeq
                0x0000000008000adc                __aeabi_dcmplt
                0x0000000008000af0                __aeabi_dcmple
                0x0000000008000b04                __aeabi_dcmpge
                0x0000000008000b18                __aeabi_dcmpgt
 .text          0x0000000008000b2c       0x2c c:/program files/stm32cubeide_1.11.2/stm32cubeide/plugins/com.st.stm32cube.ide.mcu.externaltools.gnu-tools-for-stm32.10.3-2021.10.win32_1.0.100.202210260954/tools/bin/../lib/gcc/arm-none-eabi/10.3.1/thumb/v7e-m+fp/hard\libgcc.a(_arm_unorddf2.o)
                0x0000000008000b2c                __unorddf2
                0x0000000008000b2c                __aeabi_dcmpun
 .text          0x0000000008000b58       0x50 c:/program files/stm32cubeide_1.11.2/stm32cubeide/plugins/com.st.stm32cube.ide.mcu.externaltools.gnu-tools-for-stm32.10.3-2021.10.win32_1.0.100.202210260954/tools/bin/../lib/gcc/arm-none-eabi/10.3.1/thumb/v7e-m+fp/hard\libgcc.a(_arm_fixdfsi.o)
                0x0000000008000b58                __aeabi_d2iz
                0x0000000008000b58                __fixdfsi
 .text          0x0000000008000ba8       0x40 c:/program files/stm32cubeide_1.11.2/stm32cubeide/plugins/com.st.stm32cube.ide.mcu.externaltools.gnu-tools-for-stm32.10.3-2021.10.win32_1.0.100.202210260954/tools/bin/../lib/gcc/arm-none-eabi/10.3.1/thumb/v7e-m+fp/hard\libgcc.a(_arm_fixunsdfsi.o)
                0x0000000008000ba8                __aeabi_d2uiz
                0x0000000008000ba8                __fixunsdfsi
 .text          0x0000000008000be8       0x30 c:/program files/stm32cubeide_1.11.2/stm32cubeide/plugins/com.st.stm32cube.ide.mcu.externaltools.gnu-tools-for-stm32.10.3-2021.10.win32_1.0.100.202210260954/tools/bin/../lib/gcc/arm-none-eabi/10.3.1/thumb/v7e-m+fp/hard\libgcc.a(_aeabi_uldivmod.o)
                0x0000000008000be8                __aeabi_uldivmod
 .text          0x0000000008000c18      0x2d0 c:/program files/stm32cubeide_1.11.2/stm32cubeide/plugins/com.st.stm32cube.ide.mcu.externaltools.gnu-tools-for-stm32.10.3-2021.10.win32_1.0.100.202210260954/tools/bin/../lib/gcc/arm-none-eabi/10.3.1/thumb/v7e-m+fp/hard\libgcc.a(_udivmoddi4.o)
                0x0000000008000c18                __udivmoddi4
 .text          0x0000000008000ee8        0x4 c:/program files/stm32cubeide_1.11.2/stm32cubeide/plugins/com.st.stm32cube.ide.mcu.externaltools.gnu-tools-for-stm32.10.3-2021.10.win32_1.0.100.202210260954/tools/bin/../lib/gcc/arm-none-eabi/10.3.1/thumb/v7e-m+fp/hard\libgcc.a(_dvmd_tls.o)
                0x0000000008000ee8                __aeabi_idiv0
                0x0000000008000ee8                __aeabi_ldiv0
 *(.text*)
 .text.MX_DMA_Init
                0x0000000008000eec       0x40 ./Core/Src/dma.o
                0x0000000008000eec                MX_DMA_Init
 .text.MX_GPIO_Init
                0x0000000008000f2c      0x1f4 ./Core/Src/gpio.o
                0x0000000008000f2c                MX_GPIO_Init
 .text.HAL_I2C_MspInit
                0x0000000008001120       0xb0 ./Core/Src/i2c.o
                0x0000000008001120                HAL_I2C_MspInit
 .text.f_write_data
                0x00000000080011d0       0xfc ./Core/Src/main.o
                0x00000000080011d0                f_write_data
 .text.main     0x00000000080012cc       0xa0 ./Core/Src/main.o
                0x00000000080012cc                main
 .text.SystemClock_Config
                0x000000000800136c       0xd4 ./Core/Src/main.o
                0x000000000800136c                SystemClock_Config
 .text.Error_Handler
                0x0000000008001440        0xa ./Core/Src/main.o
                0x0000000008001440                Error_Handler
 *fill*         0x000000000800144a        0x2 
 .text.HAL_SPI_MspInit
                0x000000000800144c      0x134 ./Core/Src/spi.o
                0x000000000800144c                HAL_SPI_MspInit
 .text.HAL_MspInit
                0x0000000008001580       0x50 ./Core/Src/stm32f4xx_hal_msp.o
                0x0000000008001580                HAL_MspInit
 .text.NMI_Handler
                0x00000000080015d0        0x6 ./Core/Src/stm32f4xx_it.o
                0x00000000080015d0                NMI_Handler
 .text.HardFault_Handler
                0x00000000080015d6        0x6 ./Core/Src/stm32f4xx_it.o
                0x00000000080015d6                HardFault_Handler
 .text.MemManage_Handler
                0x00000000080015dc        0x6 ./Core/Src/stm32f4xx_it.o
                0x00000000080015dc                MemManage_Handler
 .text.BusFault_Handler
                0x00000000080015e2        0x6 ./Core/Src/stm32f4xx_it.o
                0x00000000080015e2                BusFault_Handler
 .text.UsageFault_Handler
                0x00000000080015e8        0x6 ./Core/Src/stm32f4xx_it.o
                0x00000000080015e8                UsageFault_Handler
 .text.SVC_Handler
                0x00000000080015ee        0xe ./Core/Src/stm32f4xx_it.o
                0x00000000080015ee                SVC_Handler
 .text.DebugMon_Handler
                0x00000000080015fc        0xe ./Core/Src/stm32f4xx_it.o
                0x00000000080015fc                DebugMon_Handler
 .text.PendSV_Handler
                0x000000000800160a        0xe ./Core/Src/stm32f4xx_it.o
                0x000000000800160a                PendSV_Handler
 .text.SysTick_Handler
                0x0000000008001618       0x10 ./Core/Src/stm32f4xx_it.o
                0x0000000008001618                SysTick_Handler
 .text.DMA1_Stream4_IRQHandler
                0x0000000008001628       0x14 ./Core/Src/stm32f4xx_it.o
                0x0000000008001628                DMA1_Stream4_IRQHandler
 .text.I2C1_EV_IRQHandler
                0x000000000800163c       0x14 ./Core/Src/stm32f4xx_it.o
                0x000000000800163c                I2C1_EV_IRQHandler
 .text.I2C1_ER_IRQHandler
                0x0000000008001650       0x14 ./Core/Src/stm32f4xx_it.o
                0x0000000008001650                I2C1_ER_IRQHandler
 .text._getpid  0x0000000008001664       0x10 ./Core/Src/syscalls.o
                0x0000000008001664                _getpid
 .text._kill    0x0000000008001674       0x20 ./Core/Src/syscalls.o
                0x0000000008001674                _kill
 .text._exit    0x0000000008001694       0x14 ./Core/Src/syscalls.o
                0x0000000008001694                _exit
 .text._read    0x00000000080016a8       0x3a ./Core/Src/syscalls.o
                0x00000000080016a8                _read
 .text._write   0x00000000080016e2       0x38 ./Core/Src/syscalls.o
                0x00000000080016e2                _write
 .text._close   0x000000000800171a       0x18 ./Core/Src/syscalls.o
                0x000000000800171a                _close
 .text._fstat   0x0000000008001732       0x20 ./Core/Src/syscalls.o
                0x0000000008001732                _fstat
 .text._isatty  0x0000000008001752       0x16 ./Core/Src/syscalls.o
                0x0000000008001752                _isatty
 .text._lseek   0x0000000008001768       0x1a ./Core/Src/syscalls.o
                0x0000000008001768                _lseek
 *fill*         0x0000000008001782        0x2 
 .text._sbrk    0x0000000008001784       0x6c ./Core/Src/sysmem.o
                0x0000000008001784                _sbrk
 .text.SystemInit
                0x00000000080017f0       0x24 ./Core/Src/system_stm32f4xx.o
                0x00000000080017f0                SystemInit
 .text.MX_TIM3_Init
                0x0000000008001814       0xa8 ./Core/Src/tim.o
                0x0000000008001814                MX_TIM3_Init
 .text.MX_TIM10_Init
                0x00000000080018bc       0x90 ./Core/Src/tim.o
                0x00000000080018bc                MX_TIM10_Init
 .text.HAL_TIM_Encoder_MspInit
                0x000000000800194c       0x90 ./Core/Src/tim.o
                0x000000000800194c                HAL_TIM_Encoder_MspInit
 .text.HAL_TIM_PWM_MspInit
                0x00000000080019dc       0x44 ./Core/Src/tim.o
                0x00000000080019dc                HAL_TIM_PWM_MspInit
 .text.HAL_TIM_Base_MspInit
                0x0000000008001a20       0x90 ./Core/Src/tim.o
                0x0000000008001a20                HAL_TIM_Base_MspInit
 .text.HAL_TIM_MspPostInit
                0x0000000008001ab0       0x74 ./Core/Src/tim.o
                0x0000000008001ab0                HAL_TIM_MspPostInit
 .text.Reset_Handler
                0x0000000008001b24       0x50 ./Core/Startup/startup_stm32f407vgtx.o
                0x0000000008001b24                Reset_Handler
 .text.Default_Handler
                0x0000000008001b74        0x2 ./Core/Startup/startup_stm32f407vgtx.o
                0x0000000008001b74                RTC_Alarm_IRQHandler
                0x0000000008001b74                HASH_RNG_IRQHandler
                0x0000000008001b74                EXTI2_IRQHandler
                0x0000000008001b74                TIM8_CC_IRQHandler
                0x0000000008001b74                TIM1_CC_IRQHandler
                0x0000000008001b74                DMA2_Stream5_IRQHandler
                0x0000000008001b74                DMA1_Stream5_IRQHandler
                0x0000000008001b74                PVD_IRQHandler
                0x0000000008001b74                SDIO_IRQHandler
                0x0000000008001b74                TAMP_STAMP_IRQHandler
                0x0000000008001b74                CAN2_RX1_IRQHandler
                0x0000000008001b74                EXTI3_IRQHandler
                0x0000000008001b74                TIM8_TRG_COM_TIM14_IRQHandler
                0x0000000008001b74                TIM1_UP_TIM10_IRQHandler
                0x0000000008001b74                TIM8_UP_TIM13_IRQHandler
                0x0000000008001b74                I2C3_ER_IRQHandler
                0x0000000008001b74                EXTI0_IRQHandler
                0x0000000008001b74                I2C2_EV_IRQHandler
                0x0000000008001b74                DMA1_Stream2_IRQHandler
                0x0000000008001b74                CAN1_RX0_IRQHandler
                0x0000000008001b74                FPU_IRQHandler
                0x0000000008001b74                OTG_HS_WKUP_IRQHandler
                0x0000000008001b74                CAN2_SCE_IRQHandler
                0x0000000008001b74                DMA2_Stream2_IRQHandler
                0x0000000008001b74                SPI1_IRQHandler
                0x0000000008001b74                TIM6_DAC_IRQHandler
                0x0000000008001b74                TIM1_BRK_TIM9_IRQHandler
                0x0000000008001b74                DCMI_IRQHandler
                0x0000000008001b74                CAN2_RX0_IRQHandler
                0x0000000008001b74                DMA2_Stream3_IRQHandler
                0x0000000008001b74                USART6_IRQHandler
                0x0000000008001b74                USART3_IRQHandler
                0x0000000008001b74                CAN1_RX1_IRQHandler
                0x0000000008001b74                UART5_IRQHandler
                0x0000000008001b74                DMA2_Stream0_IRQHandler
                0x0000000008001b74                TIM4_IRQHandler
                0x0000000008001b74                DMA1_Stream6_IRQHandler
                0x0000000008001b74                DMA1_Stream1_IRQHandler
                0x0000000008001b74                UART4_IRQHandler
                0x0000000008001b74                TIM3_IRQHandler
                0x0000000008001b74                RCC_IRQHandler
                0x0000000008001b74                TIM8_BRK_TIM12_IRQHandler
                0x0000000008001b74                Default_Handler
                0x0000000008001b74                EXTI15_10_IRQHandler
                0x0000000008001b74                ADC_IRQHandler
                0x0000000008001b74                DMA1_Stream7_IRQHandler
                0x0000000008001b74                TIM7_IRQHandler
                0x0000000008001b74                CAN2_TX_IRQHandler
                0x0000000008001b74                TIM5_IRQHandler
                0x0000000008001b74                DMA2_Stream7_IRQHandler
                0x0000000008001b74                I2C3_EV_IRQHandler
                0x0000000008001b74                EXTI9_5_IRQHandler
                0x0000000008001b74                RTC_WKUP_IRQHandler
                0x0000000008001b74                ETH_WKUP_IRQHandler
                0x0000000008001b74                SPI2_IRQHandler
                0x0000000008001b74                OTG_HS_EP1_IN_IRQHandler
                0x0000000008001b74                DMA1_Stream0_IRQHandler
                0x0000000008001b74                CAN1_TX_IRQHandler
                0x0000000008001b74                EXTI4_IRQHandler
                0x0000000008001b74                FSMC_IRQHandler
                0x0000000008001b74                ETH_IRQHandler
                0x0000000008001b74                OTG_HS_EP1_OUT_IRQHandler
                0x0000000008001b74                WWDG_IRQHandler
                0x0000000008001b74                TIM2_IRQHandler
                0x0000000008001b74                OTG_FS_WKUP_IRQHandler
                0x0000000008001b74                TIM1_TRG_COM_TIM11_IRQHandler
                0x0000000008001b74                OTG_HS_IRQHandler
                0x0000000008001b74                EXTI1_IRQHandler
                0x0000000008001b74                USART2_IRQHandler
                0x0000000008001b74                I2C2_ER_IRQHandler
                0x0000000008001b74                DMA2_Stream1_IRQHandler
                0x0000000008001b74                CAN1_SCE_IRQHandler
                0x0000000008001b74                FLASH_IRQHandler
                0x0000000008001b74                DMA2_Stream4_IRQHandler
                0x0000000008001b74                USART1_IRQHandler
                0x0000000008001b74                OTG_FS_IRQHandler
                0x0000000008001b74                SPI3_IRQHandler
                0x0000000008001b74                DMA2_Stream6_IRQHandler
                0x0000000008001b74                DMA1_Stream3_IRQHandler
 *fill*         0x0000000008001b76        0x2 
 .text.HAL_Init
                0x0000000008001b78       0x44 ./Drivers/STM32F4xx_HAL_Driver/Src/stm32f4xx_hal.o
                0x0000000008001b78                HAL_Init
 .text.HAL_InitTick
                0x0000000008001bbc       0x60 ./Drivers/STM32F4xx_HAL_Driver/Src/stm32f4xx_hal.o
                0x0000000008001bbc                HAL_InitTick
 .text.HAL_IncTick
                0x0000000008001c1c       0x28 ./Drivers/STM32F4xx_HAL_Driver/Src/stm32f4xx_hal.o
                0x0000000008001c1c                HAL_IncTick
 .text.HAL_GetTick
                0x0000000008001c44       0x18 ./Drivers/STM32F4xx_HAL_Driver/Src/stm32f4xx_hal.o
                0x0000000008001c44                HAL_GetTick
 .text.HAL_Delay
                0x0000000008001c5c       0x48 ./Drivers/STM32F4xx_HAL_Driver/Src/stm32f4xx_hal.o
                0x0000000008001c5c                HAL_Delay
 .text.__NVIC_SetPriorityGrouping
                0x0000000008001ca4       0x48 ./Drivers/STM32F4xx_HAL_Driver/Src/stm32f4xx_hal_cortex.o
 .text.__NVIC_GetPriorityGrouping
                0x0000000008001cec       0x1c ./Drivers/STM32F4xx_HAL_Driver/Src/stm32f4xx_hal_cortex.o
 .text.__NVIC_EnableIRQ
                0x0000000008001d08       0x3c ./Drivers/STM32F4xx_HAL_Driver/Src/stm32f4xx_hal_cortex.o
 .text.__NVIC_SetPriority
                0x0000000008001d44       0x54 ./Drivers/STM32F4xx_HAL_Driver/Src/stm32f4xx_hal_cortex.o
 .text.NVIC_EncodePriority
                0x0000000008001d98       0x66 ./Drivers/STM32F4xx_HAL_Driver/Src/stm32f4xx_hal_cortex.o
 *fill*         0x0000000008001dfe        0x2 
 .text.SysTick_Config
                0x0000000008001e00       0x44 ./Drivers/STM32F4xx_HAL_Driver/Src/stm32f4xx_hal_cortex.o
 .text.HAL_NVIC_SetPriorityGrouping
                0x0000000008001e44       0x16 ./Drivers/STM32F4xx_HAL_Driver/Src/stm32f4xx_hal_cortex.o
                0x0000000008001e44                HAL_NVIC_SetPriorityGrouping
 .text.HAL_NVIC_SetPriority
                0x0000000008001e5a       0x38 ./Drivers/STM32F4xx_HAL_Driver/Src/stm32f4xx_hal_cortex.o
                0x0000000008001e5a                HAL_NVIC_SetPriority
 .text.HAL_NVIC_EnableIRQ
                0x0000000008001e92       0x1c ./Drivers/STM32F4xx_HAL_Driver/Src/stm32f4xx_hal_cortex.o
                0x0000000008001e92                HAL_NVIC_EnableIRQ
 .text.HAL_SYSTICK_Config
                0x0000000008001eae       0x18 ./Drivers/STM32F4xx_HAL_Driver/Src/stm32f4xx_hal_cortex.o
                0x0000000008001eae                HAL_SYSTICK_Config
 *fill*         0x0000000008001ec6        0x2 
 .text.HAL_DMA_Init
                0x0000000008001ec8      0x15c ./Drivers/STM32F4xx_HAL_Driver/Src/stm32f4xx_hal_dma.o
                0x0000000008001ec8                HAL_DMA_Init
 .text.HAL_DMA_Start_IT
                0x0000000008002024       0xb0 ./Drivers/STM32F4xx_HAL_Driver/Src/stm32f4xx_hal_dma.o
                0x0000000008002024                HAL_DMA_Start_IT
 .text.HAL_DMA_Abort_IT
                0x00000000080020d4       0x44 ./Drivers/STM32F4xx_HAL_Driver/Src/stm32f4xx_hal_dma.o
                0x00000000080020d4                HAL_DMA_Abort_IT
 .text.HAL_DMA_IRQHandler
                0x0000000008002118      0x314 ./Drivers/STM32F4xx_HAL_Driver/Src/stm32f4xx_hal_dma.o
                0x0000000008002118                HAL_DMA_IRQHandler
 .text.HAL_DMA_GetState
                0x000000000800242c       0x1c ./Drivers/STM32F4xx_HAL_Driver/Src/stm32f4xx_hal_dma.o
                0x000000000800242c                HAL_DMA_GetState
 .text.DMA_SetConfig
                0x0000000008002448       0x5c ./Drivers/STM32F4xx_HAL_Driver/Src/stm32f4xx_hal_dma.o
 .text.DMA_CalcBaseAndBitshift
                0x00000000080024a4       0x6c ./Drivers/STM32F4xx_HAL_Driver/Src/stm32f4xx_hal_dma.o
 .text.DMA_CheckFifoParam
                0x0000000008002510       0xf8 ./Drivers/STM32F4xx_HAL_Driver/Src/stm32f4xx_hal_dma.o
 .text.HAL_GPIO_Init
                0x0000000008002608      0x338 ./Drivers/STM32F4xx_HAL_Driver/Src/stm32f4xx_hal_gpio.o
                0x0000000008002608                HAL_GPIO_Init
 .text.HAL_GPIO_WritePin
                0x0000000008002940       0x32 ./Drivers/STM32F4xx_HAL_Driver/Src/stm32f4xx_hal_gpio.o
                0x0000000008002940                HAL_GPIO_WritePin
 *fill*         0x0000000008002972        0x2 
 .text.HAL_I2C_Init
                0x0000000008002974      0x288 ./Drivers/STM32F4xx_HAL_Driver/Src/stm32f4xx_hal_i2c.o
                0x0000000008002974                HAL_I2C_Init
 .text.HAL_I2C_Master_Transmit
                0x0000000008002bfc      0x1fc ./Drivers/STM32F4xx_HAL_Driver/Src/stm32f4xx_hal_i2c.o
                0x0000000008002bfc                HAL_I2C_Master_Transmit
 .text.HAL_I2C_Master_Receive
                0x0000000008002df8      0x44c ./Drivers/STM32F4xx_HAL_Driver/Src/stm32f4xx_hal_i2c.o
                0x0000000008002df8                HAL_I2C_Master_Receive
 .text.HAL_I2C_EV_IRQHandler
                0x0000000008003244      0x2e2 ./Drivers/STM32F4xx_HAL_Driver/Src/stm32f4xx_hal_i2c.o
                0x0000000008003244                HAL_I2C_EV_IRQHandler
 .text.HAL_I2C_ER_IRQHandler
                0x0000000008003526      0x14e ./Drivers/STM32F4xx_HAL_Driver/Src/stm32f4xx_hal_i2c.o
                0x0000000008003526                HAL_I2C_ER_IRQHandler
 .text.HAL_I2C_MasterTxCpltCallback
                0x0000000008003674       0x14 ./Drivers/STM32F4xx_HAL_Driver/Src/stm32f4xx_hal_i2c.o
                0x0000000008003674                HAL_I2C_MasterTxCpltCallback
 .text.HAL_I2C_MasterRxCpltCallback
                0x0000000008003688       0x14 ./Drivers/STM32F4xx_HAL_Driver/Src/stm32f4xx_hal_i2c.o
                0x0000000008003688                HAL_I2C_MasterRxCpltCallback
 .text.HAL_I2C_SlaveTxCpltCallback
                0x000000000800369c       0x14 ./Drivers/STM32F4xx_HAL_Driver/Src/stm32f4xx_hal_i2c.o
                0x000000000800369c                HAL_I2C_SlaveTxCpltCallback
 .text.HAL_I2C_SlaveRxCpltCallback
                0x00000000080036b0       0x14 ./Drivers/STM32F4xx_HAL_Driver/Src/stm32f4xx_hal_i2c.o
                0x00000000080036b0                HAL_I2C_SlaveRxCpltCallback
 .text.HAL_I2C_AddrCallback
                0x00000000080036c4       0x1c ./Drivers/STM32F4xx_HAL_Driver/Src/stm32f4xx_hal_i2c.o
                0x00000000080036c4                HAL_I2C_AddrCallback
 .text.HAL_I2C_ListenCpltCallback
                0x00000000080036e0       0x14 ./Drivers/STM32F4xx_HAL_Driver/Src/stm32f4xx_hal_i2c.o
                0x00000000080036e0                HAL_I2C_ListenCpltCallback
 .text.HAL_I2C_MemTxCpltCallback
                0x00000000080036f4       0x14 ./Drivers/STM32F4xx_HAL_Driver/Src/stm32f4xx_hal_i2c.o
                0x00000000080036f4                HAL_I2C_MemTxCpltCallback
 .text.HAL_I2C_MemRxCpltCallback
                0x0000000008003708       0x14 ./Drivers/STM32F4xx_HAL_Driver/Src/stm32f4xx_hal_i2c.o
                0x0000000008003708                HAL_I2C_MemRxCpltCallback
 .text.HAL_I2C_ErrorCallback
                0x000000000800371c       0x14 ./Drivers/STM32F4xx_HAL_Driver/Src/stm32f4xx_hal_i2c.o
                0x000000000800371c                HAL_I2C_ErrorCallback
 .text.HAL_I2C_AbortCpltCallback
                0x0000000008003730       0x14 ./Drivers/STM32F4xx_HAL_Driver/Src/stm32f4xx_hal_i2c.o
                0x0000000008003730                HAL_I2C_AbortCpltCallback
 .text.I2C_MasterTransmit_TXE
                0x0000000008003744      0x138 ./Drivers/STM32F4xx_HAL_Driver/Src/stm32f4xx_hal_i2c.o
 .text.I2C_MasterTransmit_BTF
                0x000000000800387c       0xec ./Drivers/STM32F4xx_HAL_Driver/Src/stm32f4xx_hal_i2c.o
 .text.I2C_MemoryTransmit_TXE_BTF
                0x0000000008003968      0x128 ./Drivers/STM32F4xx_HAL_Driver/Src/stm32f4xx_hal_i2c.o
 .text.I2C_MasterReceive_RXNE
                0x0000000008003a90      0x176 ./Drivers/STM32F4xx_HAL_Driver/Src/stm32f4xx_hal_i2c.o
 .text.I2C_MasterReceive_BTF
                0x0000000008003c06      0x1d4 ./Drivers/STM32F4xx_HAL_Driver/Src/stm32f4xx_hal_i2c.o
 .text.I2C_Master_SB
                0x0000000008003dda      0x10c ./Drivers/STM32F4xx_HAL_Driver/Src/stm32f4xx_hal_i2c.o
 .text.I2C_Master_ADD10
                0x0000000008003ee6       0x54 ./Drivers/STM32F4xx_HAL_Driver/Src/stm32f4xx_hal_i2c.o
 .text.I2C_Master_ADDR
                0x0000000008003f3a      0x322 ./Drivers/STM32F4xx_HAL_Driver/Src/stm32f4xx_hal_i2c.o
 .text.I2C_SlaveTransmit_TXE
                0x000000000800425c       0x7a ./Drivers/STM32F4xx_HAL_Driver/Src/stm32f4xx_hal_i2c.o
 .text.I2C_SlaveTransmit_BTF
                0x00000000080042d6       0x42 ./Drivers/STM32F4xx_HAL_Driver/Src/stm32f4xx_hal_i2c.o
 .text.I2C_SlaveReceive_RXNE
                0x0000000008004318       0x7c ./Drivers/STM32F4xx_HAL_Driver/Src/stm32f4xx_hal_i2c.o
 .text.I2C_SlaveReceive_BTF
                0x0000000008004394       0x44 ./Drivers/STM32F4xx_HAL_Driver/Src/stm32f4xx_hal_i2c.o
 .text.I2C_Slave_ADDR
                0x00000000080043d8       0x94 ./Drivers/STM32F4xx_HAL_Driver/Src/stm32f4xx_hal_i2c.o
 .text.I2C_Slave_STOPF
                0x000000000800446c      0x260 ./Drivers/STM32F4xx_HAL_Driver/Src/stm32f4xx_hal_i2c.o
 .text.I2C_Slave_AF
                0x00000000080046cc       0xe0 ./Drivers/STM32F4xx_HAL_Driver/Src/stm32f4xx_hal_i2c.o
 .text.I2C_ITError
                0x00000000080047ac      0x264 ./Drivers/STM32F4xx_HAL_Driver/Src/stm32f4xx_hal_i2c.o
 .text.I2C_MasterRequestWrite
                0x0000000008004a10      0x104 ./Drivers/STM32F4xx_HAL_Driver/Src/stm32f4xx_hal_i2c.o
 .text.I2C_MasterRequestRead
                0x0000000008004b14      0x19c ./Drivers/STM32F4xx_HAL_Driver/Src/stm32f4xx_hal_i2c.o
 .text.I2C_DMAAbort
                0x0000000008004cb0      0x150 ./Drivers/STM32F4xx_HAL_Driver/Src/stm32f4xx_hal_i2c.o
 .text.I2C_WaitOnFlagUntilTimeout
                0x0000000008004e00       0xae ./Drivers/STM32F4xx_HAL_Driver/Src/stm32f4xx_hal_i2c.o
 .text.I2C_WaitOnMasterAddressFlagUntilTimeout
                0x0000000008004eae       0xfe ./Drivers/STM32F4xx_HAL_Driver/Src/stm32f4xx_hal_i2c.o
 .text.I2C_WaitOnTXEFlagUntilTimeout
                0x0000000008004fac       0x82 ./Drivers/STM32F4xx_HAL_Driver/Src/stm32f4xx_hal_i2c.o
 .text.I2C_WaitOnBTFFlagUntilTimeout
                0x000000000800502e       0x82 ./Drivers/STM32F4xx_HAL_Driver/Src/stm32f4xx_hal_i2c.o
 .text.I2C_WaitOnSTOPRequestThroughIT
                0x00000000080050b0       0x64 ./Drivers/STM32F4xx_HAL_Driver/Src/stm32f4xx_hal_i2c.o
 .text.I2C_WaitOnRXNEFlagUntilTimeout
                0x0000000008005114       0xac ./Drivers/STM32F4xx_HAL_Driver/Src/stm32f4xx_hal_i2c.o
 .text.I2C_IsAcknowledgeFailed
                0x00000000080051c0       0x5e ./Drivers/STM32F4xx_HAL_Driver/Src/stm32f4xx_hal_i2c.o
 .text.I2C_ConvertOtherXferOptions
                0x000000000800521e       0x36 ./Drivers/STM32F4xx_HAL_Driver/Src/stm32f4xx_hal_i2c.o
 .text.HAL_RCC_OscConfig
                0x0000000008005254      0x4f0 ./Drivers/STM32F4xx_HAL_Driver/Src/stm32f4xx_hal_rcc.o
                0x0000000008005254                HAL_RCC_OscConfig
 .text.HAL_RCC_ClockConfig
                0x0000000008005744      0x1cc ./Drivers/STM32F4xx_HAL_Driver/Src/stm32f4xx_hal_rcc.o
                0x0000000008005744                HAL_RCC_ClockConfig
 .text.HAL_RCC_GetSysClockFreq
                0x0000000008005910      0x20c ./Drivers/STM32F4xx_HAL_Driver/Src/stm32f4xx_hal_rcc.o
                0x0000000008005910                HAL_RCC_GetSysClockFreq
 .text.HAL_RCC_GetHCLKFreq
                0x0000000008005b1c       0x18 ./Drivers/STM32F4xx_HAL_Driver/Src/stm32f4xx_hal_rcc.o
                0x0000000008005b1c                HAL_RCC_GetHCLKFreq
 .text.HAL_RCC_GetPCLK1Freq
                0x0000000008005b34       0x28 ./Drivers/STM32F4xx_HAL_Driver/Src/stm32f4xx_hal_rcc.o
                0x0000000008005b34                HAL_RCC_GetPCLK1Freq
 .text.HAL_SPI_Init
                0x0000000008005b5c      0x112 ./Drivers/STM32F4xx_HAL_Driver/Src/stm32f4xx_hal_spi.o
                0x0000000008005b5c                HAL_SPI_Init
 .text.HAL_SPI_Transmit
                0x0000000008005c6e      0x278 ./Drivers/STM32F4xx_HAL_Driver/Src/stm32f4xx_hal_spi.o
                0x0000000008005c6e                HAL_SPI_Transmit
 *fill*         0x0000000008005ee6        0x2 
 .text.HAL_SPI_Transmit_DMA
                0x0000000008005ee8      0x16c ./Drivers/STM32F4xx_HAL_Driver/Src/stm32f4xx_hal_spi.o
                0x0000000008005ee8                HAL_SPI_Transmit_DMA
 .text.HAL_SPI_TxHalfCpltCallback
                0x0000000008006054       0x14 ./Drivers/STM32F4xx_HAL_Driver/Src/stm32f4xx_hal_spi.o
                0x0000000008006054                HAL_SPI_TxHalfCpltCallback
 .text.HAL_SPI_ErrorCallback
                0x0000000008006068       0x14 ./Drivers/STM32F4xx_HAL_Driver/Src/stm32f4xx_hal_spi.o
                0x0000000008006068                HAL_SPI_ErrorCallback
 .text.SPI_DMATransmitCplt
                0x000000000800607c       0xa8 ./Drivers/STM32F4xx_HAL_Driver/Src/stm32f4xx_hal_spi.o
 .text.SPI_DMAHalfTransmitCplt
                0x0000000008006124       0x1c ./Drivers/STM32F4xx_HAL_Driver/Src/stm32f4xx_hal_spi.o
 .text.SPI_DMAError
                0x0000000008006140       0x40 ./Drivers/STM32F4xx_HAL_Driver/Src/stm32f4xx_hal_spi.o
 .text.SPI_WaitFlagStateUntilTimeout
                0x0000000008006180      0x110 ./Drivers/STM32F4xx_HAL_Driver/Src/stm32f4xx_hal_spi.o
 .text.SPI_EndRxTxTransaction
                0x0000000008006290       0x84 ./Drivers/STM32F4xx_HAL_Driver/Src/stm32f4xx_hal_spi.o
 .text.HAL_TIM_Base_Init
                0x0000000008006314       0x9e ./Drivers/STM32F4xx_HAL_Driver/Src/stm32f4xx_hal_tim.o
                0x0000000008006314                HAL_TIM_Base_Init
 .text.HAL_TIM_PWM_Init
                0x00000000080063b2       0x9e ./Drivers/STM32F4xx_HAL_Driver/Src/stm32f4xx_hal_tim.o
                0x00000000080063b2                HAL_TIM_PWM_Init
 .text.HAL_TIM_PWM_Start
                0x0000000008006450      0x190 ./Drivers/STM32F4xx_HAL_Driver/Src/stm32f4xx_hal_tim.o
                0x0000000008006450                HAL_TIM_PWM_Start
 .text.HAL_TIM_PWM_Stop
                0x00000000080065e0       0xe0 ./Drivers/STM32F4xx_HAL_Driver/Src/stm32f4xx_hal_tim.o
                0x00000000080065e0                HAL_TIM_PWM_Stop
 .text.HAL_TIM_IC_Init
                0x00000000080066c0       0x9e ./Drivers/STM32F4xx_HAL_Driver/Src/stm32f4xx_hal_tim.o
                0x00000000080066c0                HAL_TIM_IC_Init
 .text.HAL_TIM_IC_MspInit
                0x000000000800675e       0x14 ./Drivers/STM32F4xx_HAL_Driver/Src/stm32f4xx_hal_tim.o
                0x000000000800675e                HAL_TIM_IC_MspInit
 .text.HAL_TIM_Encoder_Init
                0x0000000008006772      0x14c ./Drivers/STM32F4xx_HAL_Driver/Src/stm32f4xx_hal_tim.o
                0x0000000008006772                HAL_TIM_Encoder_Init
 .text.HAL_TIM_IC_ConfigChannel
                0x00000000080068be      0x138 ./Drivers/STM32F4xx_HAL_Driver/Src/stm32f4xx_hal_tim.o
                0x00000000080068be                HAL_TIM_IC_ConfigChannel
 *fill*         0x00000000080069f6        0x2 
 .text.HAL_TIM_PWM_ConfigChannel
                0x00000000080069f8      0x184 ./Drivers/STM32F4xx_HAL_Driver/Src/stm32f4xx_hal_tim.o
                0x00000000080069f8                HAL_TIM_PWM_ConfigChannel
 .text.TIM_Base_SetConfig
                0x0000000008006b7c      0x140 ./Drivers/STM32F4xx_HAL_Driver/Src/stm32f4xx_hal_tim.o
                0x0000000008006b7c                TIM_Base_SetConfig
 .text.TIM_OC1_SetConfig
                0x0000000008006cbc       0xe0 ./Drivers/STM32F4xx_HAL_Driver/Src/stm32f4xx_hal_tim.o
 .text.TIM_OC2_SetConfig
                0x0000000008006d9c       0xec ./Drivers/STM32F4xx_HAL_Driver/Src/stm32f4xx_hal_tim.o
                0x0000000008006d9c                TIM_OC2_SetConfig
 .text.TIM_OC3_SetConfig
                0x0000000008006e88       0xe8 ./Drivers/STM32F4xx_HAL_Driver/Src/stm32f4xx_hal_tim.o
 .text.TIM_OC4_SetConfig
                0x0000000008006f70       0xac ./Drivers/STM32F4xx_HAL_Driver/Src/stm32f4xx_hal_tim.o
 .text.TIM_TI1_SetConfig
                0x000000000800701c       0xe8 ./Drivers/STM32F4xx_HAL_Driver/Src/stm32f4xx_hal_tim.o
                0x000000000800701c                TIM_TI1_SetConfig
 .text.TIM_TI2_SetConfig
                0x0000000008007104       0x7a ./Drivers/STM32F4xx_HAL_Driver/Src/stm32f4xx_hal_tim.o
 .text.TIM_TI3_SetConfig
                0x000000000800717e       0x78 ./Drivers/STM32F4xx_HAL_Driver/Src/stm32f4xx_hal_tim.o
 .text.TIM_TI4_SetConfig
                0x00000000080071f6       0x7a ./Drivers/STM32F4xx_HAL_Driver/Src/stm32f4xx_hal_tim.o
 .text.TIM_CCxChannelCmd
                0x0000000008007270       0x4a ./Drivers/STM32F4xx_HAL_Driver/Src/stm32f4xx_hal_tim.o
                0x0000000008007270                TIM_CCxChannelCmd
 *fill*         0x00000000080072ba        0x2 
 .text.HAL_TIMEx_MasterConfigSynchronization
                0x00000000080072bc       0xf8 ./Drivers/STM32F4xx_HAL_Driver/Src/stm32f4xx_hal_tim_ex.o
                0x00000000080072bc                HAL_TIMEx_MasterConfigSynchronization
 .text.f_receiveWord
                0x00000000080073b4       0x48 ./Mine/Src/ina219.o
 .text.f_sendWord
                0x00000000080073fc       0x44 ./Mine/Src/ina219.o
 .text.f_ina219_HwInit
                0x0000000008007440       0x5c ./Mine/Src/ina219.o
 .text.f_ina219_calibrate
                0x000000000800749c       0x1e ./Mine/Src/ina219.o
 .text.f_ina219_Init
                0x00000000080074ba       0x30 ./Mine/Src/ina219.o
                0x00000000080074ba                f_ina219_Init
 .text.f_ina219_reset
                0x00000000080074ea       0x1e ./Mine/Src/ina219.o
                0x00000000080074ea                f_ina219_reset
 .text.f_ina219_GetPowerInMilis
                0x0000000008007508       0x50 ./Mine/Src/ina219.o
                0x0000000008007508                f_ina219_GetPowerInMilis
 .text.f_ina219_GetBusVoltageInMilis
                0x0000000008007558       0x2c ./Mine/Src/ina219.o
                0x0000000008007558                f_ina219_GetBusVoltageInMilis
 .text.f_SendFrameBufferPage
                0x0000000008007584       0x38 ./Mine/Src/lcd_service.o
 .text.f_lcd_Init
                0x00000000080075bc       0x48 ./Mine/Src/lcd_service.o
                0x00000000080075bc                f_lcd_Init
 .text.f_lcd_Clear
                0x0000000008007604       0x68 ./Mine/Src/lcd_service.o
                0x0000000008007604                f_lcd_Clear
 .text.f_lcd_ClearAll
                0x000000000800766c       0x2e ./Mine/Src/lcd_service.o
                0x000000000800766c                f_lcd_ClearAll
 .text.f_lcd_WriteTxt
                0x000000000800769a       0x88 ./Mine/Src/lcd_service.o
                0x000000000800769a                f_lcd_WriteTxt
 *fill*         0x0000000008007722        0x2 
 .text.f_lcd_DrawRaw
                0x0000000008007724      0x178 ./Mine/Src/lcd_service.o
                0x0000000008007724                f_lcd_DrawRaw
 .text.f_lcd_SendFrameCallback
                0x000000000800789c       0x8c ./Mine/Src/lcd_service.o
                0x000000000800789c                f_lcd_SendFrameCallback
 .text.f_sh1106_HwInit
                0x0000000008007928       0x88 ./Mine/Src/sh1106_hw.o
 .text.f_sh1106_SendData
                0x00000000080079b0       0xa0 ./Mine/Src/sh1106_hw.o
 .text.f_sh1106_Init
                0x0000000008007a50       0x28 ./Mine/Src/sh1106_hw.o
                0x0000000008007a50                f_sh1106_Init
 .text.f_sh1106_cmd_SetColumnAddress
                0x0000000008007a78       0x54 ./Mine/Src/sh1106_hw.o
                0x0000000008007a78                f_sh1106_cmd_SetColumnAddress
 .text.f_sh1106_cmd_SetSegmentDirection
                0x0000000008007acc       0x3a ./Mine/Src/sh1106_hw.o
                0x0000000008007acc                f_sh1106_cmd_SetSegmentDirection
 .text.f_sh1106_cmd_TogglePower
                0x0000000008007b06       0x3a ./Mine/Src/sh1106_hw.o
                0x0000000008007b06                f_sh1106_cmd_TogglePower
 .text.f_sh1106_cmd_SetPageAddress
                0x0000000008007b40       0x44 ./Mine/Src/sh1106_hw.o
                0x0000000008007b40                f_sh1106_cmd_SetPageAddress
 .text.f_sh1106_cmd_SetScanDirection
                0x0000000008007b84       0x3c ./Mine/Src/sh1106_hw.o
                0x0000000008007b84                f_sh1106_cmd_SetScanDirection
 .text.f_sh1106_CS_HIGH
                0x0000000008007bc0       0x1c ./Mine/Src/sh1106_hw.o
                0x0000000008007bc0                f_sh1106_CS_HIGH
 .text.f_sh1106_SendPageData
                0x0000000008007bdc       0x78 ./Mine/Src/sh1106_hw.o
                0x0000000008007bdc                f_sh1106_SendPageData
 .text.HAL_SPI_TxCpltCallback
                0x0000000008007c54       0x20 ./Mine/Src/sh1106_hw.o
                0x0000000008007c54                HAL_SPI_TxCpltCallback
 .text.f_work_motor_InitTimer
                0x0000000008007c74       0x88 ./Mine/Src/work.o
                0x0000000008007c74                f_work_motor_InitTimer
 .text.f_work_motorSet
                0x0000000008007cfc       0x30 ./Mine/Src/work.o
                0x0000000008007cfc                f_work_motorSet
 .text.f_work_motorSetVelocity
                0x0000000008007d2c       0x38 ./Mine/Src/work.o
                0x0000000008007d2c                f_work_motorSetVelocity
 .text.__errno  0x0000000008007d64        0xc c:/program files/stm32cubeide_1.11.2/stm32cubeide/plugins/com.st.stm32cube.ide.mcu.externaltools.gnu-tools-for-stm32.10.3-2021.10.win32_1.0.100.202210260954/tools/bin/../lib/gcc/arm-none-eabi/10.3.1/../../../../arm-none-eabi/lib/thumb/v7e-m+fp/hard\libc_nano.a(lib_a-errno.o)
                0x0000000008007d64                __errno
 .text.__libc_init_array
                0x0000000008007d70       0x48 c:/program files/stm32cubeide_1.11.2/stm32cubeide/plugins/com.st.stm32cube.ide.mcu.externaltools.gnu-tools-for-stm32.10.3-2021.10.win32_1.0.100.202210260954/tools/bin/../lib/gcc/arm-none-eabi/10.3.1/../../../../arm-none-eabi/lib/thumb/v7e-m+fp/hard\libc_nano.a(lib_a-init.o)
                0x0000000008007d70                __libc_init_array
 .text.memset   0x0000000008007db8       0x10 c:/program files/stm32cubeide_1.11.2/stm32cubeide/plugins/com.st.stm32cube.ide.mcu.externaltools.gnu-tools-for-stm32.10.3-2021.10.win32_1.0.100.202210260954/tools/bin/../lib/gcc/arm-none-eabi/10.3.1/../../../../arm-none-eabi/lib/thumb/v7e-m+fp/hard\libc_nano.a(lib_a-memset.o)
                0x0000000008007db8                memset
 .text.__cvt    0x0000000008007dc8       0xc4 c:/program files/stm32cubeide_1.11.2/stm32cubeide/plugins/com.st.stm32cube.ide.mcu.externaltools.gnu-tools-for-stm32.10.3-2021.10.win32_1.0.100.202210260954/tools/bin/../lib/gcc/arm-none-eabi/10.3.1/../../../../arm-none-eabi/lib/thumb/v7e-m+fp/hard\libc_nano.a(lib_a-nano-vfprintf_float.o)
                0x0000000008007dc8                __cvt
 .text.__exponent
                0x0000000008007e8c       0x7c c:/program files/stm32cubeide_1.11.2/stm32cubeide/plugins/com.st.stm32cube.ide.mcu.externaltools.gnu-tools-for-stm32.10.3-2021.10.win32_1.0.100.202210260954/tools/bin/../lib/gcc/arm-none-eabi/10.3.1/../../../../arm-none-eabi/lib/thumb/v7e-m+fp/hard\libc_nano.a(lib_a-nano-vfprintf_float.o)
                0x0000000008007e8c                __exponent
 .text._printf_float
                0x0000000008007f08      0x46c c:/program files/stm32cubeide_1.11.2/stm32cubeide/plugins/com.st.stm32cube.ide.mcu.externaltools.gnu-tools-for-stm32.10.3-2021.10.win32_1.0.100.202210260954/tools/bin/../lib/gcc/arm-none-eabi/10.3.1/../../../../arm-none-eabi/lib/thumb/v7e-m+fp/hard\libc_nano.a(lib_a-nano-vfprintf_float.o)
                0x0000000008007f08                _printf_float
 .text._printf_common
                0x0000000008008374       0xda c:/program files/stm32cubeide_1.11.2/stm32cubeide/plugins/com.st.stm32cube.ide.mcu.externaltools.gnu-tools-for-stm32.10.3-2021.10.win32_1.0.100.202210260954/tools/bin/../lib/gcc/arm-none-eabi/10.3.1/../../../../arm-none-eabi/lib/thumb/v7e-m+fp/hard\libc_nano.a(lib_a-nano-vfprintf_i.o)
                0x0000000008008374                _printf_common
 *fill*         0x000000000800844e        0x2 
 .text._printf_i
                0x0000000008008450      0x24c c:/program files/stm32cubeide_1.11.2/stm32cubeide/plugins/com.st.stm32cube.ide.mcu.externaltools.gnu-tools-for-stm32.10.3-2021.10.win32_1.0.100.202210260954/tools/bin/../lib/gcc/arm-none-eabi/10.3.1/../../../../arm-none-eabi/lib/thumb/v7e-m+fp/hard\libc_nano.a(lib_a-nano-vfprintf_i.o)
                0x0000000008008450                _printf_i
 .text.sprintf  0x000000000800869c       0x40 c:/program files/stm32cubeide_1.11.2/stm32cubeide/plugins/com.st.stm32cube.ide.mcu.externaltools.gnu-tools-for-stm32.10.3-2021.10.win32_1.0.100.202210260954/tools/bin/../lib/gcc/arm-none-eabi/10.3.1/../../../../arm-none-eabi/lib/thumb/v7e-m+fp/hard\libc_nano.a(lib_a-sprintf.o)
                0x000000000800869c                siprintf
                0x000000000800869c                sprintf
 .text.quorem   0x00000000080086dc      0x116 c:/program files/stm32cubeide_1.11.2/stm32cubeide/plugins/com.st.stm32cube.ide.mcu.externaltools.gnu-tools-for-stm32.10.3-2021.10.win32_1.0.100.202210260954/tools/bin/../lib/gcc/arm-none-eabi/10.3.1/../../../../arm-none-eabi/lib/thumb/v7e-m+fp/hard\libc_nano.a(lib_a-dtoa.o)
 *fill*         0x00000000080087f2        0x6 
 .text._dtoa_r  0x00000000080087f8      0xbdc c:/program files/stm32cubeide_1.11.2/stm32cubeide/plugins/com.st.stm32cube.ide.mcu.externaltools.gnu-tools-for-stm32.10.3-2021.10.win32_1.0.100.202210260954/tools/bin/../lib/gcc/arm-none-eabi/10.3.1/../../../../arm-none-eabi/lib/thumb/v7e-m+fp/hard\libc_nano.a(lib_a-dtoa.o)
                0x00000000080087f8                _dtoa_r
 .text._localeconv_r
                0x00000000080093d4        0x8 c:/program files/stm32cubeide_1.11.2/stm32cubeide/plugins/com.st.stm32cube.ide.mcu.externaltools.gnu-tools-for-stm32.10.3-2021.10.win32_1.0.100.202210260954/tools/bin/../lib/gcc/arm-none-eabi/10.3.1/../../../../arm-none-eabi/lib/thumb/v7e-m+fp/hard\libc_nano.a(lib_a-localeconv.o)
                0x00000000080093d4                _localeconv_r
 .text.malloc   0x00000000080093dc       0x10 c:/program files/stm32cubeide_1.11.2/stm32cubeide/plugins/com.st.stm32cube.ide.mcu.externaltools.gnu-tools-for-stm32.10.3-2021.10.win32_1.0.100.202210260954/tools/bin/../lib/gcc/arm-none-eabi/10.3.1/../../../../arm-none-eabi/lib/thumb/v7e-m+fp/hard\libc_nano.a(lib_a-malloc.o)
                0x00000000080093dc                malloc
 .text.memcpy   0x00000000080093ec       0x1c c:/program files/stm32cubeide_1.11.2/stm32cubeide/plugins/com.st.stm32cube.ide.mcu.externaltools.gnu-tools-for-stm32.10.3-2021.10.win32_1.0.100.202210260954/tools/bin/../lib/gcc/arm-none-eabi/10.3.1/../../../../arm-none-eabi/lib/thumb/v7e-m+fp/hard\libc_nano.a(lib_a-memcpy-stub.o)
                0x00000000080093ec                memcpy
 .text._Balloc  0x0000000008009408       0x80 c:/program files/stm32cubeide_1.11.2/stm32cubeide/plugins/com.st.stm32cube.ide.mcu.externaltools.gnu-tools-for-stm32.10.3-2021.10.win32_1.0.100.202210260954/tools/bin/../lib/gcc/arm-none-eabi/10.3.1/../../../../arm-none-eabi/lib/thumb/v7e-m+fp/hard\libc_nano.a(lib_a-mprec.o)
                0x0000000008009408                _Balloc
 .text._Bfree   0x0000000008009488       0x44 c:/program files/stm32cubeide_1.11.2/stm32cubeide/plugins/com.st.stm32cube.ide.mcu.externaltools.gnu-tools-for-stm32.10.3-2021.10.win32_1.0.100.202210260954/tools/bin/../lib/gcc/arm-none-eabi/10.3.1/../../../../arm-none-eabi/lib/thumb/v7e-m+fp/hard\libc_nano.a(lib_a-mprec.o)
                0x0000000008009488                _Bfree
 .text.__multadd
                0x00000000080094cc       0x8c c:/program files/stm32cubeide_1.11.2/stm32cubeide/plugins/com.st.stm32cube.ide.mcu.externaltools.gnu-tools-for-stm32.10.3-2021.10.win32_1.0.100.202210260954/tools/bin/../lib/gcc/arm-none-eabi/10.3.1/../../../../arm-none-eabi/lib/thumb/v7e-m+fp/hard\libc_nano.a(lib_a-mprec.o)
                0x00000000080094cc                __multadd
 .text.__hi0bits
                0x0000000008009558       0x40 c:/program files/stm32cubeide_1.11.2/stm32cubeide/plugins/com.st.stm32cube.ide.mcu.externaltools.gnu-tools-for-stm32.10.3-2021.10.win32_1.0.100.202210260954/tools/bin/../lib/gcc/arm-none-eabi/10.3.1/../../../../arm-none-eabi/lib/thumb/v7e-m+fp/hard\libc_nano.a(lib_a-mprec.o)
                0x0000000008009558                __hi0bits
 .text.__lo0bits
                0x0000000008009598       0x5e c:/program files/stm32cubeide_1.11.2/stm32cubeide/plugins/com.st.stm32cube.ide.mcu.externaltools.gnu-tools-for-stm32.10.3-2021.10.win32_1.0.100.202210260954/tools/bin/../lib/gcc/arm-none-eabi/10.3.1/../../../../arm-none-eabi/lib/thumb/v7e-m+fp/hard\libc_nano.a(lib_a-mprec.o)
                0x0000000008009598                __lo0bits
 *fill*         0x00000000080095f6        0x2 
 .text.__i2b    0x00000000080095f8       0x2c c:/program files/stm32cubeide_1.11.2/stm32cubeide/plugins/com.st.stm32cube.ide.mcu.externaltools.gnu-tools-for-stm32.10.3-2021.10.win32_1.0.100.202210260954/tools/bin/../lib/gcc/arm-none-eabi/10.3.1/../../../../arm-none-eabi/lib/thumb/v7e-m+fp/hard\libc_nano.a(lib_a-mprec.o)
                0x00000000080095f8                __i2b
 .text.__multiply
                0x0000000008009624      0x154 c:/program files/stm32cubeide_1.11.2/stm32cubeide/plugins/com.st.stm32cube.ide.mcu.externaltools.gnu-tools-for-stm32.10.3-2021.10.win32_1.0.100.202210260954/tools/bin/../lib/gcc/arm-none-eabi/10.3.1/../../../../arm-none-eabi/lib/thumb/v7e-m+fp/hard\libc_nano.a(lib_a-mprec.o)
                0x0000000008009624                __multiply
 .text.__pow5mult
                0x0000000008009778       0xb4 c:/program files/stm32cubeide_1.11.2/stm32cubeide/plugins/com.st.stm32cube.ide.mcu.externaltools.gnu-tools-for-stm32.10.3-2021.10.win32_1.0.100.202210260954/tools/bin/../lib/gcc/arm-none-eabi/10.3.1/../../../../arm-none-eabi/lib/thumb/v7e-m+fp/hard\libc_nano.a(lib_a-mprec.o)
                0x0000000008009778                __pow5mult
 .text.__lshift
                0x000000000800982c       0xe0 c:/program files/stm32cubeide_1.11.2/stm32cubeide/plugins/com.st.stm32cube.ide.mcu.externaltools.gnu-tools-for-stm32.10.3-2021.10.win32_1.0.100.202210260954/tools/bin/../lib/gcc/arm-none-eabi/10.3.1/../../../../arm-none-eabi/lib/thumb/v7e-m+fp/hard\libc_nano.a(lib_a-mprec.o)
                0x000000000800982c                __lshift
 .text.__mcmp   0x000000000800990c       0x38 c:/program files/stm32cubeide_1.11.2/stm32cubeide/plugins/com.st.stm32cube.ide.mcu.externaltools.gnu-tools-for-stm32.10.3-2021.10.win32_1.0.100.202210260954/tools/bin/../lib/gcc/arm-none-eabi/10.3.1/../../../../arm-none-eabi/lib/thumb/v7e-m+fp/hard\libc_nano.a(lib_a-mprec.o)
                0x000000000800990c                __mcmp
 .text.__mdiff  0x0000000008009944      0x114 c:/program files/stm32cubeide_1.11.2/stm32cubeide/plugins/com.st.stm32cube.ide.mcu.externaltools.gnu-tools-for-stm32.10.3-2021.10.win32_1.0.100.202210260954/tools/bin/../lib/gcc/arm-none-eabi/10.3.1/../../../../arm-none-eabi/lib/thumb/v7e-m+fp/hard\libc_nano.a(lib_a-mprec.o)
                0x0000000008009944                __mdiff
 .text.__d2b    0x0000000008009a58       0xb8 c:/program files/stm32cubeide_1.11.2/stm32cubeide/plugins/com.st.stm32cube.ide.mcu.externaltools.gnu-tools-for-stm32.10.3-2021.10.win32_1.0.100.202210260954/tools/bin/../lib/gcc/arm-none-eabi/10.3.1/../../../../arm-none-eabi/lib/thumb/v7e-m+fp/hard\libc_nano.a(lib_a-mprec.o)
                0x0000000008009a58                __d2b
 .text._calloc_r
                0x0000000008009b10       0x2c c:/program files/stm32cubeide_1.11.2/stm32cubeide/plugins/com.st.stm32cube.ide.mcu.externaltools.gnu-tools-for-stm32.10.3-2021.10.win32_1.0.100.202210260954/tools/bin/../lib/gcc/arm-none-eabi/10.3.1/../../../../arm-none-eabi/lib/thumb/v7e-m+fp/hard\libc_nano.a(lib_a-nano-callocr.o)
                0x0000000008009b10                _calloc_r
 .text._free_r  0x0000000008009b3c       0x98 c:/program files/stm32cubeide_1.11.2/stm32cubeide/plugins/com.st.stm32cube.ide.mcu.externaltools.gnu-tools-for-stm32.10.3-2021.10.win32_1.0.100.202210260954/tools/bin/../lib/gcc/arm-none-eabi/10.3.1/../../../../arm-none-eabi/lib/thumb/v7e-m+fp/hard\libc_nano.a(lib_a-nano-freer.o)
                0x0000000008009b3c                _free_r
 .text.sbrk_aligned
                0x0000000008009bd4       0x40 c:/program files/stm32cubeide_1.11.2/stm32cubeide/plugins/com.st.stm32cube.ide.mcu.externaltools.gnu-tools-for-stm32.10.3-2021.10.win32_1.0.100.202210260954/tools/bin/../lib/gcc/arm-none-eabi/10.3.1/../../../../arm-none-eabi/lib/thumb/v7e-m+fp/hard\libc_nano.a(lib_a-nano-mallocr.o)
 .text._malloc_r
                0x0000000008009c14       0xe8 c:/program files/stm32cubeide_1.11.2/stm32cubeide/plugins/com.st.stm32cube.ide.mcu.externaltools.gnu-tools-for-stm32.10.3-2021.10.win32_1.0.100.202210260954/tools/bin/../lib/gcc/arm-none-eabi/10.3.1/../../../../arm-none-eabi/lib/thumb/v7e-m+fp/hard\libc_nano.a(lib_a-nano-mallocr.o)
                0x0000000008009c14                _malloc_r
 .text.__ssputs_r
                0x0000000008009cfc       0xb6 c:/program files/stm32cubeide_1.11.2/stm32cubeide/plugins/com.st.stm32cube.ide.mcu.externaltools.gnu-tools-for-stm32.10.3-2021.10.win32_1.0.100.202210260954/tools/bin/../lib/gcc/arm-none-eabi/10.3.1/../../../../arm-none-eabi/lib/thumb/v7e-m+fp/hard\libc_nano.a(lib_a-nano-svfprintf.o)
                0x0000000008009cfc                __ssputs_r
 *fill*         0x0000000008009db2        0x2 
 .text._svfprintf_r
                0x0000000008009db4      0x200 c:/program files/stm32cubeide_1.11.2/stm32cubeide/plugins/com.st.stm32cube.ide.mcu.externaltools.gnu-tools-for-stm32.10.3-2021.10.win32_1.0.100.202210260954/tools/bin/../lib/gcc/arm-none-eabi/10.3.1/../../../../arm-none-eabi/lib/thumb/v7e-m+fp/hard\libc_nano.a(lib_a-nano-svfprintf.o)
                0x0000000008009db4                _svfiprintf_r
                0x0000000008009db4                _svfprintf_r
 .text._sbrk_r  0x0000000008009fb4       0x20 c:/program files/stm32cubeide_1.11.2/stm32cubeide/plugins/com.st.stm32cube.ide.mcu.externaltools.gnu-tools-for-stm32.10.3-2021.10.win32_1.0.100.202210260954/tools/bin/../lib/gcc/arm-none-eabi/10.3.1/../../../../arm-none-eabi/lib/thumb/v7e-m+fp/hard\libc_nano.a(lib_a-sbrkr.o)
                0x0000000008009fb4                _sbrk_r
 .text.__assert_func
                0x0000000008009fd4       0x3c c:/program files/stm32cubeide_1.11.2/stm32cubeide/plugins/com.st.stm32cube.ide.mcu.externaltools.gnu-tools-for-stm32.10.3-2021.10.win32_1.0.100.202210260954/tools/bin/../lib/gcc/arm-none-eabi/10.3.1/../../../../arm-none-eabi/lib/thumb/v7e-m+fp/hard\libc_nano.a(lib_a-assert.o)
                0x0000000008009fd4                __assert_func
 .text.fprintf  0x000000000800a010       0x24 c:/program files/stm32cubeide_1.11.2/stm32cubeide/plugins/com.st.stm32cube.ide.mcu.externaltools.gnu-tools-for-stm32.10.3-2021.10.win32_1.0.100.202210260954/tools/bin/../lib/gcc/arm-none-eabi/10.3.1/../../../../arm-none-eabi/lib/thumb/v7e-m+fp/hard\libc_nano.a(lib_a-fprintf.o)
                0x000000000800a010                fiprintf
                0x000000000800a010                fprintf
 .text.__ascii_mbtowc
                0x000000000800a034       0x24 c:/program files/stm32cubeide_1.11.2/stm32cubeide/plugins/com.st.stm32cube.ide.mcu.externaltools.gnu-tools-for-stm32.10.3-2021.10.win32_1.0.100.202210260954/tools/bin/../lib/gcc/arm-none-eabi/10.3.1/../../../../arm-none-eabi/lib/thumb/v7e-m+fp/hard\libc_nano.a(lib_a-mbtowc_r.o)
                0x000000000800a034                __ascii_mbtowc
 .text.memmove  0x000000000800a058       0x34 c:/program files/stm32cubeide_1.11.2/stm32cubeide/plugins/com.st.stm32cube.ide.mcu.externaltools.gnu-tools-for-stm32.10.3-2021.10.win32_1.0.100.202210260954/tools/bin/../lib/gcc/arm-none-eabi/10.3.1/../../../../arm-none-eabi/lib/thumb/v7e-m+fp/hard\libc_nano.a(lib_a-memmove.o)
                0x000000000800a058                memmove
 .text.__malloc_lock
                0x000000000800a08c        0xc c:/program files/stm32cubeide_1.11.2/stm32cubeide/plugins/com.st.stm32cube.ide.mcu.externaltools.gnu-tools-for-stm32.10.3-2021.10.win32_1.0.100.202210260954/tools/bin/../lib/gcc/arm-none-eabi/10.3.1/../../../../arm-none-eabi/lib/thumb/v7e-m+fp/hard\libc_nano.a(lib_a-mlock.o)
                0x000000000800a08c                __malloc_lock
 .text.__malloc_unlock
                0x000000000800a098        0xc c:/program files/stm32cubeide_1.11.2/stm32cubeide/plugins/com.st.stm32cube.ide.mcu.externaltools.gnu-tools-for-stm32.10.3-2021.10.win32_1.0.100.202210260954/tools/bin/../lib/gcc/arm-none-eabi/10.3.1/../../../../arm-none-eabi/lib/thumb/v7e-m+fp/hard\libc_nano.a(lib_a-mlock.o)
                0x000000000800a098                __malloc_unlock
 .text._realloc_r
                0x000000000800a0a4       0x5e c:/program files/stm32cubeide_1.11.2/stm32cubeide/plugins/com.st.stm32cube.ide.mcu.externaltools.gnu-tools-for-stm32.10.3-2021.10.win32_1.0.100.202210260954/tools/bin/../lib/gcc/arm-none-eabi/10.3.1/../../../../arm-none-eabi/lib/thumb/v7e-m+fp/hard\libc_nano.a(lib_a-nano-reallocr.o)
                0x000000000800a0a4                _realloc_r
 .text.__sfputc_r
                0x000000000800a102       0x2e c:/program files/stm32cubeide_1.11.2/stm32cubeide/plugins/com.st.stm32cube.ide.mcu.externaltools.gnu-tools-for-stm32.10.3-2021.10.win32_1.0.100.202210260954/tools/bin/../lib/gcc/arm-none-eabi/10.3.1/../../../../arm-none-eabi/lib/thumb/v7e-m+fp/hard\libc_nano.a(lib_a-nano-vfprintf.o)
 .text.__sfputs_r
                0x000000000800a130       0x24 c:/program files/stm32cubeide_1.11.2/stm32cubeide/plugins/com.st.stm32cube.ide.mcu.externaltools.gnu-tools-for-stm32.10.3-2021.10.win32_1.0.100.202210260954/tools/bin/../lib/gcc/arm-none-eabi/10.3.1/../../../../arm-none-eabi/lib/thumb/v7e-m+fp/hard\libc_nano.a(lib_a-nano-vfprintf.o)
                0x000000000800a130                __sfputs_r
 .text._vfprintf_r
                0x000000000800a154      0x260 c:/program files/stm32cubeide_1.11.2/stm32cubeide/plugins/com.st.stm32cube.ide.mcu.externaltools.gnu-tools-for-stm32.10.3-2021.10.win32_1.0.100.202210260954/tools/bin/../lib/gcc/arm-none-eabi/10.3.1/../../../../arm-none-eabi/lib/thumb/v7e-m+fp/hard\libc_nano.a(lib_a-nano-vfprintf.o)
                0x000000000800a154                _vfprintf_r
                0x000000000800a154                _vfiprintf_r
 .text.__swbuf_r
                0x000000000800a3b4       0xa4 c:/program files/stm32cubeide_1.11.2/stm32cubeide/plugins/com.st.stm32cube.ide.mcu.externaltools.gnu-tools-for-stm32.10.3-2021.10.win32_1.0.100.202210260954/tools/bin/../lib/gcc/arm-none-eabi/10.3.1/../../../../arm-none-eabi/lib/thumb/v7e-m+fp/hard\libc_nano.a(lib_a-wbuf.o)
                0x000000000800a3b4                __swbuf_r
 .text.__ascii_wctomb
                0x000000000800a458       0x1a c:/program files/stm32cubeide_1.11.2/stm32cubeide/plugins/com.st.stm32cube.ide.mcu.externaltools.gnu-tools-for-stm32.10.3-2021.10.win32_1.0.100.202210260954/tools/bin/../lib/gcc/arm-none-eabi/10.3.1/../../../../arm-none-eabi/lib/thumb/v7e-m+fp/hard\libc_nano.a(lib_a-wctomb_r.o)
                0x000000000800a458                __ascii_wctomb
 *fill*         0x000000000800a472        0x2 
 .text.__swsetup_r
                0x000000000800a474       0xdc c:/program files/stm32cubeide_1.11.2/stm32cubeide/plugins/com.st.stm32cube.ide.mcu.externaltools.gnu-tools-for-stm32.10.3-2021.10.win32_1.0.100.202210260954/tools/bin/../lib/gcc/arm-none-eabi/10.3.1/../../../../arm-none-eabi/lib/thumb/v7e-m+fp/hard\libc_nano.a(lib_a-wsetup.o)
                0x000000000800a474                __swsetup_r
 .text.abort    0x000000000800a550        0xe c:/program files/stm32cubeide_1.11.2/stm32cubeide/plugins/com.st.stm32cube.ide.mcu.externaltools.gnu-tools-for-stm32.10.3-2021.10.win32_1.0.100.202210260954/tools/bin/../lib/gcc/arm-none-eabi/10.3.1/../../../../arm-none-eabi/lib/thumb/v7e-m+fp/hard\libc_nano.a(lib_a-abort.o)
                0x000000000800a550                abort
 *fill*         0x000000000800a55e        0x2 
 .text.__sflush_r
                0x000000000800a560      0x10c c:/program files/stm32cubeide_1.11.2/stm32cubeide/plugins/com.st.stm32cube.ide.mcu.externaltools.gnu-tools-for-stm32.10.3-2021.10.win32_1.0.100.202210260954/tools/bin/../lib/gcc/arm-none-eabi/10.3.1/../../../../arm-none-eabi/lib/thumb/v7e-m+fp/hard\libc_nano.a(lib_a-fflush.o)
                0x000000000800a560                __sflush_r
 .text._fflush_r
                0x000000000800a66c       0x78 c:/program files/stm32cubeide_1.11.2/stm32cubeide/plugins/com.st.stm32cube.ide.mcu.externaltools.gnu-tools-for-stm32.10.3-2021.10.win32_1.0.100.202210260954/tools/bin/../lib/gcc/arm-none-eabi/10.3.1/../../../../arm-none-eabi/lib/thumb/v7e-m+fp/hard\libc_nano.a(lib_a-fflush.o)
                0x000000000800a66c                _fflush_r
 .text.std      0x000000000800a6e4       0x48 c:/program files/stm32cubeide_1.11.2/stm32cubeide/plugins/com.st.stm32cube.ide.mcu.externaltools.gnu-tools-for-stm32.10.3-2021.10.win32_1.0.100.202210260954/tools/bin/../lib/gcc/arm-none-eabi/10.3.1/../../../../arm-none-eabi/lib/thumb/v7e-m+fp/hard\libc_nano.a(lib_a-findfp.o)
 .text._cleanup_r
                0x000000000800a72c        0xc c:/program files/stm32cubeide_1.11.2/stm32cubeide/plugins/com.st.stm32cube.ide.mcu.externaltools.gnu-tools-for-stm32.10.3-2021.10.win32_1.0.100.202210260954/tools/bin/../lib/gcc/arm-none-eabi/10.3.1/../../../../arm-none-eabi/lib/thumb/v7e-m+fp/hard\libc_nano.a(lib_a-findfp.o)
                0x000000000800a72c                _cleanup_r
 .text.__sfmoreglue
                0x000000000800a738       0x2c c:/program files/stm32cubeide_1.11.2/stm32cubeide/plugins/com.st.stm32cube.ide.mcu.externaltools.gnu-tools-for-stm32.10.3-2021.10.win32_1.0.100.202210260954/tools/bin/../lib/gcc/arm-none-eabi/10.3.1/../../../../arm-none-eabi/lib/thumb/v7e-m+fp/hard\libc_nano.a(lib_a-findfp.o)
                0x000000000800a738                __sfmoreglue
 .text.__sfp_lock_acquire
                0x000000000800a764        0xc c:/program files/stm32cubeide_1.11.2/stm32cubeide/plugins/com.st.stm32cube.ide.mcu.externaltools.gnu-tools-for-stm32.10.3-2021.10.win32_1.0.100.202210260954/tools/bin/../lib/gcc/arm-none-eabi/10.3.1/../../../../arm-none-eabi/lib/thumb/v7e-m+fp/hard\libc_nano.a(lib_a-findfp.o)
                0x000000000800a764                __sfp_lock_acquire
 .text.__sfp_lock_release
                0x000000000800a770        0xc c:/program files/stm32cubeide_1.11.2/stm32cubeide/plugins/com.st.stm32cube.ide.mcu.externaltools.gnu-tools-for-stm32.10.3-2021.10.win32_1.0.100.202210260954/tools/bin/../lib/gcc/arm-none-eabi/10.3.1/../../../../arm-none-eabi/lib/thumb/v7e-m+fp/hard\libc_nano.a(lib_a-findfp.o)
                0x000000000800a770                __sfp_lock_release
 .text.__sinit_lock_acquire
                0x000000000800a77c        0xc c:/program files/stm32cubeide_1.11.2/stm32cubeide/plugins/com.st.stm32cube.ide.mcu.externaltools.gnu-tools-for-stm32.10.3-2021.10.win32_1.0.100.202210260954/tools/bin/../lib/gcc/arm-none-eabi/10.3.1/../../../../arm-none-eabi/lib/thumb/v7e-m+fp/hard\libc_nano.a(lib_a-findfp.o)
                0x000000000800a77c                __sinit_lock_acquire
 .text.__sinit_lock_release
                0x000000000800a788        0xc c:/program files/stm32cubeide_1.11.2/stm32cubeide/plugins/com.st.stm32cube.ide.mcu.externaltools.gnu-tools-for-stm32.10.3-2021.10.win32_1.0.100.202210260954/tools/bin/../lib/gcc/arm-none-eabi/10.3.1/../../../../arm-none-eabi/lib/thumb/v7e-m+fp/hard\libc_nano.a(lib_a-findfp.o)
                0x000000000800a788                __sinit_lock_release
 .text.__sinit  0x000000000800a794       0x70 c:/program files/stm32cubeide_1.11.2/stm32cubeide/plugins/com.st.stm32cube.ide.mcu.externaltools.gnu-tools-for-stm32.10.3-2021.10.win32_1.0.100.202210260954/tools/bin/../lib/gcc/arm-none-eabi/10.3.1/../../../../arm-none-eabi/lib/thumb/v7e-m+fp/hard\libc_nano.a(lib_a-findfp.o)
                0x000000000800a794                __sinit
 .text.__sfp    0x000000000800a804       0x8c c:/program files/stm32cubeide_1.11.2/stm32cubeide/plugins/com.st.stm32cube.ide.mcu.externaltools.gnu-tools-for-stm32.10.3-2021.10.win32_1.0.100.202210260954/tools/bin/../lib/gcc/arm-none-eabi/10.3.1/../../../../arm-none-eabi/lib/thumb/v7e-m+fp/hard\libc_nano.a(lib_a-findfp.o)
                0x000000000800a804                __sfp
 .text._fwalk_reent
                0x000000000800a890       0x3e c:/program files/stm32cubeide_1.11.2/stm32cubeide/plugins/com.st.stm32cube.ide.mcu.externaltools.gnu-tools-for-stm32.10.3-2021.10.win32_1.0.100.202210260954/tools/bin/../lib/gcc/arm-none-eabi/10.3.1/../../../../arm-none-eabi/lib/thumb/v7e-m+fp/hard\libc_nano.a(lib_a-fwalk.o)
                0x000000000800a890                _fwalk_reent
 .text.__retarget_lock_init_recursive
                0x000000000800a8ce        0x2 c:/program files/stm32cubeide_1.11.2/stm32cubeide/plugins/com.st.stm32cube.ide.mcu.externaltools.gnu-tools-for-stm32.10.3-2021.10.win32_1.0.100.202210260954/tools/bin/../lib/gcc/arm-none-eabi/10.3.1/../../../../arm-none-eabi/lib/thumb/v7e-m+fp/hard\libc_nano.a(lib_a-lock.o)
                0x000000000800a8ce                __retarget_lock_init_recursive
 .text.__retarget_lock_acquire_recursive
                0x000000000800a8d0        0x2 c:/program files/stm32cubeide_1.11.2/stm32cubeide/plugins/com.st.stm32cube.ide.mcu.externaltools.gnu-tools-for-stm32.10.3-2021.10.win32_1.0.100.202210260954/tools/bin/../lib/gcc/arm-none-eabi/10.3.1/../../../../arm-none-eabi/lib/thumb/v7e-m+fp/hard\libc_nano.a(lib_a-lock.o)
                0x000000000800a8d0                __retarget_lock_acquire_recursive
 .text.__retarget_lock_release_recursive
                0x000000000800a8d2        0x2 c:/program files/stm32cubeide_1.11.2/stm32cubeide/plugins/com.st.stm32cube.ide.mcu.externaltools.gnu-tools-for-stm32.10.3-2021.10.win32_1.0.100.202210260954/tools/bin/../lib/gcc/arm-none-eabi/10.3.1/../../../../arm-none-eabi/lib/thumb/v7e-m+fp/hard\libc_nano.a(lib_a-lock.o)
                0x000000000800a8d2                __retarget_lock_release_recursive
 .text.__swhatbuf_r
                0x000000000800a8d4       0x4a c:/program files/stm32cubeide_1.11.2/stm32cubeide/plugins/com.st.stm32cube.ide.mcu.externaltools.gnu-tools-for-stm32.10.3-2021.10.win32_1.0.100.202210260954/tools/bin/../lib/gcc/arm-none-eabi/10.3.1/../../../../arm-none-eabi/lib/thumb/v7e-m+fp/hard\libc_nano.a(lib_a-makebuf.o)
                0x000000000800a8d4                __swhatbuf_r
 *fill*         0x000000000800a91e        0x2 
 .text.__smakebuf_r
                0x000000000800a920       0x80 c:/program files/stm32cubeide_1.11.2/stm32cubeide/plugins/com.st.stm32cube.ide.mcu.externaltools.gnu-tools-for-stm32.10.3-2021.10.win32_1.0.100.202210260954/tools/bin/../lib/gcc/arm-none-eabi/10.3.1/../../../../arm-none-eabi/lib/thumb/v7e-m+fp/hard\libc_nano.a(lib_a-makebuf.o)
                0x000000000800a920                __smakebuf_r
 .text._malloc_usable_size_r
                0x000000000800a9a0       0x10 c:/program files/stm32cubeide_1.11.2/stm32cubeide/plugins/com.st.stm32cube.ide.mcu.externaltools.gnu-tools-for-stm32.10.3-2021.10.win32_1.0.100.202210260954/tools/bin/../lib/gcc/arm-none-eabi/10.3.1/../../../../arm-none-eabi/lib/thumb/v7e-m+fp/hard\libc_nano.a(lib_a-nano-msizer.o)
                0x000000000800a9a0                _malloc_usable_size_r
 .text._raise_r
                0x000000000800a9b0       0x50 c:/program files/stm32cubeide_1.11.2/stm32cubeide/plugins/com.st.stm32cube.ide.mcu.externaltools.gnu-tools-for-stm32.10.3-2021.10.win32_1.0.100.202210260954/tools/bin/../lib/gcc/arm-none-eabi/10.3.1/../../../../arm-none-eabi/lib/thumb/v7e-m+fp/hard\libc_nano.a(lib_a-signal.o)
                0x000000000800a9b0                _raise_r
 .text.raise    0x000000000800aa00       0x10 c:/program files/stm32cubeide_1.11.2/stm32cubeide/plugins/com.st.stm32cube.ide.mcu.externaltools.gnu-tools-for-stm32.10.3-2021.10.win32_1.0.100.202210260954/tools/bin/../lib/gcc/arm-none-eabi/10.3.1/../../../../arm-none-eabi/lib/thumb/v7e-m+fp/hard\libc_nano.a(lib_a-signal.o)
                0x000000000800aa00                raise
 .text._kill_r  0x000000000800aa10       0x24 c:/program files/stm32cubeide_1.11.2/stm32cubeide/plugins/com.st.stm32cube.ide.mcu.externaltools.gnu-tools-for-stm32.10.3-2021.10.win32_1.0.100.202210260954/tools/bin/../lib/gcc/arm-none-eabi/10.3.1/../../../../arm-none-eabi/lib/thumb/v7e-m+fp/hard\libc_nano.a(lib_a-signalr.o)
                0x000000000800aa10                _kill_r
 .text._getpid_r
                0x000000000800aa34        0x4 c:/program files/stm32cubeide_1.11.2/stm32cubeide/plugins/com.st.stm32cube.ide.mcu.externaltools.gnu-tools-for-stm32.10.3-2021.10.win32_1.0.100.202210260954/tools/bin/../lib/gcc/arm-none-eabi/10.3.1/../../../../arm-none-eabi/lib/thumb/v7e-m+fp/hard\libc_nano.a(lib_a-signalr.o)
                0x000000000800aa34                _getpid_r
 .text.__sread  0x000000000800aa38       0x22 c:/program files/stm32cubeide_1.11.2/stm32cubeide/plugins/com.st.stm32cube.ide.mcu.externaltools.gnu-tools-for-stm32.10.3-2021.10.win32_1.0.100.202210260954/tools/bin/../lib/gcc/arm-none-eabi/10.3.1/../../../../arm-none-eabi/lib/thumb/v7e-m+fp/hard\libc_nano.a(lib_a-stdio.o)
                0x000000000800aa38                __sread
 .text.__swrite
                0x000000000800aa5a       0x38 c:/program files/stm32cubeide_1.11.2/stm32cubeide/plugins/com.st.stm32cube.ide.mcu.externaltools.gnu-tools-for-stm32.10.3-2021.10.win32_1.0.100.202210260954/tools/bin/../lib/gcc/arm-none-eabi/10.3.1/../../../../arm-none-eabi/lib/thumb/v7e-m+fp/hard\libc_nano.a(lib_a-stdio.o)
                0x000000000800aa5a                __swrite
 .text.__sseek  0x000000000800aa92       0x24 c:/program files/stm32cubeide_1.11.2/stm32cubeide/plugins/com.st.stm32cube.ide.mcu.externaltools.gnu-tools-for-stm32.10.3-2021.10.win32_1.0.100.202210260954/tools/bin/../lib/gcc/arm-none-eabi/10.3.1/../../../../arm-none-eabi/lib/thumb/v7e-m+fp/hard\libc_nano.a(lib_a-stdio.o)
                0x000000000800aa92                __sseek
 .text.__sclose
                0x000000000800aab6        0x8 c:/program files/stm32cubeide_1.11.2/stm32cubeide/plugins/com.st.stm32cube.ide.mcu.externaltools.gnu-tools-for-stm32.10.3-2021.10.win32_1.0.100.202210260954/tools/bin/../lib/gcc/arm-none-eabi/10.3.1/../../../../arm-none-eabi/lib/thumb/v7e-m+fp/hard\libc_nano.a(lib_a-stdio.o)
                0x000000000800aab6                __sclose
 *fill*         0x000000000800aabe        0x2 
 .text._write_r
                0x000000000800aac0       0x24 c:/program files/stm32cubeide_1.11.2/stm32cubeide/plugins/com.st.stm32cube.ide.mcu.externaltools.gnu-tools-for-stm32.10.3-2021.10.win32_1.0.100.202210260954/tools/bin/../lib/gcc/arm-none-eabi/10.3.1/../../../../arm-none-eabi/lib/thumb/v7e-m+fp/hard\libc_nano.a(lib_a-writer.o)
                0x000000000800aac0                _write_r
 .text._close_r
                0x000000000800aae4       0x20 c:/program files/stm32cubeide_1.11.2/stm32cubeide/plugins/com.st.stm32cube.ide.mcu.externaltools.gnu-tools-for-stm32.10.3-2021.10.win32_1.0.100.202210260954/tools/bin/../lib/gcc/arm-none-eabi/10.3.1/../../../../arm-none-eabi/lib/thumb/v7e-m+fp/hard\libc_nano.a(lib_a-closer.o)
                0x000000000800aae4                _close_r
 .text._fstat_r
                0x000000000800ab04       0x24 c:/program files/stm32cubeide_1.11.2/stm32cubeide/plugins/com.st.stm32cube.ide.mcu.externaltools.gnu-tools-for-stm32.10.3-2021.10.win32_1.0.100.202210260954/tools/bin/../lib/gcc/arm-none-eabi/10.3.1/../../../../arm-none-eabi/lib/thumb/v7e-m+fp/hard\libc_nano.a(lib_a-fstatr.o)
                0x000000000800ab04                _fstat_r
 .text._isatty_r
                0x000000000800ab28       0x20 c:/program files/stm32cubeide_1.11.2/stm32cubeide/plugins/com.st.stm32cube.ide.mcu.externaltools.gnu-tools-for-stm32.10.3-2021.10.win32_1.0.100.202210260954/tools/bin/../lib/gcc/arm-none-eabi/10.3.1/../../../../arm-none-eabi/lib/thumb/v7e-m+fp/hard\libc_nano.a(lib_a-isattyr.o)
                0x000000000800ab28                _isatty_r
 .text._lseek_r
                0x000000000800ab48       0x24 c:/program files/stm32cubeide_1.11.2/stm32cubeide/plugins/com.st.stm32cube.ide.mcu.externaltools.gnu-tools-for-stm32.10.3-2021.10.win32_1.0.100.202210260954/tools/bin/../lib/gcc/arm-none-eabi/10.3.1/../../../../arm-none-eabi/lib/thumb/v7e-m+fp/hard\libc_nano.a(lib_a-lseekr.o)
                0x000000000800ab48                _lseek_r
 .text._read_r  0x000000000800ab6c       0x24 c:/program files/stm32cubeide_1.11.2/stm32cubeide/plugins/com.st.stm32cube.ide.mcu.externaltools.gnu-tools-for-stm32.10.3-2021.10.win32_1.0.100.202210260954/tools/bin/../lib/gcc/arm-none-eabi/10.3.1/../../../../arm-none-eabi/lib/thumb/v7e-m+fp/hard\libc_nano.a(lib_a-readr.o)
                0x000000000800ab6c                _read_r
 *(.glue_7)
 .glue_7        0x000000000800ab90        0x0 linker stubs
 *(.glue_7t)
 .glue_7t       0x000000000800ab90        0x0 linker stubs
 *(.eh_frame)
 .eh_frame      0x000000000800ab90        0x0 c:/program files/stm32cubeide_1.11.2/stm32cubeide/plugins/com.st.stm32cube.ide.mcu.externaltools.gnu-tools-for-stm32.10.3-2021.10.win32_1.0.100.202210260954/tools/bin/../lib/gcc/arm-none-eabi/10.3.1/thumb/v7e-m+fp/hard/crtbegin.o
 *(.init)
 .init          0x000000000800ab90        0x4 c:/program files/stm32cubeide_1.11.2/stm32cubeide/plugins/com.st.stm32cube.ide.mcu.externaltools.gnu-tools-for-stm32.10.3-2021.10.win32_1.0.100.202210260954/tools/bin/../lib/gcc/arm-none-eabi/10.3.1/thumb/v7e-m+fp/hard/crti.o
                0x000000000800ab90                _init
 .init          0x000000000800ab94        0x8 c:/program files/stm32cubeide_1.11.2/stm32cubeide/plugins/com.st.stm32cube.ide.mcu.externaltools.gnu-tools-for-stm32.10.3-2021.10.win32_1.0.100.202210260954/tools/bin/../lib/gcc/arm-none-eabi/10.3.1/thumb/v7e-m+fp/hard/crtn.o
 *(.fini)
 .fini          0x000000000800ab9c        0x4 c:/program files/stm32cubeide_1.11.2/stm32cubeide/plugins/com.st.stm32cube.ide.mcu.externaltools.gnu-tools-for-stm32.10.3-2021.10.win32_1.0.100.202210260954/tools/bin/../lib/gcc/arm-none-eabi/10.3.1/thumb/v7e-m+fp/hard/crti.o
                0x000000000800ab9c                _fini
 .fini          0x000000000800aba0        0x8 c:/program files/stm32cubeide_1.11.2/stm32cubeide/plugins/com.st.stm32cube.ide.mcu.externaltools.gnu-tools-for-stm32.10.3-2021.10.win32_1.0.100.202210260954/tools/bin/../lib/gcc/arm-none-eabi/10.3.1/thumb/v7e-m+fp/hard/crtn.o
                0x000000000800aba8                . = ALIGN (0x4)
                0x000000000800aba8                _etext = .

.vfp11_veneer   0x000000000800aba8        0x0
 .vfp11_veneer  0x000000000800aba8        0x0 linker stubs

.v4_bx          0x000000000800aba8        0x0
 .v4_bx         0x000000000800aba8        0x0 linker stubs

.iplt           0x000000000800aba8        0x0
 .iplt          0x000000000800aba8        0x0 c:/program files/stm32cubeide_1.11.2/stm32cubeide/plugins/com.st.stm32cube.ide.mcu.externaltools.gnu-tools-for-stm32.10.3-2021.10.win32_1.0.100.202210260954/tools/bin/../lib/gcc/arm-none-eabi/10.3.1/thumb/v7e-m+fp/hard/crtbegin.o

.rodata         0x000000000800aba8     0x114c
                0x000000000800aba8                . = ALIGN (0x4)
 *(.rodata)
 .rodata        0x000000000800aba8       0x29 ./Core/Src/main.o
 *(.rodata*)
 *fill*         0x000000000800abd1        0x3 
 .rodata.AHBPrescTable
                0x000000000800abd4       0x10 ./Core/Src/system_stm32f4xx.o
                0x000000000800abd4                AHBPrescTable
 .rodata.APBPrescTable
                0x000000000800abe4        0x8 ./Core/Src/system_stm32f4xx.o
                0x000000000800abe4                APBPrescTable
 .rodata.flagBitshiftOffset.0
                0x000000000800abec        0x8 ./Drivers/STM32F4xx_HAL_Driver/Src/stm32f4xx_hal_dma.o
 .rodata.image_data_test2_0x20
                0x000000000800abf4        0x6 ./Mine/Src/font_ms_sans.o
 *fill*         0x000000000800abfa        0x2 
 .rodata.test2_0x20
                0x000000000800abfc        0xc ./Mine/Src/font_ms_sans.o
 .rodata.image_data_test2_0x21
                0x000000000800ac08        0x6 ./Mine/Src/font_ms_sans.o
 *fill*         0x000000000800ac0e        0x2 
 .rodata.test2_0x21
                0x000000000800ac10        0xc ./Mine/Src/font_ms_sans.o
 .rodata.image_data_test2_0x22
                0x000000000800ac1c        0xc ./Mine/Src/font_ms_sans.o
 .rodata.test2_0x22
                0x000000000800ac28        0xc ./Mine/Src/font_ms_sans.o
 .rodata.image_data_test2_0x23
                0x000000000800ac34       0x10 ./Mine/Src/font_ms_sans.o
 .rodata.test2_0x23
                0x000000000800ac44        0xc ./Mine/Src/font_ms_sans.o
 .rodata.image_data_test2_0x24
                0x000000000800ac50        0xe ./Mine/Src/font_ms_sans.o
 *fill*         0x000000000800ac5e        0x2 
 .rodata.test2_0x24
                0x000000000800ac60        0xc ./Mine/Src/font_ms_sans.o
 .rodata.image_data_test2_0x25
                0x000000000800ac6c       0x18 ./Mine/Src/font_ms_sans.o
 .rodata.test2_0x25
                0x000000000800ac84        0xc ./Mine/Src/font_ms_sans.o
 .rodata.image_data_test2_0x26
                0x000000000800ac90       0x12 ./Mine/Src/font_ms_sans.o
 *fill*         0x000000000800aca2        0x2 
 .rodata.test2_0x26
                0x000000000800aca4        0xc ./Mine/Src/font_ms_sans.o
 .rodata.image_data_test2_0x27
                0x000000000800acb0        0x6 ./Mine/Src/font_ms_sans.o
 *fill*         0x000000000800acb6        0x2 
 .rodata.test2_0x27
                0x000000000800acb8        0xc ./Mine/Src/font_ms_sans.o
 .rodata.image_data_test2_0x28
                0x000000000800acc4        0x8 ./Mine/Src/font_ms_sans.o
 .rodata.test2_0x28
                0x000000000800accc        0xc ./Mine/Src/font_ms_sans.o
 .rodata.image_data_test2_0x29
                0x000000000800acd8        0x8 ./Mine/Src/font_ms_sans.o
 .rodata.test2_0x29
                0x000000000800ace0        0xc ./Mine/Src/font_ms_sans.o
 .rodata.image_data_test2_0x2a
                0x000000000800acec        0xa ./Mine/Src/font_ms_sans.o
 *fill*         0x000000000800acf6        0x2 
 .rodata.test2_0x2a
                0x000000000800acf8        0xc ./Mine/Src/font_ms_sans.o
 .rodata.image_data_test2_0x2b
                0x000000000800ad04        0xe ./Mine/Src/font_ms_sans.o
 *fill*         0x000000000800ad12        0x2 
 .rodata.test2_0x2b
                0x000000000800ad14        0xc ./Mine/Src/font_ms_sans.o
 .rodata.image_data_test2_0x2c
                0x000000000800ad20        0x6 ./Mine/Src/font_ms_sans.o
 *fill*         0x000000000800ad26        0x2 
 .rodata.test2_0x2c
                0x000000000800ad28        0xc ./Mine/Src/font_ms_sans.o
 .rodata.image_data_test2_0x2d
                0x000000000800ad34        0x8 ./Mine/Src/font_ms_sans.o
 .rodata.test2_0x2d
                0x000000000800ad3c        0xc ./Mine/Src/font_ms_sans.o
 .rodata.image_data_test2_0x2e
                0x000000000800ad48        0x6 ./Mine/Src/font_ms_sans.o
 *fill*         0x000000000800ad4e        0x2 
 .rodata.test2_0x2e
                0x000000000800ad50        0xc ./Mine/Src/font_ms_sans.o
 .rodata.image_data_test2_0x2f
                0x000000000800ad5c        0xc ./Mine/Src/font_ms_sans.o
 .rodata.test2_0x2f
                0x000000000800ad68        0xc ./Mine/Src/font_ms_sans.o
 .rodata.image_data_test2_0x30
                0x000000000800ad74        0xe ./Mine/Src/font_ms_sans.o
 *fill*         0x000000000800ad82        0x2 
 .rodata.test2_0x30
                0x000000000800ad84        0xc ./Mine/Src/font_ms_sans.o
 .rodata.image_data_test2_0x31
                0x000000000800ad90        0xe ./Mine/Src/font_ms_sans.o
 *fill*         0x000000000800ad9e        0x2 
 .rodata.test2_0x31
                0x000000000800ada0        0xc ./Mine/Src/font_ms_sans.o
 .rodata.image_data_test2_0x32
                0x000000000800adac        0xe ./Mine/Src/font_ms_sans.o
 *fill*         0x000000000800adba        0x2 
 .rodata.test2_0x32
                0x000000000800adbc        0xc ./Mine/Src/font_ms_sans.o
 .rodata.image_data_test2_0x33
                0x000000000800adc8        0xe ./Mine/Src/font_ms_sans.o
 *fill*         0x000000000800add6        0x2 
 .rodata.test2_0x33
                0x000000000800add8        0xc ./Mine/Src/font_ms_sans.o
 .rodata.image_data_test2_0x34
                0x000000000800ade4        0xe ./Mine/Src/font_ms_sans.o
 *fill*         0x000000000800adf2        0x2 
 .rodata.test2_0x34
                0x000000000800adf4        0xc ./Mine/Src/font_ms_sans.o
 .rodata.image_data_test2_0x35
                0x000000000800ae00        0xe ./Mine/Src/font_ms_sans.o
 *fill*         0x000000000800ae0e        0x2 
 .rodata.test2_0x35
                0x000000000800ae10        0xc ./Mine/Src/font_ms_sans.o
 .rodata.image_data_test2_0x36
                0x000000000800ae1c        0xe ./Mine/Src/font_ms_sans.o
 *fill*         0x000000000800ae2a        0x2 
 .rodata.test2_0x36
                0x000000000800ae2c        0xc ./Mine/Src/font_ms_sans.o
 .rodata.image_data_test2_0x37
                0x000000000800ae38        0xe ./Mine/Src/font_ms_sans.o
 *fill*         0x000000000800ae46        0x2 
 .rodata.test2_0x37
                0x000000000800ae48        0xc ./Mine/Src/font_ms_sans.o
 .rodata.image_data_test2_0x38
                0x000000000800ae54        0xe ./Mine/Src/font_ms_sans.o
 *fill*         0x000000000800ae62        0x2 
 .rodata.test2_0x38
                0x000000000800ae64        0xc ./Mine/Src/font_ms_sans.o
 .rodata.image_data_test2_0x39
                0x000000000800ae70        0xe ./Mine/Src/font_ms_sans.o
 *fill*         0x000000000800ae7e        0x2 
 .rodata.test2_0x39
                0x000000000800ae80        0xc ./Mine/Src/font_ms_sans.o
 .rodata.image_data_test2_0x3a
                0x000000000800ae8c        0x6 ./Mine/Src/font_ms_sans.o
 *fill*         0x000000000800ae92        0x2 
 .rodata.test2_0x3a
                0x000000000800ae94        0xc ./Mine/Src/font_ms_sans.o
 .rodata.image_data_test2_0x3b
                0x000000000800aea0        0x6 ./Mine/Src/font_ms_sans.o
 *fill*         0x000000000800aea6        0x2 
 .rodata.test2_0x3b
                0x000000000800aea8        0xc ./Mine/Src/font_ms_sans.o
 .rodata.image_data_test2_0x3c
                0x000000000800aeb4        0xe ./Mine/Src/font_ms_sans.o
 *fill*         0x000000000800aec2        0x2 
 .rodata.test2_0x3c
                0x000000000800aec4        0xc ./Mine/Src/font_ms_sans.o
 .rodata.image_data_test2_0x3d
                0x000000000800aed0        0xe ./Mine/Src/font_ms_sans.o
 *fill*         0x000000000800aede        0x2 
 .rodata.test2_0x3d
                0x000000000800aee0        0xc ./Mine/Src/font_ms_sans.o
 .rodata.image_data_test2_0x3e
                0x000000000800aeec        0xe ./Mine/Src/font_ms_sans.o
 *fill*         0x000000000800aefa        0x2 
 .rodata.test2_0x3e
                0x000000000800aefc        0xc ./Mine/Src/font_ms_sans.o
 .rodata.image_data_test2_0x3f
                0x000000000800af08        0xe ./Mine/Src/font_ms_sans.o
 *fill*         0x000000000800af16        0x2 
 .rodata.test2_0x3f
                0x000000000800af18        0xc ./Mine/Src/font_ms_sans.o
 .rodata.image_data_test2_0x40
                0x000000000800af24       0x1c ./Mine/Src/font_ms_sans.o
 .rodata.test2_0x40
                0x000000000800af40        0xc ./Mine/Src/font_ms_sans.o
 .rodata.image_data_test2_0x41
                0x000000000800af4c       0x12 ./Mine/Src/font_ms_sans.o
 *fill*         0x000000000800af5e        0x2 
 .rodata.test2_0x41
                0x000000000800af60        0xc ./Mine/Src/font_ms_sans.o
 .rodata.image_data_test2_0x42
                0x000000000800af6c       0x12 ./Mine/Src/font_ms_sans.o
 *fill*         0x000000000800af7e        0x2 
 .rodata.test2_0x42
                0x000000000800af80        0xc ./Mine/Src/font_ms_sans.o
 .rodata.image_data_test2_0x43
                0x000000000800af8c       0x12 ./Mine/Src/font_ms_sans.o
 *fill*         0x000000000800af9e        0x2 
 .rodata.test2_0x43
                0x000000000800afa0        0xc ./Mine/Src/font_ms_sans.o
 .rodata.image_data_test2_0x44
                0x000000000800afac       0x14 ./Mine/Src/font_ms_sans.o
 .rodata.test2_0x44
                0x000000000800afc0        0xc ./Mine/Src/font_ms_sans.o
 .rodata.image_data_test2_0x45
                0x000000000800afcc       0x12 ./Mine/Src/font_ms_sans.o
 *fill*         0x000000000800afde        0x2 
 .rodata.test2_0x45
                0x000000000800afe0        0xc ./Mine/Src/font_ms_sans.o
 .rodata.image_data_test2_0x46
                0x000000000800afec       0x10 ./Mine/Src/font_ms_sans.o
 .rodata.test2_0x46
                0x000000000800affc        0xc ./Mine/Src/font_ms_sans.o
 .rodata.image_data_test2_0x47
                0x000000000800b008       0x14 ./Mine/Src/font_ms_sans.o
 .rodata.test2_0x47
                0x000000000800b01c        0xc ./Mine/Src/font_ms_sans.o
 .rodata.image_data_test2_0x48
                0x000000000800b028       0x14 ./Mine/Src/font_ms_sans.o
 .rodata.test2_0x48
                0x000000000800b03c        0xc ./Mine/Src/font_ms_sans.o
 .rodata.image_data_test2_0x49
                0x000000000800b048        0x6 ./Mine/Src/font_ms_sans.o
 *fill*         0x000000000800b04e        0x2 
 .rodata.test2_0x49
                0x000000000800b050        0xc ./Mine/Src/font_ms_sans.o
 .rodata.image_data_test2_0x4a
                0x000000000800b05c        0xe ./Mine/Src/font_ms_sans.o
 *fill*         0x000000000800b06a        0x2 
 .rodata.test2_0x4a
                0x000000000800b06c        0xc ./Mine/Src/font_ms_sans.o
 .rodata.image_data_test2_0x4b
                0x000000000800b078       0x10 ./Mine/Src/font_ms_sans.o
 .rodata.test2_0x4b
                0x000000000800b088        0xc ./Mine/Src/font_ms_sans.o
 .rodata.image_data_test2_0x4c
                0x000000000800b094        0xe ./Mine/Src/font_ms_sans.o
 *fill*         0x000000000800b0a2        0x2 
 .rodata.test2_0x4c
                0x000000000800b0a4        0xc ./Mine/Src/font_ms_sans.o
 .rodata.image_data_test2_0x4d
                0x000000000800b0b0       0x16 ./Mine/Src/font_ms_sans.o
 *fill*         0x000000000800b0c6        0x2 
 .rodata.test2_0x4d
                0x000000000800b0c8        0xc ./Mine/Src/font_ms_sans.o
 .rodata.image_data_test2_0x4e
                0x000000000800b0d4       0x14 ./Mine/Src/font_ms_sans.o
 .rodata.test2_0x4e
                0x000000000800b0e8        0xc ./Mine/Src/font_ms_sans.o
 .rodata.image_data_test2_0x4f
                0x000000000800b0f4       0x14 ./Mine/Src/font_ms_sans.o
 .rodata.test2_0x4f
                0x000000000800b108        0xc ./Mine/Src/font_ms_sans.o
 .rodata.image_data_test2_0x50
                0x000000000800b114       0x12 ./Mine/Src/font_ms_sans.o
 *fill*         0x000000000800b126        0x2 
 .rodata.test2_0x50
                0x000000000800b128        0xc ./Mine/Src/font_ms_sans.o
 .rodata.image_data_test2_0x51
                0x000000000800b134       0x14 ./Mine/Src/font_ms_sans.o
 .rodata.test2_0x51
                0x000000000800b148        0xc ./Mine/Src/font_ms_sans.o
 .rodata.image_data_test2_0x52
                0x000000000800b154       0x14 ./Mine/Src/font_ms_sans.o
 .rodata.test2_0x52
                0x000000000800b168        0xc ./Mine/Src/font_ms_sans.o
 .rodata.image_data_test2_0x53
                0x000000000800b174       0x12 ./Mine/Src/font_ms_sans.o
 *fill*         0x000000000800b186        0x2 
 .rodata.test2_0x53
                0x000000000800b188        0xc ./Mine/Src/font_ms_sans.o
 .rodata.image_data_test2_0x54
                0x000000000800b194       0x12 ./Mine/Src/font_ms_sans.o
 *fill*         0x000000000800b1a6        0x2 
 .rodata.test2_0x54
                0x000000000800b1a8        0xc ./Mine/Src/font_ms_sans.o
 .rodata.image_data_test2_0x55
                0x000000000800b1b4       0x14 ./Mine/Src/font_ms_sans.o
 .rodata.test2_0x55
                0x000000000800b1c8        0xc ./Mine/Src/font_ms_sans.o
 .rodata.image_data_test2_0x56
                0x000000000800b1d4       0x12 ./Mine/Src/font_ms_sans.o
 *fill*         0x000000000800b1e6        0x2 
 .rodata.test2_0x56
                0x000000000800b1e8        0xc ./Mine/Src/font_ms_sans.o
 .rodata.image_data_test2_0x57
                0x000000000800b1f4       0x1a ./Mine/Src/font_ms_sans.o
 *fill*         0x000000000800b20e        0x2 
 .rodata.test2_0x57
                0x000000000800b210        0xc ./Mine/Src/font_ms_sans.o
 .rodata.image_data_test2_0x58
                0x000000000800b21c       0x10 ./Mine/Src/font_ms_sans.o
 .rodata.test2_0x58
                0x000000000800b22c        0xc ./Mine/Src/font_ms_sans.o
 .rodata.image_data_test2_0x59
                0x000000000800b238       0x12 ./Mine/Src/font_ms_sans.o
 *fill*         0x000000000800b24a        0x2 
 .rodata.test2_0x59
                0x000000000800b24c        0xc ./Mine/Src/font_ms_sans.o
 .rodata.image_data_test2_0x5a
                0x000000000800b258       0x10 ./Mine/Src/font_ms_sans.o
 .rodata.test2_0x5a
                0x000000000800b268        0xc ./Mine/Src/font_ms_sans.o
 .rodata.image_data_test2_0x5b
                0x000000000800b274        0x8 ./Mine/Src/font_ms_sans.o
 .rodata.test2_0x5b
                0x000000000800b27c        0xc ./Mine/Src/font_ms_sans.o
 .rodata.image_data_test2_0x5c
                0x000000000800b288        0xc ./Mine/Src/font_ms_sans.o
 .rodata.test2_0x5c
                0x000000000800b294        0xc ./Mine/Src/font_ms_sans.o
 .rodata.image_data_test2_0x5d