Archive member included to satisfy reference by file (symbol)

c:/program files/stm32cubeide_1.11.2/stm32cubeide/plugins/com.st.stm32cube.ide.mcu.externaltools.gnu-tools-for-stm32.10.3-2021.10.win32_1.0.100.202210260954/tools/bin/../lib/gcc/arm-none-eabi/10.3.1/../../../../arm-none-eabi/lib/thumb/v7e-m+fp/hard\libc_nano.a(lib_a-errno.o)
                              ./Core/Src/syscalls.o (__errno)
c:/program files/stm32cubeide_1.11.2/stm32cubeide/plugins/com.st.stm32cube.ide.mcu.externaltools.gnu-tools-for-stm32.10.3-2021.10.win32_1.0.100.202210260954/tools/bin/../lib/gcc/arm-none-eabi/10.3.1/../../../../arm-none-eabi/lib/thumb/v7e-m+fp/hard\libc_nano.a(lib_a-exit.o)
                              c:/program files/stm32cubeide_1.11.2/stm32cubeide/plugins/com.st.stm32cube.ide.mcu.externaltools.gnu-tools-for-stm32.10.3-2021.10.win32_1.0.100.202210260954/tools/bin/../lib/gcc/arm-none-eabi/10.3.1/../../../../arm-none-eabi/lib/thumb/v7e-m+fp/hard/crt0.o (exit)
c:/program files/stm32cubeide_1.11.2/stm32cubeide/plugins/com.st.stm32cube.ide.mcu.externaltools.gnu-tools-for-stm32.10.3-2021.10.win32_1.0.100.202210260954/tools/bin/../lib/gcc/arm-none-eabi/10.3.1/../../../../arm-none-eabi/lib/thumb/v7e-m+fp/hard\libc_nano.a(lib_a-impure.o)
                              c:/program files/stm32cubeide_1.11.2/stm32cubeide/plugins/com.st.stm32cube.ide.mcu.externaltools.gnu-tools-for-stm32.10.3-2021.10.win32_1.0.100.202210260954/tools/bin/../lib/gcc/arm-none-eabi/10.3.1/../../../../arm-none-eabi/lib/thumb/v7e-m+fp/hard\libc_nano.a(lib_a-exit.o) (_global_impure_ptr)
c:/program files/stm32cubeide_1.11.2/stm32cubeide/plugins/com.st.stm32cube.ide.mcu.externaltools.gnu-tools-for-stm32.10.3-2021.10.win32_1.0.100.202210260954/tools/bin/../lib/gcc/arm-none-eabi/10.3.1/../../../../arm-none-eabi/lib/thumb/v7e-m+fp/hard\libc_nano.a(lib_a-init.o)
                              c:/program files/stm32cubeide_1.11.2/stm32cubeide/plugins/com.st.stm32cube.ide.mcu.externaltools.gnu-tools-for-stm32.10.3-2021.10.win32_1.0.100.202210260954/tools/bin/../lib/gcc/arm-none-eabi/10.3.1/../../../../arm-none-eabi/lib/thumb/v7e-m+fp/hard/crt0.o (__libc_init_array)
c:/program files/stm32cubeide_1.11.2/stm32cubeide/plugins/com.st.stm32cube.ide.mcu.externaltools.gnu-tools-for-stm32.10.3-2021.10.win32_1.0.100.202210260954/tools/bin/../lib/gcc/arm-none-eabi/10.3.1/../../../../arm-none-eabi/lib/thumb/v7e-m+fp/hard\libc_nano.a(lib_a-memcpy-stub.o)
                              ./Mine/Src/circ_buff.o (memcpy)
c:/program files/stm32cubeide_1.11.2/stm32cubeide/plugins/com.st.stm32cube.ide.mcu.externaltools.gnu-tools-for-stm32.10.3-2021.10.win32_1.0.100.202210260954/tools/bin/../lib/gcc/arm-none-eabi/10.3.1/../../../../arm-none-eabi/lib/thumb/v7e-m+fp/hard\libc_nano.a(lib_a-memset.o)
                              c:/program files/stm32cubeide_1.11.2/stm32cubeide/plugins/com.st.stm32cube.ide.mcu.externaltools.gnu-tools-for-stm32.10.3-2021.10.win32_1.0.100.202210260954/tools/bin/../lib/gcc/arm-none-eabi/10.3.1/../../../../arm-none-eabi/lib/thumb/v7e-m+fp/hard/crt0.o (memset)
c:/program files/stm32cubeide_1.11.2/stm32cubeide/plugins/com.st.stm32cube.ide.mcu.externaltools.gnu-tools-for-stm32.10.3-2021.10.win32_1.0.100.202210260954/tools/bin/../lib/gcc/arm-none-eabi/10.3.1/../../../../arm-none-eabi/lib/thumb/v7e-m+fp/hard\libc_nano.a(lib_a-nano-vfprintf_float.o)
                              (_printf_float)
c:/program files/stm32cubeide_1.11.2/stm32cubeide/plugins/com.st.stm32cube.ide.mcu.externaltools.gnu-tools-for-stm32.10.3-2021.10.win32_1.0.100.202210260954/tools/bin/../lib/gcc/arm-none-eabi/10.3.1/../../../../arm-none-eabi/lib/thumb/v7e-m+fp/hard\libc_nano.a(lib_a-nano-vfprintf_i.o)
                              c:/program files/stm32cubeide_1.11.2/stm32cubeide/plugins/com.st.stm32cube.ide.mcu.externaltools.gnu-tools-for-stm32.10.3-2021.10.win32_1.0.100.202210260954/tools/bin/../lib/gcc/arm-none-eabi/10.3.1/../../../../arm-none-eabi/lib/thumb/v7e-m+fp/hard\libc_nano.a(lib_a-nano-vfprintf_float.o) (_printf_common)
c:/program files/stm32cubeide_1.11.2/stm32cubeide/plugins/com.st.stm32cube.ide.mcu.externaltools.gnu-tools-for-stm32.10.3-2021.10.win32_1.0.100.202210260954/tools/bin/../lib/gcc/arm-none-eabi/10.3.1/../../../../arm-none-eabi/lib/thumb/v7e-m+fp/hard\libc_nano.a(lib_a-sprintf.o)
                              ./Mine/Src/gui.o (sprintf)
c:/program files/stm32cubeide_1.11.2/stm32cubeide/plugins/com.st.stm32cube.ide.mcu.externaltools.gnu-tools-for-stm32.10.3-2021.10.win32_1.0.100.202210260954/tools/bin/../lib/gcc/arm-none-eabi/10.3.1/../../../../arm-none-eabi/lib/thumb/v7e-m+fp/hard\libc_nano.a(lib_a-strlen.o)
                              c:/program files/stm32cubeide_1.11.2/stm32cubeide/plugins/com.st.stm32cube.ide.mcu.externaltools.gnu-tools-for-stm32.10.3-2021.10.win32_1.0.100.202210260954/tools/bin/../lib/gcc/arm-none-eabi/10.3.1/../../../../arm-none-eabi/lib/thumb/v7e-m+fp/hard\libc_nano.a(lib_a-nano-vfprintf_float.o) (strlen)
[...]
Memory Configuration

Name             Origin             Length             Attributes
CCMRAM           0x0000000010000000 0x0000000000010000 xrw
RAM              0x0000000020000000 0x0000000000020000 xrw
FLASH            0x0000000008000000 0x0000000000100000 xr
*default*        0x0000000000000000 0xffffffffffffffff

Linker script and memory map

LOAD c:/program files/stm32cubeide_1.11.2/stm32cubeide/plugins/com.st.stm32cube.ide.mcu.externaltools.gnu-tools-for-stm32.10.3-2021.10.win32_1.0.100.202210260954/tools/bin/../lib/gcc/arm-none-eabi/10.3.1/thumb/v7e-m+fp/hard/crti.o
LOAD c:/program files/stm32cubeide_1.11.2/stm32cubeide/plugins/com.st.stm32cube.ide.mcu.externaltools.gnu-tools-for-stm32.10.3-2021.10.win32_1.0.100.202210260954/tools/bin/../lib/gcc/arm-none-eabi/10.3.1/thumb/v7e-m+fp/hard/crtbegin.o
LOAD c:/program files/stm32cubeide_1.11.2/stm32cubeide/plugins/com.st.stm32cube.ide.mcu.externaltools.gnu-tools-for-stm32.10.3-2021.10.win32_1.0.100.202210260954/tools/bin/../lib/gcc/arm-none-eabi/10.3.1/../../../../arm-none-eabi/lib/thumb/v7e-m+fp/hard/crt0.o
LOAD ./Core/Src/dma.o
LOAD ./Core/Src/gpio.o
LOAD ./Core/Src/i2c.o
LOAD ./Core/Src/iwdg.o
LOAD ./Core/Src/main.o
LOAD ./Core/Src/spi.o
LOAD ./Core/Src/stm32f4xx_hal_msp.o
LOAD ./Core/Src/stm32f4xx_it.o
LOAD ./Core/Src/syscalls.o
LOAD ./Core/Src/sysmem.o
LOAD ./Core/Src/system_stm32f4xx.o
LOAD ./Core/Src/tim.o
LOAD ./Core/Startup/startup_stm32f407vgtx.o
LOAD ./Drivers/STM32F4xx_HAL_Driver/Src/stm32f4xx_hal.o
LOAD ./Drivers/STM32F4xx_HAL_Driver/Src/stm32f4xx_hal_cortex.o
LOAD ./Drivers/STM32F4xx_HAL_Driver/Src/stm32f4xx_hal_dma.o
LOAD ./Drivers/STM32F4xx_HAL_Driver/Src/stm32f4xx_hal_dma_ex.o
LOAD ./Drivers/STM32F4xx_HAL_Driver/Src/stm32f4xx_hal_exti.o
LOAD ./Drivers/STM32F4xx_HAL_Driver/Src/stm32f4xx_hal_flash.o
LOAD ./Drivers/STM32F4xx_HAL_Driver/Src/stm32f4xx_hal_flash_ex.o
LOAD ./Drivers/STM32F4xx_HAL_Driver/Src/stm32f4xx_hal_flash_ramfunc.o
LOAD ./Drivers/STM32F4xx_HAL_Driver/Src/stm32f4xx_hal_gpio.o
LOAD ./Drivers/STM32F4xx_HAL_Driver/Src/stm32f4xx_hal_i2c.o
LOAD ./Drivers/STM32F4xx_HAL_Driver/Src/stm32f4xx_hal_i2c_ex.o
LOAD ./Drivers/STM32F4xx_HAL_Driver/Src/stm32f4xx_hal_iwdg.o
LOAD ./Drivers/STM32F4xx_HAL_Driver/Src/stm32f4xx_hal_pwr.o
LOAD ./Drivers/STM32F4xx_HAL_Driver/Src/stm32f4xx_hal_pwr_ex.o
LOAD ./Drivers/STM32F4xx_HAL_Driver/Src/stm32f4xx_hal_rcc.o
LOAD ./Drivers/STM32F4xx_HAL_Driver/Src/stm32f4xx_hal_rcc_ex.o
LOAD ./Drivers/STM32F4xx_HAL_Driver/Src/stm32f4xx_hal_spi.o
LOAD ./Drivers/STM32F4xx_HAL_Driver/Src/stm32f4xx_hal_tim.o
LOAD ./Drivers/STM32F4xx_HAL_Driver/Src/stm32f4xx_hal_tim_ex.o
LOAD ./Mine/Src/circ_buff.o
LOAD ./Mine/Src/font_msSansSerif_14.o
LOAD ./Mine/Src/gui.o
LOAD ./Mine/Src/ina219.o
LOAD ./Mine/Src/lcd_service.o
LOAD ./Mine/Src/machine.o
LOAD ./Mine/Src/pid.o
LOAD ./Mine/Src/runtime.o
LOAD ./Mine/Src/sh1106_hw.o
START GROUP
LOAD c:/program files/stm32cubeide_1.11.2/stm32cubeide/plugins/com.st.stm32cube.ide.mcu.externaltools.gnu-tools-for-stm32.10.3-2021.10.win32_1.0.100.202210260954/tools/bin/../lib/gcc/arm-none-eabi/10.3.1/../../../../arm-none-eabi/lib/thumb/v7e-m+fp/hard\libc_nano.a
LOAD c:/program files/stm32cubeide_1.11.2/stm32cubeide/plugins/com.st.stm32cube.ide.mcu.externaltools.gnu-tools-for-stm32.10.3-2021.10.win32_1.0.100.202210260954/tools/bin/../lib/gcc/arm-none-eabi/10.3.1/../../../../arm-none-eabi/lib/thumb/v7e-m+fp/hard\libm.a
END GROUP
START GROUP
LOAD c:/program files/stm32cubeide_1.11.2/stm32cubeide/plugins/com.st.stm32cube.ide.mcu.externaltools.gnu-tools-for-stm32.10.3-2021.10.win32_1.0.100.202210260954/tools/bin/../lib/gcc/arm-none-eabi/10.3.1/thumb/v7e-m+fp/hard\libgcc.a
LOAD c:/program files/stm32cubeide_1.11.2/stm32cubeide/plugins/com.st.stm32cube.ide.mcu.externaltools.gnu-tools-for-stm32.10.3-2021.10.win32_1.0.100.202210260954/tools/bin/../lib/gcc/arm-none-eabi/10.3.1/../../../../arm-none-eabi/lib/thumb/v7e-m+fp/hard\libc_nano.a
END GROUP
START GROUP
LOAD c:/program files/stm32cubeide_1.11.2/stm32cubeide/plugins/com.st.stm32cube.ide.mcu.externaltools.gnu-tools-for-stm32.10.3-2021.10.win32_1.0.100.202210260954/tools/bin/../lib/gcc/arm-none-eabi/10.3.1/thumb/v7e-m+fp/hard\libgcc.a
LOAD c:/program files/stm32cubeide_1.11.2/stm32cubeide/plugins/com.st.stm32cube.ide.mcu.externaltools.gnu-tools-for-stm32.10.3-2021.10.win32_1.0.100.202210260954/tools/bin/../lib/gcc/arm-none-eabi/10.3.1/../../../../arm-none-eabi/lib/thumb/v7e-m+fp/hard\libc_nano.a
LOAD c:/program files/stm32cubeide_1.11.2/stm32cubeide/plugins/com.st.stm32cube.ide.mcu.externaltools.gnu-tools-for-stm32.10.3-2021.10.win32_1.0.100.202210260954/tools/bin/../lib/gcc/arm-none-eabi/10.3.1/../../../../arm-none-eabi/lib/thumb/v7e-m+fp/hard\libnosys.a
END GROUP
START GROUP
LOAD c:/program files/stm32cubeide_1.11.2/stm32cubeide/plugins/com.st.stm32cube.ide.mcu.externaltools.gnu-tools-for-stm32.10.3-2021.10.win32_1.0.100.202210260954/tools/bin/../lib/gcc/arm-none-eabi/10.3.1/thumb/v7e-m+fp/hard\libgcc.a
LOAD c:/program files/stm32cubeide_1.11.2/stm32cubeide/plugins/com.st.stm32cube.ide.mcu.externaltools.gnu-tools-for-stm32.10.3-2021.10.win32_1.0.100.202210260954/tools/bin/../lib/gcc/arm-none-eabi/10.3.1/../../../../arm-none-eabi/lib/thumb/v7e-m+fp/hard\libc_nano.a
LOAD c:/program files/stm32cubeide_1.11.2/stm32cubeide/plugins/com.st.stm32cube.ide.mcu.externaltools.gnu-tools-for-stm32.10.3-2021.10.win32_1.0.100.202210260954/tools/bin/../lib/gcc/arm-none-eabi/10.3.1/../../../../arm-none-eabi/lib/thumb/v7e-m+fp/hard\libnosys.a
END GROUP
LOAD c:/program files/stm32cubeide_1.11.2/stm32cubeide/plugins/com.st.stm32cube.ide.mcu.externaltools.gnu-tools-for-stm32.10.3-2021.10.win32_1.0.100.202210260954/tools/bin/../lib/gcc/arm-none-eabi/10.3.1/thumb/v7e-m+fp/hard/crtend.o
LOAD c:/program files/stm32cubeide_1.11.2/stm32cubeide/plugins/com.st.stm32cube.ide.mcu.externaltools.gnu-tools-for-stm32.10.3-2021.10.win32_1.0.100.202210260954/tools/bin/../lib/gcc/arm-none-eabi/10.3.1/thumb/v7e-m+fp/hard/crtn.o
                0x0000000020020000                _estack = (ORIGIN (RAM) + LENGTH (RAM))
                0x0000000000000200                _Min_Heap_Size = 0x200
                0x0000000000000400                _Min_Stack_Size = 0x400

.isr_vector     0x0000000008000000      0x188
                0x0000000008000000                . = ALIGN (0x4)
 *(.isr_vector)
 .isr_vector    0x0000000008000000      0x188 ./Core/Startup/startup_stm32f407vgtx.o
                0x0000000008000000                g_pfnVectors
                0x0000000008000188                . = ALIGN (0x4)

.text           0x0000000008000190     0xcc2c
                0x0000000008000190                . = ALIGN (0x4)
 *(.text)
 .text          0x0000000008000190       0x40 c:/program files/stm32cubeide_1.11.2/stm32cubeide/plugins/com.st.stm32cube.ide.mcu.externaltools.gnu-tools-for-stm32.10.3-2021.10.win32_1.0.100.202210260954/tools/bin/../lib/gcc/arm-none-eabi/10.3.1/thumb/v7e-m+fp/hard/crtbegin.o
 .text          0x00000000080001d0       0x10 c:/program files/stm32cubeide_1.11.2/stm32cubeide/plugins/com.st.stm32cube.ide.mcu.externaltools.gnu-tools-for-stm32.10.3-2021.10.win32_1.0.100.202210260954/tools/bin/../lib/gcc/arm-none-eabi/10.3.1/../../../../arm-none-eabi/lib/thumb/v7e-m+fp/hard\libc_nano.a(lib_a-strlen.o)
                0x00000000080001d0                strlen
 .text          0x00000000080001e0       0xa0 c:/program files/stm32cubeide_1.11.2/stm32cubeide/plugins/com.st.stm32cube.ide.mcu.externaltools.gnu-tools-for-stm32.10.3-2021.10.win32_1.0.100.202210260954/tools/bin/../lib/gcc/arm-none-eabi/10.3.1/../../../../arm-none-eabi/lib/thumb/v7e-m+fp/hard\libc_nano.a(lib_a-memchr.o)
                0x00000000080001e0                memchr
 .text          0x0000000008000280      0x378 c:/program files/stm32cubeide_1.11.2/stm32cubeide/plugins/com.st.stm32cube.ide.mcu.externaltools.gnu-tools-for-stm32.10.3-2021.10.win32_1.0.100.202210260954/tools/bin/../lib/gcc/arm-none-eabi/10.3.1/thumb/v7e-m+fp/hard\libgcc.a(_arm_addsubdf3.o)
                0x0000000008000280                __aeabi_drsub
                0x0000000008000288                __aeabi_dsub
                0x0000000008000288                __subdf3
                0x000000000800028c                __aeabi_dadd
                0x000000000800028c                __adddf3
                0x0000000008000504                __floatunsidf
                0x0000000008000504                __aeabi_ui2d
                0x0000000008000524                __floatsidf
                0x0000000008000524                __aeabi_i2d
                0x0000000008000548                __aeabi_f2d
                0x0000000008000548                __extendsfdf2
                0x000000000800058c                __floatundidf
                0x000000000800058c                __aeabi_ul2d
                0x000000000800059c                __floatdidf
                0x000000000800059c                __aeabi_l2d
 .text          0x00000000080005f8      0x424 c:/program files/stm32cubeide_1.11.2/stm32cubeide/plugins/com.st.stm32cube.ide.mcu.externaltools.gnu-tools-for-stm32.10.3-2021.10.win32_1.0.100.202210260954/tools/bin/../lib/gcc/arm-none-eabi/10.3.1/thumb/v7e-m+fp/hard\libgcc.a(_arm_muldivdf3.o)
                0x00000000080005f8                __aeabi_dmul
                0x00000000080005f8                __muldf3
                0x000000000800084c                __divdf3
                0x000000000800084c                __aeabi_ddiv
 .text          0x0000000008000a1c      0x110 c:/program files/stm32cubeide_1.11.2/stm32cubeide/plugins/com.st.stm32cube.ide.mcu.externaltools.gnu-tools-for-stm32.10.3-2021.10.win32_1.0.100.202210260954/tools/bin/../lib/gcc/arm-none-eabi/10.3.1/thumb/v7e-m+fp/hard\libgcc.a(_arm_cmpdf2.o)
                0x0000000008000a1c                __gtdf2
                0x0000000008000a1c                __gedf2
                0x0000000008000a24                __ltdf2
                0x0000000008000a24                __ledf2
                0x0000000008000a2c                __nedf2
                0x0000000008000a2c                __eqdf2
                0x0000000008000a2c                __cmpdf2
                0x0000000008000aa8                __aeabi_cdrcmple
                0x0000000008000ab8                __aeabi_cdcmpeq
                0x0000000008000ab8                __aeabi_cdcmple
                0x0000000008000ac8                __aeabi_dcmpeq
                0x0000000008000adc                __aeabi_dcmplt
                0x0000000008000af0                __aeabi_dcmple
                0x0000000008000b04                __aeabi_dcmpge
                0x0000000008000b18                __aeabi_dcmpgt
 .text          0x0000000008000b2c       0x2c c:/program files/stm32cubeide_1.11.2/stm32cubeide/plugins/com.st.stm32cube.ide.mcu.externaltools.gnu-tools-for-stm32.10.3-2021.10.win32_1.0.100.202210260954/tools/bin/../lib/gcc/arm-none-eabi/10.3.1/thumb/v7e-m+fp/hard\libgcc.a(_arm_unorddf2.o)
                0x0000000008000b2c                __unorddf2
                0x0000000008000b2c                __aeabi_dcmpun
 .text          0x0000000008000b58       0x50 c:/program files/stm32cubeide_1.11.2/stm32cubeide/plugins/com.st.stm32cube.ide.mcu.externaltools.gnu-tools-for-stm32.10.3-2021.10.win32_1.0.100.202210260954/tools/bin/../lib/gcc/arm-none-eabi/10.3.1/thumb/v7e-m+fp/hard\libgcc.a(_arm_fixdfsi.o)
                0x0000000008000b58                __aeabi_d2iz
                0x0000000008000b58                __fixdfsi
 .text          0x0000000008000ba8       0x40 c:/program files/stm32cubeide_1.11.2/stm32cubeide/plugins/com.st.stm32cube.ide.mcu.externaltools.gnu-tools-for-stm32.10.3-2021.10.win32_1.0.100.202210260954/tools/bin/../lib/gcc/arm-none-eabi/10.3.1/thumb/v7e-m+fp/hard\libgcc.a(_arm_fixunsdfsi.o)
                0x0000000008000ba8                __aeabi_d2uiz
                0x0000000008000ba8                __fixunsdfsi
 .text          0x0000000008000be8       0xa0 c:/program files/stm32cubeide_1.11.2/stm32cubeide/plugins/com.st.stm32cube.ide.mcu.externaltools.gnu-tools-for-stm32.10.3-2021.10.win32_1.0.100.202210260954/tools/bin/../lib/gcc/arm-none-eabi/10.3.1/thumb/v7e-m+fp/hard\libgcc.a(_arm_truncdfsf2.o)
                0x0000000008000be8                __truncdfsf2
                0x0000000008000be8                __aeabi_d2f
 .text          0x0000000008000c88       0x30 c:/program files/stm32cubeide_1.11.2/stm32cubeide/plugins/com.st.stm32cube.ide.mcu.externaltools.gnu-tools-for-stm32.10.3-2021.10.win32_1.0.100.202210260954/tools/bin/../lib/gcc/arm-none-eabi/10.3.1/thumb/v7e-m+fp/hard\libgcc.a(_aeabi_uldivmod.o)
                0x0000000008000c88                __aeabi_uldivmod
 .text          0x0000000008000cb8      0x2d0 c:/program files/stm32cubeide_1.11.2/stm32cubeide/plugins/com.st.stm32cube.ide.mcu.externaltools.gnu-tools-for-stm32.10.3-2021.10.win32_1.0.100.202210260954/tools/bin/../lib/gcc/arm-none-eabi/10.3.1/thumb/v7e-m+fp/hard\libgcc.a(_udivmoddi4.o)
                0x0000000008000cb8                __udivmoddi4
 .text          0x0000000008000f88        0x4 c:/program files/stm32cubeide_1.11.2/stm32cubeide/plugins/com.st.stm32cube.ide.mcu.externaltools.gnu-tools-for-stm32.10.3-2021.10.win32_1.0.100.202210260954/tools/bin/../lib/gcc/arm-none-eabi/10.3.1/thumb/v7e-m+fp/hard\libgcc.a(_dvmd_tls.o)
                0x0000000008000f88                __aeabi_idiv0
                0x0000000008000f88                __aeabi_ldiv0
 *(.text*)
 .text.MX_DMA_Init
                0x0000000008000f8c       0x40 ./Core/Src/dma.o
                0x0000000008000f8c                MX_DMA_Init
 .text.MX_GPIO_Init
                0x0000000008000fcc      0x230 ./Core/Src/gpio.o
                0x0000000008000fcc                MX_GPIO_Init
 .text.HAL_I2C_MspInit
                0x00000000080011fc       0xb0 ./Core/Src/i2c.o
                0x00000000080011fc                HAL_I2C_MspInit
 .text.MX_IWDG_Init
                0x00000000080012ac       0x34 ./Core/Src/iwdg.o
                0x00000000080012ac                MX_IWDG_Init
 .text.f_sm_ClearEventFlag
                0x00000000080012e0       0x24 ./Core/Src/main.o
 .text.main     0x0000000008001304       0x64 ./Core/Src/main.o
                0x0000000008001304                main
 .text.SystemClock_Config
                0x0000000008001368       0xd8 ./Core/Src/main.o
                0x0000000008001368                SystemClock_Config
 .text.f_sm_Error
                0x0000000008001440       0x44 ./Core/Src/main.o
                0x0000000008001440                f_sm_Error
 .text.f_sm_Init
                0x0000000008001484       0x9c ./Core/Src/main.o
                0x0000000008001484                f_sm_Init
 .text.f_sm_Idle
                0x0000000008001520      0x190 ./Core/Src/main.o
                0x0000000008001520                f_sm_Idle
 .text.f_sm_Work
                0x00000000080016b0      0x264 ./Core/Src/main.o
                0x00000000080016b0                f_sm_Work
 .text.f_sm_Replay
                0x0000000008001914       0x78 ./Core/Src/main.o
                0x0000000008001914                f_sm_Replay
 .text.f_sm_Exit
                0x000000000800198c       0x20 ./Core/Src/main.o
                0x000000000800198c                f_sm_Exit
 .text.f_CheckButtonsCallback
                0x00000000080019ac       0x9c ./Core/Src/main.o
                0x00000000080019ac                f_CheckButtonsCallback
 .text.HAL_GPIO_EXTI_Callback
                0x0000000008001a48       0x64 ./Core/Src/main.o
                0x0000000008001a48                HAL_GPIO_EXTI_Callback
 .text.HAL_TIM_OC_DelayElapsedCallback
                0x0000000008001aac       0x16 ./Core/Src/main.o
                0x0000000008001aac                HAL_TIM_OC_DelayElapsedCallback
 .text.HAL_TIM_PeriodElapsedCallback
                0x0000000008001ac2       0x16 ./Core/Src/main.o
                0x0000000008001ac2                HAL_TIM_PeriodElapsedCallback
 .text.HAL_TIM_IC_CaptureCallback
                0x0000000008001ad8       0x30 ./Core/Src/main.o
                0x0000000008001ad8                HAL_TIM_IC_CaptureCallback
 .text.Error_Handler
                0x0000000008001b08        0xa ./Core/Src/main.o
                0x0000000008001b08                Error_Handler
 *fill*         0x0000000008001b12        0x2 
 .text.HAL_SPI_MspInit
                0x0000000008001b14      0x134 ./Core/Src/spi.o
                0x0000000008001b14                HAL_SPI_MspInit
 .text.HAL_MspInit
                0x0000000008001c48       0x50 ./Core/Src/stm32f4xx_hal_msp.o
                0x0000000008001c48                HAL_MspInit
 .text.NMI_Handler
                0x0000000008001c98        0x6 ./Core/Src/stm32f4xx_it.o
                0x0000000008001c98                NMI_Handler
 .text.HardFault_Handler
                0x0000000008001c9e        0x6 ./Core/Src/stm32f4xx_it.o
                0x0000000008001c9e                HardFault_Handler
 .text.MemManage_Handler
                0x0000000008001ca4        0x6 ./Core/Src/stm32f4xx_it.o
                0x0000000008001ca4                MemManage_Handler
 .text.BusFault_Handler
                0x0000000008001caa        0x6 ./Core/Src/stm32f4xx_it.o
                0x0000000008001caa                BusFault_Handler
 .text.UsageFault_Handler
                0x0000000008001cb0        0x6 ./Core/Src/stm32f4xx_it.o
                0x0000000008001cb0                UsageFault_Handler
 .text.SVC_Handler
                0x0000000008001cb6        0xe ./Core/Src/stm32f4xx_it.o
                0x0000000008001cb6                SVC_Handler
 .text.DebugMon_Handler
                0x0000000008001cc4        0xe ./Core/Src/stm32f4xx_it.o
                0x0000000008001cc4                DebugMon_Handler
 .text.PendSV_Handler
                0x0000000008001cd2        0xe ./Core/Src/stm32f4xx_it.o
                0x0000000008001cd2                PendSV_Handler
 .text.SysTick_Handler
                0x0000000008001ce0       0x14 ./Core/Src/stm32f4xx_it.o
                0x0000000008001ce0                SysTick_Handler
 .text.EXTI1_IRQHandler
                0x0000000008001cf4        0xe ./Core/Src/stm32f4xx_it.o
                0x0000000008001cf4                EXTI1_IRQHandler
 .text.EXTI2_IRQHandler
                0x0000000008001d02        0xe ./Core/Src/stm32f4xx_it.o
                0x0000000008001d02                EXTI2_IRQHandler
 .text.DMA1_Stream4_IRQHandler
                0x0000000008001d10       0x14 ./Core/Src/stm32f4xx_it.o
                0x0000000008001d10                DMA1_Stream4_IRQHandler
 .text.TIM1_UP_TIM10_IRQHandler
                0x0000000008001d24       0x14 ./Core/Src/stm32f4xx_it.o
                0x0000000008001d24                TIM1_UP_TIM10_IRQHandler
 .text.TIM3_IRQHandler
                0x0000000008001d38       0x14 ./Core/Src/stm32f4xx_it.o
                0x0000000008001d38                TIM3_IRQHandler
 .text.I2C1_EV_IRQHandler
                0x0000000008001d4c       0x14 ./Core/Src/stm32f4xx_it.o
                0x0000000008001d4c                I2C1_EV_IRQHandler
 .text.I2C1_ER_IRQHandler
                0x0000000008001d60       0x14 ./Core/Src/stm32f4xx_it.o
                0x0000000008001d60                I2C1_ER_IRQHandler
 .text._getpid  0x0000000008001d74       0x10 ./Core/Src/syscalls.o
                0x0000000008001d74                _getpid
 .text._kill    0x0000000008001d84       0x20 ./Core/Src/syscalls.o
                0x0000000008001d84                _kill
 .text._exit    0x0000000008001da4       0x14 ./Core/Src/syscalls.o
                0x0000000008001da4                _exit
 .text._read    0x0000000008001db8       0x3a ./Core/Src/syscalls.o
                0x0000000008001db8                _read
 .text._write   0x0000000008001df2       0x38 ./Core/Src/syscalls.o
                0x0000000008001df2                _write
 .text._close   0x0000000008001e2a       0x18 ./Core/Src/syscalls.o
                0x0000000008001e2a                _close
 .text._fstat   0x0000000008001e42       0x20 ./Core/Src/syscalls.o
                0x0000000008001e42                _fstat
 .text._isatty  0x0000000008001e62       0x16 ./Core/Src/syscalls.o
                0x0000000008001e62                _isatty
 .text._lseek   0x0000000008001e78       0x1a ./Core/Src/syscalls.o
                0x0000000008001e78                _lseek
 *fill*         0x0000000008001e92        0x2 
 .text._sbrk    0x0000000008001e94       0x6c ./Core/Src/sysmem.o
                0x0000000008001e94                _sbrk
 .text.SystemInit
                0x0000000008001f00       0x24 ./Core/Src/system_stm32f4xx.o
                0x0000000008001f00                SystemInit
 .text.MX_TIM3_Init
                0x0000000008001f24       0xa8 ./Core/Src/tim.o
                0x0000000008001f24                MX_TIM3_Init
 .text.HAL_TIM_Encoder_MspInit
                0x0000000008001fcc       0xa0 ./Core/Src/tim.o
                0x0000000008001fcc                HAL_TIM_Encoder_MspInit
 .text.HAL_TIM_PWM_MspInit
                0x000000000800206c       0x44 ./Core/Src/tim.o
                0x000000000800206c                HAL_TIM_PWM_MspInit
 .text.HAL_TIM_Base_MspInit
                0x00000000080020b0       0xa0 ./Core/Src/tim.o
                0x00000000080020b0                HAL_TIM_Base_MspInit
 .text.HAL_TIM_MspPostInit
                0x0000000008002150       0x74 ./Core/Src/tim.o
                0x0000000008002150                HAL_TIM_MspPostInit
 .text.Reset_Handler
                0x00000000080021c4       0x50 ./Core/Startup/startup_stm32f407vgtx.o
                0x00000000080021c4                Reset_Handler
 .text.Default_Handler
                0x0000000008002214        0x2 ./Core/Startup/startup_stm32f407vgtx.o
                0x0000000008002214                RTC_Alarm_IRQHandler
                0x0000000008002214                HASH_RNG_IRQHandler
                0x0000000008002214                TIM8_CC_IRQHandler
                0x0000000008002214                TIM1_CC_IRQHandler
                0x0000000008002214                DMA2_Stream5_IRQHandler
                0x0000000008002214                DMA1_Stream5_IRQHandler
                0x0000000008002214                PVD_IRQHandler
                0x0000000008002214                SDIO_IRQHandler
                0x0000000008002214                TAMP_STAMP_IRQHandler
                0x0000000008002214                CAN2_RX1_IRQHandler
                0x0000000008002214                EXTI3_IRQHandler
                0x0000000008002214                TIM8_TRG_COM_TIM14_IRQHandler
                0x0000000008002214                TIM8_UP_TIM13_IRQHandler
                0x0000000008002214                I2C3_ER_IRQHandler
                0x0000000008002214                EXTI0_IRQHandler
                0x0000000008002214                I2C2_EV_IRQHandler
                0x0000000008002214                DMA1_Stream2_IRQHandler
                0x0000000008002214                CAN1_RX0_IRQHandler
                0x0000000008002214                FPU_IRQHandler
                0x0000000008002214                OTG_HS_WKUP_IRQHandler
                0x0000000008002214                CAN2_SCE_IRQHandler
                0x0000000008002214                DMA2_Stream2_IRQHandler
                0x0000000008002214                SPI1_IRQHandler
                0x0000000008002214                TIM6_DAC_IRQHandler
                0x0000000008002214                TIM1_BRK_TIM9_IRQHandler
                0x0000000008002214                DCMI_IRQHandler
                0x0000000008002214                CAN2_RX0_IRQHandler
                0x0000000008002214                DMA2_Stream3_IRQHandler
                0x0000000008002214                USART6_IRQHandler
                0x0000000008002214                USART3_IRQHandler
                0x0000000008002214                CAN1_RX1_IRQHandler
                0x0000000008002214                UART5_IRQHandler
                0x0000000008002214                DMA2_Stream0_IRQHandler
                0x0000000008002214                TIM4_IRQHandler
                0x0000000008002214                DMA1_Stream6_IRQHandler
                0x0000000008002214                DMA1_Stream1_IRQHandler
                0x0000000008002214                UART4_IRQHandler
                0x0000000008002214                RCC_IRQHandler
                0x0000000008002214                TIM8_BRK_TIM12_IRQHandler
                0x0000000008002214                Default_Handler
                0x0000000008002214                EXTI15_10_IRQHandler
                0x0000000008002214                ADC_IRQHandler
                0x0000000008002214                DMA1_Stream7_IRQHandler
                0x0000000008002214                TIM7_IRQHandler
                0x0000000008002214                CAN2_TX_IRQHandler
                0x0000000008002214                TIM5_IRQHandler
                0x0000000008002214                DMA2_Stream7_IRQHandler
                0x0000000008002214                I2C3_EV_IRQHandler
                0x0000000008002214                EXTI9_5_IRQHandler
                0x0000000008002214                RTC_WKUP_IRQHandler
                0x0000000008002214                ETH_WKUP_IRQHandler
                0x0000000008002214                SPI2_IRQHandler
                0x0000000008002214                OTG_HS_EP1_IN_IRQHandler
                0x0000000008002214                DMA1_Stream0_IRQHandler
                0x0000000008002214                CAN1_TX_IRQHandler
                0x0000000008002214                EXTI4_IRQHandler
                0x0000000008002214                FSMC_IRQHandler
                0x0000000008002214                ETH_IRQHandler
                0x0000000008002214                OTG_HS_EP1_OUT_IRQHandler
                0x0000000008002214                WWDG_IRQHandler
                0x0000000008002214                TIM2_IRQHandler
                0x0000000008002214                OTG_FS_WKUP_IRQHandler
                0x0000000008002214                TIM1_TRG_COM_TIM11_IRQHandler
                0x0000000008002214                OTG_HS_IRQHandler
                0x0000000008002214                USART2_IRQHandler
                0x0000000008002214                I2C2_ER_IRQHandler
                0x0000000008002214                DMA2_Stream1_IRQHandler
                0x0000000008002214                CAN1_SCE_IRQHandler
                0x0000000008002214                FLASH_IRQHandler
                0x0000000008002214                DMA2_Stream4_IRQHandler
                0x0000000008002214                USART1_IRQHandler
                0x0000000008002214                OTG_FS_IRQHandler
                0x0000000008002214                SPI3_IRQHandler
                0x0000000008002214                DMA2_Stream6_IRQHandler
                0x0000000008002214                DMA1_Stream3_IRQHandler
 *fill*         0x0000000008002216        0x2 
 .text.HAL_Init
                0x0000000008002218       0x44 ./Drivers/STM32F4xx_HAL_Driver/Src/stm32f4xx_hal.o
                0x0000000008002218                HAL_Init
 .text.HAL_InitTick
                0x000000000800225c       0x60 ./Drivers/STM32F4xx_HAL_Driver/Src/stm32f4xx_hal.o
                0x000000000800225c                HAL_InitTick
 .text.HAL_IncTick
                0x00000000080022bc       0x28 ./Drivers/STM32F4xx_HAL_Driver/Src/stm32f4xx_hal.o
                0x00000000080022bc                HAL_IncTick
 .text.HAL_GetTick
                0x00000000080022e4       0x18 ./Drivers/STM32F4xx_HAL_Driver/Src/stm32f4xx_hal.o
                0x00000000080022e4                HAL_GetTick
 .text.HAL_Delay
                0x00000000080022fc       0x48 ./Drivers/STM32F4xx_HAL_Driver/Src/stm32f4xx_hal.o
                0x00000000080022fc                HAL_Delay
 .text.__NVIC_SetPriorityGrouping
                0x0000000008002344       0x48 ./Drivers/STM32F4xx_HAL_Driver/Src/stm32f4xx_hal_cortex.o
 .text.__NVIC_GetPriorityGrouping
                0x000000000800238c       0x1c ./Drivers/STM32F4xx_HAL_Driver/Src/stm32f4xx_hal_cortex.o
 .text.__NVIC_EnableIRQ
                0x00000000080023a8       0x3c ./Drivers/STM32F4xx_HAL_Driver/Src/stm32f4xx_hal_cortex.o
 .text.__NVIC_SetPriority
                0x00000000080023e4       0x54 ./Drivers/STM32F4xx_HAL_Driver/Src/stm32f4xx_hal_cortex.o
 .text.NVIC_EncodePriority
                0x0000000008002438       0x66 ./Drivers/STM32F4xx_HAL_Driver/Src/stm32f4xx_hal_cortex.o
 *fill*         0x000000000800249e        0x2 
 .text.SysTick_Config
                0x00000000080024a0       0x44 ./Drivers/STM32F4xx_HAL_Driver/Src/stm32f4xx_hal_cortex.o
 .text.HAL_NVIC_SetPriorityGrouping
                0x00000000080024e4       0x16 ./Drivers/STM32F4xx_HAL_Driver/Src/stm32f4xx_hal_cortex.o
                0x00000000080024e4                HAL_NVIC_SetPriorityGrouping
 .text.HAL_NVIC_SetPriority
                0x00000000080024fa       0x38 ./Drivers/STM32F4xx_HAL_Driver/Src/stm32f4xx_hal_cortex.o
                0x00000000080024fa                HAL_NVIC_SetPriority
 .text.HAL_NVIC_EnableIRQ
                0x0000000008002532       0x1c ./Drivers/STM32F4xx_HAL_Driver/Src/stm32f4xx_hal_cortex.o
                0x0000000008002532                HAL_NVIC_EnableIRQ
 .text.HAL_SYSTICK_Config
                0x000000000800254e       0x18 ./Drivers/STM32F4xx_HAL_Driver/Src/stm32f4xx_hal_cortex.o
                0x000000000800254e                HAL_SYSTICK_Config
 *fill*         0x0000000008002566        0x2 
 .text.HAL_DMA_Init
                0x0000000008002568      0x15c ./Drivers/STM32F4xx_HAL_Driver/Src/stm32f4xx_hal_dma.o
                0x0000000008002568                HAL_DMA_Init
 .text.HAL_DMA_Start_IT
                0x00000000080026c4       0xb0 ./Drivers/STM32F4xx_HAL_Driver/Src/stm32f4xx_hal_dma.o
                0x00000000080026c4                HAL_DMA_Start_IT
 .text.HAL_DMA_Abort_IT
                0x0000000008002774       0x44 ./Drivers/STM32F4xx_HAL_Driver/Src/stm32f4xx_hal_dma.o
                0x0000000008002774                HAL_DMA_Abort_IT
 .text.HAL_DMA_IRQHandler
                0x00000000080027b8      0x314 ./Drivers/STM32F4xx_HAL_Driver/Src/stm32f4xx_hal_dma.o
                0x00000000080027b8                HAL_DMA_IRQHandler
 .text.HAL_DMA_GetState
                0x0000000008002acc       0x1c ./Drivers/STM32F4xx_HAL_Driver/Src/stm32f4xx_hal_dma.o
                0x0000000008002acc                HAL_DMA_GetState
 .text.DMA_SetConfig
                0x0000000008002ae8       0x5c ./Drivers/STM32F4xx_HAL_Driver/Src/stm32f4xx_hal_dma.o
 .text.DMA_CalcBaseAndBitshift
                0x0000000008002b44       0x6c ./Drivers/STM32F4xx_HAL_Driver/Src/stm32f4xx_hal_dma.o
 .text.DMA_CheckFifoParam
                0x0000000008002bb0       0xf8 ./Drivers/STM32F4xx_HAL_Driver/Src/stm32f4xx_hal_dma.o
 .text.HAL_GPIO_Init
                0x0000000008002ca8      0x338 ./Drivers/STM32F4xx_HAL_Driver/Src/stm32f4xx_hal_gpio.o
                0x0000000008002ca8                HAL_GPIO_Init
 .text.HAL_GPIO_ReadPin
                0x0000000008002fe0       0x30 ./Drivers/STM32F4xx_HAL_Driver/Src/stm32f4xx_hal_gpio.o
                0x0000000008002fe0                HAL_GPIO_ReadPin
 .text.HAL_GPIO_WritePin
                0x0000000008003010       0x32 ./Drivers/STM32F4xx_HAL_Driver/Src/stm32f4xx_hal_gpio.o
                0x0000000008003010                HAL_GPIO_WritePin
 .text.HAL_GPIO_TogglePin
                0x0000000008003042       0x34 ./Drivers/STM32F4xx_HAL_Driver/Src/stm32f4xx_hal_gpio.o
                0x0000000008003042                HAL_GPIO_TogglePin
 *fill*         0x0000000008003076        0x2 
 .text.HAL_GPIO_EXTI_IRQHandler
                0x0000000008003078       0x30 ./Drivers/STM32F4xx_HAL_Driver/Src/stm32f4xx_hal_gpio.o
                0x0000000008003078                HAL_GPIO_EXTI_IRQHandler
 .text.HAL_I2C_Init
                0x00000000080030a8      0x288 ./Drivers/STM32F4xx_HAL_Driver/Src/stm32f4xx_hal_i2c.o
                0x00000000080030a8                HAL_I2C_Init
 .text.HAL_I2C_Master_Transmit
                0x0000000008003330      0x1fc ./Drivers/STM32F4xx_HAL_Driver/Src/stm32f4xx_hal_i2c.o
                0x0000000008003330                HAL_I2C_Master_Transmit
 .text.HAL_I2C_Master_Receive
                0x000000000800352c      0x44c ./Drivers/STM32F4xx_HAL_Driver/Src/stm32f4xx_hal_i2c.o
                0x000000000800352c                HAL_I2C_Master_Receive
 .text.HAL_I2C_EV_IRQHandler
                0x0000000008003978      0x2e2 ./Drivers/STM32F4xx_HAL_Driver/Src/stm32f4xx_hal_i2c.o
                0x0000000008003978                HAL_I2C_EV_IRQHandler
 .text.HAL_I2C_ER_IRQHandler
                0x0000000008003c5a      0x14e ./Drivers/STM32F4xx_HAL_Driver/Src/stm32f4xx_hal_i2c.o
                0x0000000008003c5a                HAL_I2C_ER_IRQHandler
 .text.HAL_I2C_MasterTxCpltCallback
                0x0000000008003da8       0x14 ./Drivers/STM32F4xx_HAL_Driver/Src/stm32f4xx_hal_i2c.o
                0x0000000008003da8                HAL_I2C_MasterTxCpltCallback
 .text.HAL_I2C_MasterRxCpltCallback
                0x0000000008003dbc       0x14 ./Drivers/STM32F4xx_HAL_Driver/Src/stm32f4xx_hal_i2c.o
                0x0000000008003dbc                HAL_I2C_MasterRxCpltCallback
 .text.HAL_I2C_SlaveTxCpltCallback
                0x0000000008003dd0       0x14 ./Drivers/STM32F4xx_HAL_Driver/Src/stm32f4xx_hal_i2c.o
                0x0000000008003dd0                HAL_I2C_SlaveTxCpltCallback
 .text.HAL_I2C_SlaveRxCpltCallback
                0x0000000008003de4       0x14 ./Drivers/STM32F4xx_HAL_Driver/Src/stm32f4xx_hal_i2c.o
                0x0000000008003de4                HAL_I2C_SlaveRxCpltCallback
 .text.HAL_I2C_AddrCallback
                0x0000000008003df8       0x1c ./Drivers/STM32F4xx_HAL_Driver/Src/stm32f4xx_hal_i2c.o
                0x0000000008003df8                HAL_I2C_AddrCallback
 .text.HAL_I2C_ListenCpltCallback
                0x0000000008003e14       0x14 ./Drivers/STM32F4xx_HAL_Driver/Src/stm32f4xx_hal_i2c.o
                0x0000000008003e14                HAL_I2C_ListenCpltCallback
 .text.HAL_I2C_MemTxCpltCallback
                0x0000000008003e28       0x14 ./Drivers/STM32F4xx_HAL_Driver/Src/stm32f4xx_hal_i2c.o
                0x0000000008003e28                HAL_I2C_MemTxCpltCallback
 .text.HAL_I2C_MemRxCpltCallback
                0x0000000008003e3c       0x14 ./Drivers/STM32F4xx_HAL_Driver/Src/stm32f4xx_hal_i2c.o
                0x0000000008003e3c                HAL_I2C_MemRxCpltCallback
 .text.HAL_I2C_ErrorCallback
                0x0000000008003e50       0x14 ./Drivers/STM32F4xx_HAL_Driver/Src/stm32f4xx_hal_i2c.o
                0x0000000008003e50                HAL_I2C_ErrorCallback
 .text.HAL_I2C_AbortCpltCallback
                0x0000000008003e64       0x14 ./Drivers/STM32F4xx_HAL_Driver/Src/stm32f4xx_hal_i2c.o
                0x0000000008003e64                HAL_I2C_AbortCpltCallback
 .text.I2C_MasterTransmit_TXE
                0x0000000008003e78      0x138 ./Drivers/STM32F4xx_HAL_Driver/Src/stm32f4xx_hal_i2c.o
 .text.I2C_MasterTransmit_BTF
                0x0000000008003fb0       0xec ./Drivers/STM32F4xx_HAL_Driver/Src/stm32f4xx_hal_i2c.o
 .text.I2C_MemoryTransmit_TXE_BTF
                0x000000000800409c      0x128 ./Drivers/STM32F4xx_HAL_Driver/Src/stm32f4xx_hal_i2c.o
 .text.I2C_MasterReceive_RXNE
                0x00000000080041c4      0x176 ./Drivers/STM32F4xx_HAL_Driver/Src/stm32f4xx_hal_i2c.o
 .text.I2C_MasterReceive_BTF
                0x000000000800433a      0x1d4 ./Drivers/STM32F4xx_HAL_Driver/Src/stm32f4xx_hal_i2c.o
 .text.I2C_Master_SB
                0x000000000800450e      0x10c ./Drivers/STM32F4xx_HAL_Driver/Src/stm32f4xx_hal_i2c.o
 .text.I2C_Master_ADD10
                0x000000000800461a       0x54 ./Drivers/STM32F4xx_HAL_Driver/Src/stm32f4xx_hal_i2c.o
 .text.I2C_Master_ADDR
                0x000000000800466e      0x322 ./Drivers/STM32F4xx_HAL_Driver/Src/stm32f4xx_hal_i2c.o
 .text.I2C_SlaveTransmit_TXE
                0x0000000008004990       0x7a ./Drivers/STM32F4xx_HAL_Driver/Src/stm32f4xx_hal_i2c.o
 .text.I2C_SlaveTransmit_BTF
                0x0000000008004a0a       0x42 ./Drivers/STM32F4xx_HAL_Driver/Src/stm32f4xx_hal_i2c.o
 .text.I2C_SlaveReceive_RXNE
                0x0000000008004a4c       0x7c ./Drivers/STM32F4xx_HAL_Driver/Src/stm32f4xx_hal_i2c.o
 .text.I2C_SlaveReceive_BTF
                0x0000000008004ac8       0x44 ./Drivers/STM32F4xx_HAL_Driver/Src/stm32f4xx_hal_i2c.o
 .text.I2C_Slave_ADDR
                0x0000000008004b0c       0x94 ./Drivers/STM32F4xx_HAL_Driver/Src/stm32f4xx_hal_i2c.o
 .text.I2C_Slave_STOPF
                0x0000000008004ba0      0x260 ./Drivers/STM32F4xx_HAL_Driver/Src/stm32f4xx_hal_i2c.o
 .text.I2C_Slave_AF
                0x0000000008004e00       0xe0 ./Drivers/STM32F4xx_HAL_Driver/Src/stm32f4xx_hal_i2c.o
 .text.I2C_ITError
                0x0000000008004ee0      0x264 ./Drivers/STM32F4xx_HAL_Driver/Src/stm32f4xx_hal_i2c.o
 .text.I2C_MasterRequestWrite
                0x0000000008005144      0x104 ./Drivers/STM32F4xx_HAL_Driver/Src/stm32f4xx_hal_i2c.o
 .text.I2C_MasterRequestRead
                0x0000000008005248      0x19c ./Drivers/STM32F4xx_HAL_Driver/Src/stm32f4xx_hal_i2c.o
 .text.I2C_DMAAbort
                0x00000000080053e4      0x150 ./Drivers/STM32F4xx_HAL_Driver/Src/stm32f4xx_hal_i2c.o
 .text.I2C_WaitOnFlagUntilTimeout
                0x0000000008005534       0xae ./Drivers/STM32F4xx_HAL_Driver/Src/stm32f4xx_hal_i2c.o
 .text.I2C_WaitOnMasterAddressFlagUntilTimeout
                0x00000000080055e2       0xfe ./Drivers/STM32F4xx_HAL_Driver/Src/stm32f4xx_hal_i2c.o
 .text.I2C_WaitOnTXEFlagUntilTimeout
                0x00000000080056e0       0x82 ./Drivers/STM32F4xx_HAL_Driver/Src/stm32f4xx_hal_i2c.o
 .text.I2C_WaitOnBTFFlagUntilTimeout
                0x0000000008005762       0x82 ./Drivers/STM32F4xx_HAL_Driver/Src/stm32f4xx_hal_i2c.o
 .text.I2C_WaitOnSTOPRequestThroughIT
                0x00000000080057e4       0x64 ./Drivers/STM32F4xx_HAL_Driver/Src/stm32f4xx_hal_i2c.o
 .text.I2C_WaitOnRXNEFlagUntilTimeout
                0x0000000008005848       0xac ./Drivers/STM32F4xx_HAL_Driver/Src/stm32f4xx_hal_i2c.o
 .text.I2C_IsAcknowledgeFailed
                0x00000000080058f4       0x5e ./Drivers/STM32F4xx_HAL_Driver/Src/stm32f4xx_hal_i2c.o
 .text.I2C_ConvertOtherXferOptions
                0x0000000008005952       0x36 ./Drivers/STM32F4xx_HAL_Driver/Src/stm32f4xx_hal_i2c.o
 .text.HAL_IWDG_Init
                0x0000000008005988       0x84 ./Drivers/STM32F4xx_HAL_Driver/Src/stm32f4xx_hal_iwdg.o
                0x0000000008005988                HAL_IWDG_Init
 .text.HAL_IWDG_Refresh
                0x0000000008005a0c       0x20 ./Drivers/STM32F4xx_HAL_Driver/Src/stm32f4xx_hal_iwdg.o
                0x0000000008005a0c                HAL_IWDG_Refresh
 .text.HAL_RCC_OscConfig
                0x0000000008005a2c      0x4f0 ./Drivers/STM32F4xx_HAL_Driver/Src/stm32f4xx_hal_rcc.o
                0x0000000008005a2c                HAL_RCC_OscConfig
 .text.HAL_RCC_ClockConfig
                0x0000000008005f1c      0x1cc ./Drivers/STM32F4xx_HAL_Driver/Src/stm32f4xx_hal_rcc.o
                0x0000000008005f1c                HAL_RCC_ClockConfig
 .text.HAL_RCC_GetSysClockFreq
                0x00000000080060e8      0x20c ./Drivers/STM32F4xx_HAL_Driver/Src/stm32f4xx_hal_rcc.o
                0x00000000080060e8                HAL_RCC_GetSysClockFreq
 .text.HAL_RCC_GetHCLKFreq
                0x00000000080062f4       0x18 ./Drivers/STM32F4xx_HAL_Driver/Src/stm32f4xx_hal_rcc.o
                0x00000000080062f4                HAL_RCC_GetHCLKFreq
 .text.HAL_RCC_GetPCLK1Freq
                0x000000000800630c       0x28 ./Drivers/STM32F4xx_HAL_Driver/Src/stm32f4xx_hal_rcc.o
                0x000000000800630c                HAL_RCC_GetPCLK1Freq
 .text.HAL_SPI_Init
                0x0000000008006334      0x112 ./Drivers/STM32F4xx_HAL_Driver/Src/stm32f4xx_hal_spi.o
                0x0000000008006334                HAL_SPI_Init
 .text.HAL_SPI_Transmit
                0x0000000008006446      0x278 ./Drivers/STM32F4xx_HAL_Driver/Src/stm32f4xx_hal_spi.o
                0x0000000008006446                HAL_SPI_Transmit
 *fill*         0x00000000080066be        0x2 
 .text.HAL_SPI_Transmit_DMA
                0x00000000080066c0      0x16c ./Drivers/STM32F4xx_HAL_Driver/Src/stm32f4xx_hal_spi.o
                0x00000000080066c0                HAL_SPI_Transmit_DMA
 .text.HAL_SPI_TxHalfCpltCallback
                0x000000000800682c       0x14 ./Drivers/STM32F4xx_HAL_Driver/Src/stm32f4xx_hal_spi.o
                0x000000000800682c                HAL_SPI_TxHalfCpltCallback
 .text.HAL_SPI_ErrorCallback
                0x0000000008006840       0x14 ./Drivers/STM32F4xx_HAL_Driver/Src/stm32f4xx_hal_spi.o
                0x0000000008006840                HAL_SPI_ErrorCallback
 .text.SPI_DMATransmitCplt
                0x0000000008006854       0xa8 ./Drivers/STM32F4xx_HAL_Driver/Src/stm32f4xx_hal_spi.o
 .text.SPI_DMAHalfTransmitCplt
                0x00000000080068fc       0x1c ./Drivers/STM32F4xx_HAL_Driver/Src/stm32f4xx_hal_spi.o
 .text.SPI_DMAError
                0x0000000008006918       0x40 ./Drivers/STM32F4xx_HAL_Driver/Src/stm32f4xx_hal_spi.o
 .text.SPI_WaitFlagStateUntilTimeout
                0x0000000008006958      0x110 ./Drivers/STM32F4xx_HAL_Driver/Src/stm32f4xx_hal_spi.o
 .text.SPI_EndRxTxTransaction
                0x0000000008006a68       0x84 ./Drivers/STM32F4xx_HAL_Driver/Src/stm32f4xx_hal_spi.o
 .text.HAL_TIM_Base_Init
                0x0000000008006aec       0x9e ./Drivers/STM32F4xx_HAL_Driver/Src/stm32f4xx_hal_tim.o
                0x0000000008006aec                HAL_TIM_Base_Init
 .text.HAL_TIM_OC_Init
                0x0000000008006b8a       0x9e ./Drivers/STM32F4xx_HAL_Driver/Src/stm32f4xx_hal_tim.o
                0x0000000008006b8a                HAL_TIM_OC_Init
 .text.HAL_TIM_OC_DeInit
                0x0000000008006c28       0xa8 ./Drivers/STM32F4xx_HAL_Driver/Src/stm32f4xx_hal_tim.o
                0x0000000008006c28                HAL_TIM_OC_DeInit
 .text.HAL_TIM_OC_MspInit
                0x0000000008006cd0       0x14 ./Drivers/STM32F4xx_HAL_Driver/Src/stm32f4xx_hal_tim.o
                0x0000000008006cd0                HAL_TIM_OC_MspInit
 .text.HAL_TIM_OC_MspDeInit
                0x0000000008006ce4       0x14 ./Drivers/STM32F4xx_HAL_Driver/Src/stm32f4xx_hal_tim.o
                0x0000000008006ce4                HAL_TIM_OC_MspDeInit
 .text.HAL_TIM_OC_Start_IT
                0x0000000008006cf8      0x22c ./Drivers/STM32F4xx_HAL_Driver/Src/stm32f4xx_hal_tim.o
                0x0000000008006cf8                HAL_TIM_OC_Start_IT
 .text.HAL_TIM_PWM_Init
                0x0000000008006f24       0x9e ./Drivers/STM32F4xx_HAL_Driver/Src/stm32f4xx_hal_tim.o
                0x0000000008006f24                HAL_TIM_PWM_Init
 *fill*         0x0000000008006fc2        0x2 
 .text.HAL_TIM_PWM_Start
                0x0000000008006fc4      0x190 ./Drivers/STM32F4xx_HAL_Driver/Src/stm32f4xx_hal_tim.o
                0x0000000008006fc4                HAL_TIM_PWM_Start
 .text.HAL_TIM_PWM_Stop
                0x0000000008007154       0xe0 ./Drivers/STM32F4xx_HAL_Driver/Src/stm32f4xx_hal_tim.o
                0x0000000008007154                HAL_TIM_PWM_Stop
 .text.HAL_TIM_IC_Init
                0x0000000008007234       0x9e ./Drivers/STM32F4xx_HAL_Driver/Src/stm32f4xx_hal_tim.o
                0x0000000008007234                HAL_TIM_IC_Init
 .text.HAL_TIM_IC_DeInit
                0x00000000080072d2       0xa8 ./Drivers/STM32F4xx_HAL_Driver/Src/stm32f4xx_hal_tim.o
                0x00000000080072d2                HAL_TIM_IC_DeInit
 .text.HAL_TIM_IC_MspInit
                0x000000000800737a       0x14 ./Drivers/STM32F4xx_HAL_Driver/Src/stm32f4xx_hal_tim.o
                0x000000000800737a                HAL_TIM_IC_MspInit
 .text.HAL_TIM_IC_MspDeInit
                0x000000000800738e       0x14 ./Drivers/STM32F4xx_HAL_Driver/Src/stm32f4xx_hal_tim.o
                0x000000000800738e                HAL_TIM_IC_MspDeInit
 *fill*         0x00000000080073a2        0x2 
 .text.HAL_TIM_IC_Start_IT
                0x00000000080073a4      0x250 ./Drivers/STM32F4xx_HAL_Driver/Src/stm32f4xx_hal_tim.o
                0x00000000080073a4                HAL_TIM_IC_Start_IT
 .text.HAL_TIM_IC_Stop_IT
                0x00000000080075f4      0x15c ./Drivers/STM32F4xx_HAL_Driver/Src/stm32f4xx_hal_tim.o
                0x00000000080075f4                HAL_TIM_IC_Stop_IT
 .text.HAL_TIM_Encoder_Init
                0x0000000008007750      0x14c ./Drivers/STM32F4xx_HAL_Driver/Src/stm32f4xx_hal_tim.o
                0x0000000008007750                HAL_TIM_Encoder_Init
 .text.HAL_TIM_IRQHandler
                0x000000000800789c      0x210 ./Drivers/STM32F4xx_HAL_Driver/Src/stm32f4xx_hal_tim.o
                0x000000000800789c                HAL_TIM_IRQHandler
 .text.HAL_TIM_OC_ConfigChannel
                0x0000000008007aac       0xb8 ./Drivers/STM32F4xx_HAL_Driver/Src/stm32f4xx_hal_tim.o
                0x0000000008007aac                HAL_TIM_OC_ConfigChannel
 .text.HAL_TIM_IC_ConfigChannel
                0x0000000008007b64      0x138 ./Drivers/STM32F4xx_HAL_Driver/Src/stm32f4xx_hal_tim.o
                0x0000000008007b64                HAL_TIM_IC_ConfigChannel
 .text.HAL_TIM_PWM_ConfigChannel
                0x0000000008007c9c      0x184 ./Drivers/STM32F4xx_HAL_Driver/Src/stm32f4xx_hal_tim.o
                0x0000000008007c9c                HAL_TIM_PWM_ConfigChannel
 .text.HAL_TIM_PWM_PulseFinishedCallback
                0x0000000008007e20       0x14 ./Drivers/STM32F4xx_HAL_Driver/Src/stm32f4xx_hal_tim.o
                0x0000000008007e20                HAL_TIM_PWM_PulseFinishedCallback
 .text.HAL_TIM_TriggerCallback
                0x0000000008007e34       0x14 ./Drivers/STM32F4xx_HAL_Driver/Src/stm32f4xx_hal_tim.o
                0x0000000008007e34                HAL_TIM_TriggerCallback
 .text.TIM_Base_SetConfig
                0x0000000008007e48      0x140 ./Drivers/STM32F4xx_HAL_Driver/Src/stm32f4xx_hal_tim.o
                0x0000000008007e48                TIM_Base_SetConfig
 .text.TIM_OC1_SetConfig
                0x0000000008007f88       0xe0 ./Drivers/STM32F4xx_HAL_Driver/Src/stm32f4xx_hal_tim.o
 .text.TIM_OC2_SetConfig
                0x0000000008008068       0xec ./Drivers/STM32F4xx_HAL_Driver/Src/stm32f4xx_hal_tim.o
                0x0000000008008068                TIM_OC2_SetConfig
 .text.TIM_OC3_SetConfig
                0x0000000008008154       0xe8 ./Drivers/STM32F4xx_HAL_Driver/Src/stm32f4xx_hal_tim.o
 .text.TIM_OC4_SetConfig
                0x000000000800823c       0xac ./Drivers/STM32F4xx_HAL_Driver/Src/stm32f4xx_hal_tim.o
 .text.TIM_TI1_SetConfig
                0x00000000080082e8       0xe8 ./Drivers/STM32F4xx_HAL_Driver/Src/stm32f4xx_hal_tim.o
                0x00000000080082e8                TIM_TI1_SetConfig
 .text.TIM_TI2_SetConfig
                0x00000000080083d0       0x7a ./Drivers/STM32F4xx_HAL_Driver/Src/stm32f4xx_hal_tim.o
 .text.TIM_TI3_SetConfig
                0x000000000800844a       0x78 ./Drivers/STM32F4xx_HAL_Driver/Src/stm32f4xx_hal_tim.o
 .text.TIM_TI4_SetConfig
                0x00000000080084c2       0x7a ./Drivers/STM32F4xx_HAL_Driver/Src/stm32f4xx_hal_tim.o
 .text.TIM_CCxChannelCmd
                0x000000000800853c       0x4a ./Drivers/STM32F4xx_HAL_Driver/Src/stm32f4xx_hal_tim.o
                0x000000000800853c                TIM_CCxChannelCmd
 *fill*         0x0000000008008586        0x2 
 .text.HAL_TIMEx_MasterConfigSynchronization
                0x0000000008008588       0xf8 ./Drivers/STM32F4xx_HAL_Driver/Src/stm32f4xx_hal_tim_ex.o
                0x0000000008008588                HAL_TIMEx_MasterConfigSynchronization
 .text.HAL_TIMEx_CommutCallback
                0x0000000008008680       0x14 ./Drivers/STM32F4xx_HAL_Driver/Src/stm32f4xx_hal_tim_ex.o
                0x0000000008008680                HAL_TIMEx_CommutCallback
 .text.HAL_TIMEx_BreakCallback
                0x0000000008008694       0x14 ./Drivers/STM32F4xx_HAL_Driver/Src/stm32f4xx_hal_tim_ex.o
                0x0000000008008694                HAL_TIMEx_BreakCallback
 .text.f_gui_ClearLowerLcdPart
                0x00000000080086a8       0x2e ./Mine/Src/gui.o
 .text.f_gui_DrawChartPage
                0x00000000080086d6       0x86 ./Mine/Src/gui.o
                0x00000000080086d6                f_gui_DrawChartPage
 .text.f_gui_DrawParamPage
                0x000000000800875c       0xd8 ./Mine/Src/gui.o
                0x000000000800875c                f_gui_DrawParamPage
 .text.f_gui_DrawCtrlPage
                0x0000000008008834       0x90 ./Mine/Src/gui.o
                0x0000000008008834                f_gui_DrawCtrlPage
 .text.f_gui_DrawHeading
                0x00000000080088c4       0x7c ./Mine/Src/gui.o
                0x00000000080088c4                f_gui_DrawHeading
 .text.f_gui_DrawPage
                0x0000000008008940      0x110 ./Mine/Src/gui.o
                0x0000000008008940                f_gui_DrawPage
 .text.f_receiveWord
                0x0000000008008a50       0x4c ./Mine/Src/ina219.o
 .text.f_sendWord
                0x0000000008008a9c       0x44 ./Mine/Src/ina219.o
 .text.f_ina219_HwInit
                0x0000000008008ae0       0x68 ./Mine/Src/ina219.o
 .text.f_ina219_calibrate
                0x0000000008008b48       0x1e ./Mine/Src/ina219.o
 .text.f_ina219_Init
                0x0000000008008b66       0x5e ./Mine/Src/ina219.o
                0x0000000008008b66                f_ina219_Init
 .text.f_ina219_Reset
                0x0000000008008bc4       0x1e ./Mine/Src/ina219.o
                0x0000000008008bc4                f_ina219_Reset
 *fill*         0x0000000008008be2        0x6 
 .text.f_ina219_GetPowerInMilis
                0x0000000008008be8       0x50 ./Mine/Src/ina219.o
                0x0000000008008be8                f_ina219_GetPowerInMilis
 .text.f_ina219_GetBusVoltageInMilis
                0x0000000008008c38       0x2c ./Mine/Src/ina219.o
                0x0000000008008c38                f_ina219_GetBusVoltageInMilis
 .text.f_SendFrameBufferPage
                0x0000000008008c64       0x34 ./Mine/Src/lcd_service.o
 .text.f_lcd_Init
                0x0000000008008c98       0x5c ./Mine/Src/lcd_service.o
                0x0000000008008c98                f_lcd_Init
 .text.f_lcd_Clear
                0x0000000008008cf4       0x68 ./Mine/Src/lcd_service.o
                0x0000000008008cf4                f_lcd_Clear
 .text.f_lcd_ClearAll
                0x0000000008008d5c       0x2e ./Mine/Src/lcd_service.o
                0x0000000008008d5c                f_lcd_ClearAll
 .text.f_lcd_WriteTxt
                0x0000000008008d8a       0xa4 ./Mine/Src/lcd_service.o
                0x0000000008008d8a                f_lcd_WriteTxt
 *fill*         0x0000000008008e2e        0x2 
 .text.f_lcd_DrawRaw
                0x0000000008008e30      0x178 ./Mine/Src/lcd_service.o
                0x0000000008008e30                f_lcd_DrawRaw
 .text.f_lcd_SetPixel
                0x0000000008008fa8       0xa4 ./Mine/Src/lcd_service.o
                0x0000000008008fa8                f_lcd_SetPixel
 .text.f_lcd_DrawLine
                0x000000000800904c      0x194 ./Mine/Src/lcd_service.o
                0x000000000800904c                f_lcd_DrawLine
 .text.f_lcd_SendFrameCallback
                0x00000000080091e0       0x8c ./Mine/Src/lcd_service.o
                0x00000000080091e0                f_lcd_SendFrameCallback
 .text.f_machine_MotorInitTimer
                0x000000000800926c       0x94 ./Mine/Src/machine.o
                0x000000000800926c                f_machine_MotorInitTimer
 .text.f_machine_MotorSet
                0x0000000008009300       0x40 ./Mine/Src/machine.o
                0x0000000008009300                f_machine_MotorSet
 .text.f_machine_MotorSetVelocity
                0x0000000008009340       0x40 ./Mine/Src/machine.o
                0x0000000008009340                f_machine_MotorSetVelocity
 .text.f_machine_MotorTestIfOk
                0x0000000008009380      0x13c ./Mine/Src/machine.o
                0x0000000008009380                f_machine_MotorTestIfOk
 .text.f_work_sensorTimerModeIC
                0x00000000080094bc       0x70 ./Mine/Src/machine.o
 .text.f_work_sensorTimerModeOC
                0x000000000800952c       0x78 ./Mine/Src/machine.o
 .text.f_machine_SensorInitTimer
                0x00000000080095a4       0x78 ./Mine/Src/machine.o
                0x00000000080095a4                f_machine_SensorInitTimer
 .text.f_machine_SensorTriggerMeasure
                0x000000000800961c       0x5c ./Mine/Src/machine.o
                0x000000000800961c                f_machine_SensorTriggerMeasure
 .text.f_machine_SensorGetLastMeasure
                0x0000000008009678       0x60 ./Mine/Src/machine.o
                0x0000000008009678                f_machine_SensorGetLastMeasure
 .text.f_machine_SensorOutputCompareCallback
                0x00000000080096d8       0x54 ./Mine/Src/machine.o
                0x00000000080096d8                f_machine_SensorOutputCompareCallback
 .text.f_machine_SensorCaptureCallback
                0x000000000800972c       0x78 ./Mine/Src/machine.o
                0x000000000800972c                f_machine_SensorCaptureCallback
 .text.f_machine_SensorPeriodElapsedCallback
                0x00000000080097a4       0x44 ./Mine/Src/machine.o
                0x00000000080097a4                f_machine_SensorPeriodElapsedCallback
 .text.f_pid_calculateThrottle
                0x00000000080097e8      0x142 ./Mine/Src/pid.o
                0x00000000080097e8                f_pid_calculateThrottle
 *fill*         0x000000000800992a        0x2 
 .text.f_runtime_FirstInit
                0x000000000800992c       0x84 ./Mine/Src/runtime.o
                0x000000000800992c                f_runtime_FirstInit
 .text.f_runtime_FirstTest
                0x00000000080099b0       0x88 ./Mine/Src/runtime.o
                0x00000000080099b0                f_runtime_FirstTest
 .text.f_runtime_GetParamInput
                0x0000000008009a38       0xfc ./Mine/Src/runtime.o
                0x0000000008009a38                f_runtime_GetParamInput
 .text.f_runtime_WorkMotorHandler
                0x0000000008009b34       0xb8 ./Mine/Src/runtime.o
                0x0000000008009b34                f_runtime_WorkMotorHandler
 .text.f_sh1106_HwInit
                0x0000000008009bec       0xa0 ./Mine/Src/sh1106_hw.o
 .text.f_sh1106_TrySendData
                0x0000000008009c8c       0xa4 ./Mine/Src/sh1106_hw.o
 .text.f_sh1106_Init
                0x0000000008009d30       0x44 ./Mine/Src/sh1106_hw.o
                0x0000000008009d30                f_sh1106_Init
 .text.f_sh1106_cmd_SetColumnAddress
                0x0000000008009d74       0x54 ./Mine/Src/sh1106_hw.o
                0x0000000008009d74                f_sh1106_cmd_SetColumnAddress
 .text.f_sh1106_cmd_SetSegmentDirection
                0x0000000008009dc8       0x3a ./Mine/Src/sh1106_hw.o
                0x0000000008009dc8                f_sh1106_cmd_SetSegmentDirection
 .text.f_sh1106_cmd_TogglePower
                0x0000000008009e02       0x3a ./Mine/Src/sh1106_hw.o
                0x0000000008009e02                f_sh1106_cmd_TogglePower
 .text.f_sh1106_cmd_SetPageAddress
                0x0000000008009e3c       0x44 ./Mine/Src/sh1106_hw.o
                0x0000000008009e3c                f_sh1106_cmd_SetPageAddress
 .text.f_sh1106_cmd_SetScanDirection
                0x0000000008009e80       0x3c ./Mine/Src/sh1106_hw.o
                0x0000000008009e80                f_sh1106_cmd_SetScanDirection
 .text.f_sh1106_CS_HIGH
                0x0000000008009ebc       0x1c ./Mine/Src/sh1106_hw.o
                0x0000000008009ebc                f_sh1106_CS_HIGH
 .text.f_sh1106_SendDataDMA
                0x0000000008009ed8       0x74 ./Mine/Src/sh1106_hw.o
                0x0000000008009ed8                f_sh1106_SendDataDMA
 .text.HAL_SPI_TxCpltCallback
                0x0000000008009f4c       0x2c ./Mine/Src/sh1106_hw.o
                0x0000000008009f4c                HAL_SPI_TxCpltCallback
 .text.__errno  0x0000000008009f78        0xc c:/program files/stm32cubeide_1.11.2/stm32cubeide/plugins/com.st.stm32cube.ide.mcu.externaltools.gnu-tools-for-stm32.10.3-2021.10.win32_1.0.100.202210260954/tools/bin/../lib/gcc/arm-none-eabi/10.3.1/../../../../arm-none-eabi/lib/thumb/v7e-m+fp/hard\libc_nano.a(lib_a-errno.o)
                0x0000000008009f78                __errno
 .text.__libc_init_array
                0x0000000008009f84       0x48 c:/program files/stm32cubeide_1.11.2/stm32cubeide/plugins/com.st.stm32cube.ide.mcu.externaltools.gnu-tools-for-stm32.10.3-2021.10.win32_1.0.100.202210260954/tools/bin/../lib/gcc/arm-none-eabi/10.3.1/../../../../arm-none-eabi/lib/thumb/v7e-m+fp/hard\libc_nano.a(lib_a-init.o)
                0x0000000008009f84                __libc_init_array
 .text.memcpy   0x0000000008009fcc       0x1c c:/program files/stm32cubeide_1.11.2/stm32cubeide/plugins/com.st.stm32cube.ide.mcu.externaltools.gnu-tools-for-stm32.10.3-2021.10.win32_1.0.100.202210260954/tools/bin/../lib/gcc/arm-none-eabi/10.3.1/../../../../arm-none-eabi/lib/thumb/v7e-m+fp/hard\libc_nano.a(lib_a-memcpy-stub.o)
                0x0000000008009fcc                memcpy
 .text.memset   0x0000000008009fe8       0x10 c:/program files/stm32cubeide_1.11.2/stm32cubeide/plugins/com.st.stm32cube.ide.mcu.externaltools.gnu-tools-for-stm32.10.3-2021.10.win32_1.0.100.202210260954/tools/bin/../lib/gcc/arm-none-eabi/10.3.1/../../../../arm-none-eabi/lib/thumb/v7e-m+fp/hard\libc_nano.a(lib_a-memset.o)
                0x0000000008009fe8                memset
 .text.__cvt    0x0000000008009ff8       0xc4 c:/program files/stm32cubeide_1.11.2/stm32cubeide/plugins/com.st.stm32cube.ide.mcu.externaltools.gnu-tools-for-stm32.10.3-2021.10.win32_1.0.100.202210260954/tools/bin/../lib/gcc/arm-none-eabi/10.3.1/../../../../arm-none-eabi/lib/thumb/v7e-m+fp/hard\libc_nano.a(lib_a-nano-vfprintf_float.o)
                0x0000000008009ff8                __cvt
 .text.__exponent
                0x000000000800a0bc       0x7c c:/program files/stm32cubeide_1.11.2/stm32cubeide/plugins/com.st.stm32cube.ide.mcu.externaltools.gnu-tools-for-stm32.10.3-2021.10.win32_1.0.100.202210260954/tools/bin/../lib/gcc/arm-none-eabi/10.3.1/../../../../arm-none-eabi/lib/thumb/v7e-m+fp/hard\libc_nano.a(lib_a-nano-vfprintf_float.o)
                0x000000000800a0bc                __exponent
 .text._printf_float
                0x000000000800a138      0x46c c:/program files/stm32cubeide_1.11.2/stm32cubeide/plugins/com.st.stm32cube.ide.mcu.externaltools.gnu-tools-for-stm32.10.3-2021.10.win32_1.0.100.202210260954/tools/bin/../lib/gcc/arm-none-eabi/10.3.1/../../../../arm-none-eabi/lib/thumb/v7e-m+fp/hard\libc_nano.a(lib_a-nano-vfprintf_float.o)
                0x000000000800a138                _printf_float
 .text._printf_common
                0x000000000800a5a4       0xda c:/program files/stm32cubeide_1.11.2/stm32cubeide/plugins/com.st.stm32cube.ide.mcu.externaltools.gnu-tools-for-stm32.10.3-2021.10.win32_1.0.100.202210260954/tools/bin/../lib/gcc/arm-none-eabi/10.3.1/../../../../arm-none-eabi/lib/thumb/v7e-m+fp/hard\libc_nano.a(lib_a-nano-vfprintf_i.o)
                0x000000000800a5a4                _printf_common
 *fill*         0x000000000800a67e        0x2 
 .text._printf_i
                0x000000000800a680      0x24c c:/program files/stm32cubeide_1.11.2/stm32cubeide/plugins/com.st.stm32cube.ide.mcu.externaltools.gnu-tools-for-stm32.10.3-2021.10.win32_1.0.100.202210260954/tools/bin/../lib/gcc/arm-none-eabi/10.3.1/../../../../arm-none-eabi/lib/thumb/v7e-m+fp/hard\libc_nano.a(lib_a-nano-vfprintf_i.o)
                0x000000000800a680                _printf_i
 .text.sprintf  0x000000000800a8cc       0x40 c:/program files/stm32cubeide_1.11.2/stm32cubeide/plugins/com.st.stm32cube.ide.mcu.externaltools.gnu-tools-for-stm32.10.3-2021.10.win32_1.0.100.202210260954/tools/bin/../lib/gcc/arm-none-eabi/10.3.1/../../../../arm-none-eabi/lib/thumb/v7e-m+fp/hard\libc_nano.a(lib_a-sprintf.o)
                0x000000000800a8cc                siprintf
                0x000000000800a8cc                sprintf
 .text.quorem   0x000000000800a90c      0x116 c:/program files/stm32cubeide_1.11.2/stm32cubeide/plugins/com.st.stm32cube.ide.mcu.externaltools.gnu-tools-for-stm32.10.3-2021.10.win32_1.0.100.202210260954/tools/bin/../lib/gcc/arm-none-eabi/10.3.1/../../../../arm-none-eabi/lib/thumb/v7e-m+fp/hard\libc_nano.a(lib_a-dtoa.o)
 *fill*         0x000000000800aa22        0x6 
 .text._dtoa_r  0x000000000800aa28      0xbdc c:/program files/stm32cubeide_1.11.2/stm32cubeide/plugins/com.st.stm32cube.ide.mcu.externaltools.gnu-tools-for-stm32.10.3-2021.10.win32_1.0.100.202210260954/tools/bin/../lib/gcc/arm-none-eabi/10.3.1/../../../../arm-none-eabi/lib/thumb/v7e-m+fp/hard\libc_nano.a(lib_a-dtoa.o)
                0x000000000800aa28                _dtoa_r
 .text._localeconv_r
                0x000000000800b604        0x8 c:/program files/stm32cubeide_1.11.2/stm32cubeide/plugins/com.st.stm32cube.ide.mcu.externaltools.gnu-tools-for-stm32.10.3-2021.10.win32_1.0.100.202210260954/tools/bin/../lib/gcc/arm-none-eabi/10.3.1/../../../../arm-none-eabi/lib/thumb/v7e-m+fp/hard\libc_nano.a(lib_a-localeconv.o)
                0x000000000800b604                _localeconv_r
 .text.malloc   0x000000000800b60c       0x10 c:/program files/stm32cubeide_1.11.2/stm32cubeide/plugins/com.st.stm32cube.ide.mcu.externaltools.gnu-tools-for-stm32.10.3-2021.10.win32_1.0.100.202210260954/tools/bin/../lib/gcc/arm-none-eabi/10.3.1/../../../../arm-none-eabi/lib/thumb/v7e-m+fp/hard\libc_nano.a(lib_a-malloc.o)
                0x000000000800b60c                malloc
 .text._Balloc  0x000000000800b61c       0x80 c:/program files/stm32cubeide_1.11.2/stm32cubeide/plugins/com.st.stm32cube.ide.mcu.externaltools.gnu-tools-for-stm32.10.3-2021.10.win32_1.0.100.202210260954/tools/bin/../lib/gcc/arm-none-eabi/10.3.1/../../../../arm-none-eabi/lib/thumb/v7e-m+fp/hard\libc_nano.a(lib_a-mprec.o)
                0x000000000800b61c                _Balloc
 .text._Bfree   0x000000000800b69c       0x44 c:/program files/stm32cubeide_1.11.2/stm32cubeide/plugins/com.st.stm32cube.ide.mcu.externaltools.gnu-tools-for-stm32.10.3-2021.10.win32_1.0.100.202210260954/tools/bin/../lib/gcc/arm-none-eabi/10.3.1/../../../../arm-none-eabi/lib/thumb/v7e-m+fp/hard\libc_nano.a(lib_a-mprec.o)
                0x000000000800b69c                _Bfree
 .text.__multadd
                0x000000000800b6e0       0x8c c:/program files/stm32cubeide_1.11.2/stm32cubeide/plugins/com.st.stm32cube.ide.mcu.externaltools.gnu-tools-for-stm32.10.3-2021.10.win32_1.0.100.202210260954/tools/bin/../lib/gcc/arm-none-eabi/10.3.1/../../../../arm-none-eabi/lib/thumb/v7e-m+fp/hard\libc_nano.a(lib_a-mprec.o)
                0x000000000800b6e0                __multadd
 .text.__hi0bits
                0x000000000800b76c       0x40 c:/program files/stm32cubeide_1.11.2/stm32cubeide/plugins/com.st.stm32cube.ide.mcu.externaltools.gnu-tools-for-stm32.10.3-2021.10.win32_1.0.100.202210260954/tools/bin/../lib/gcc/arm-none-eabi/10.3.1/../../../../arm-none-eabi/lib/thumb/v7e-m+fp/hard\libc_nano.a(lib_a-mprec.o)
                0x000000000800b76c                __hi0bits
 .text.__lo0bits
                0x000000000800b7ac       0x5e c:/program files/stm32cubeide_1.11.2/stm32cubeide/plugins/com.st.stm32cube.ide.mcu.externaltools.gnu-tools-for-stm32.10.3-2021.10.win32_1.0.100.202210260954/tools/bin/../lib/gcc/arm-none-eabi/10.3.1/../../../../arm-none-eabi/lib/thumb/v7e-m+fp/hard\libc_nano.a(lib_a-mprec.o)
                0x000000000800b7ac                __lo0bits
 *fill*         0x000000000800b80a        0x2 
 .text.__i2b    0x000000000800b80c       0x2c c:/program files/stm32cubeide_1.11.2/stm32cubeide/plugins/com.st.stm32cube.ide.mcu.externaltools.gnu-tools-for-stm32.10.3-2021.10.win32_1.0.100.202210260954/tools/bin/../lib/gcc/arm-none-eabi/10.3.1/../../../../arm-none-eabi/lib/thumb/v7e-m+fp/hard\libc_nano.a(lib_a-mprec.o)
                0x000000000800b80c                __i2b
 .text.__multiply
                0x000000000800b838      0x154 c:/program files/stm32cubeide_1.11.2/stm32cubeide/plugins/com.st.stm32cube.ide.mcu.externaltools.gnu-tools-for-stm32.10.3-2021.10.win32_1.0.100.202210260954/tools/bin/../lib/gcc/arm-none-eabi/10.3.1/../../../../arm-none-eabi/lib/thumb/v7e-m+fp/hard\libc_nano.a(lib_a-mprec.o)
                0x000000000800b838                __multiply
 .text.__pow5mult
                0x000000000800b98c       0xb4 c:/program files/stm32cubeide_1.11.2/stm32cubeide/plugins/com.st.stm32cube.ide.mcu.externaltools.gnu-tools-for-stm32.10.3-2021.10.win32_1.0.100.202210260954/tools/bin/../lib/gcc/arm-none-eabi/10.3.1/../../../../arm-none-eabi/lib/thumb/v7e-m+fp/hard\libc_nano.a(lib_a-mprec.o)
                0x000000000800b98c                __pow5mult
 .text.__lshift
                0x000000000800ba40       0xe0 c:/program files/stm32cubeide_1.11.2/stm32cubeide/plugins/com.st.stm32cube.ide.mcu.externaltools.gnu-tools-for-stm32.10.3-2021.10.win32_1.0.100.202210260954/tools/bin/../lib/gcc/arm-none-eabi/10.3.1/../../../../arm-none-eabi/lib/thumb/v7e-m+fp/hard\libc_nano.a(lib_a-mprec.o)
                0x000000000800ba40                __lshift
 .text.__mcmp   0x000000000800bb20       0x38 c:/program files/stm32cubeide_1.11.2/stm32cubeide/plugins/com.st.stm32cube.ide.mcu.externaltools.gnu-tools-for-stm32.10.3-2021.10.win32_1.0.100.202210260954/tools/bin/../lib/gcc/arm-none-eabi/10.3.1/../../../../arm-none-eabi/lib/thumb/v7e-m+fp/hard\libc_nano.a(lib_a-mprec.o)
                0x000000000800bb20                __mcmp
 .text.__mdiff  0x000000000800bb58      0x114 c:/program files/stm32cubeide_1.11.2/stm32cubeide/plugins/com.st.stm32cube.ide.mcu.externaltools.gnu-tools-for-stm32.10.3-2021.10.win32_1.0.100.202210260954/tools/bin/../lib/gcc/arm-none-eabi/10.3.1/../../../../arm-none-eabi/lib/thumb/v7e-m+fp/hard\libc_nano.a(lib_a-mprec.o)
                0x000000000800bb58                __mdiff
 .text.__d2b    0x000000000800bc6c       0xb8 c:/program files/stm32cubeide_1.11.2/stm32cubeide/plugins/com.st.stm32cube.ide.mcu.externaltools.gnu-tools-for-stm32.10.3-2021.10.win32_1.0.100.202210260954/tools/bin/../lib/gcc/arm-none-eabi/10.3.1/../../../../arm-none-eabi/lib/thumb/v7e-m+fp/hard\libc_nano.a(lib_a-mprec.o)
                0x000000000800bc6c                __d2b
 .text._calloc_r
                0x000000000800bd24       0x2c c:/program files/stm32cubeide_1.11.2/stm32cubeide/plugins/com.st.stm32cube.ide.mcu.externaltools.gnu-tools-for-stm32.10.3-2021.10.win32_1.0.100.202210260954/tools/bin/../lib/gcc/arm-none-eabi/10.3.1/../../../../arm-none-eabi/lib/thumb/v7e-m+fp/hard\libc_nano.a(lib_a-nano-callocr.o)
                0x000000000800bd24                _calloc_r
 .text._free_r  0x000000000800bd50       0x98 c:/program files/stm32cubeide_1.11.2/stm32cubeide/plugins/com.st.stm32cube.ide.mcu.externaltools.gnu-tools-for-stm32.10.3-2021.10.win32_1.0.100.202210260954/tools/bin/../lib/gcc/arm-none-eabi/10.3.1/../../../../arm-none-eabi/lib/thumb/v7e-m+fp/hard\libc_nano.a(lib_a-nano-freer.o)
                0x000000000800bd50                _free_r
 .text.sbrk_aligned
                0x000000000800bde8       0x40 c:/program files/stm32cubeide_1.11.2/stm32cubeide/plugins/com.st.stm32cube.ide.mcu.externaltools.gnu-tools-for-stm32.10.3-2021.10.win32_1.0.100.202210260954/tools/bin/../lib/gcc/arm-none-eabi/10.3.1/../../../../arm-none-eabi/lib/thumb/v7e-m+fp/hard\libc_nano.a(lib_a-nano-mallocr.o)
 .text._malloc_r
                0x000000000800be28       0xe8 c:/program files/stm32cubeide_1.11.2/stm32cubeide/plugins/com.st.stm32cube.ide.mcu.externaltools.gnu-tools-for-stm32.10.3-2021.10.win32_1.0.100.202210260954/tools/bin/../lib/gcc/arm-none-eabi/10.3.1/../../../../arm-none-eabi/lib/thumb/v7e-m+fp/hard\libc_nano.a(lib_a-nano-mallocr.o)
                0x000000000800be28                _malloc_r
 .text.__ssputs_r
                0x000000000800bf10       0xb6 c:/program files/stm32cubeide_1.11.2/stm32cubeide/plugins/com.st.stm32cube.ide.mcu.externaltools.gnu-tools-for-stm32.10.3-2021.10.win32_1.0.100.202210260954/tools/bin/../lib/gcc/arm-none-eabi/10.3.1/../../../../arm-none-eabi/lib/thumb/v7e-m+fp/hard\libc_nano.a(lib_a-nano-svfprintf.o)
                0x000000000800bf10                __ssputs_r
 *fill*         0x000000000800bfc6        0x2 
 .text._svfprintf_r
                0x000000000800bfc8      0x200 c:/program files/stm32cubeide_1.11.2/stm32cubeide/plugins/com.st.stm32cube.ide.mcu.externaltools.gnu-tools-for-stm32.10.3-2021.10.win32_1.0.100.202210260954/tools/bin/../lib/gcc/arm-none-eabi/10.3.1/../../../../arm-none-eabi/lib/thumb/v7e-m+fp/hard\libc_nano.a(lib_a-nano-svfprintf.o)
                0x000000000800bfc8                _svfiprintf_r
                0x000000000800bfc8                _svfprintf_r
 .text._sbrk_r  0x000000000800c1c8       0x20 c:/program files/stm32cubeide_1.11.2/stm32cubeide/plugins/com.st.stm32cube.ide.mcu.externaltools.gnu-tools-for-stm32.10.3-2021.10.win32_1.0.100.202210260954/tools/bin/../lib/gcc/arm-none-eabi/10.3.1/../../../../arm-none-eabi/lib/thumb/v7e-m+fp/hard\libc_nano.a(lib_a-sbrkr.o)
                0x000000000800c1c8                _sbrk_r
 .text.__assert_func
                0x000000000800c1e8       0x3c c:/program files/stm32cubeide_1.11.2/stm32cubeide/plugins/com.st.stm32cube.ide.mcu.externaltools.gnu-tools-for-stm32.10.3-2021.10.win32_1.0.100.202210260954/tools/bin/../lib/gcc/arm-none-eabi/10.3.1/../../../../arm-none-eabi/lib/thumb/v7e-m+fp/hard\libc_nano.a(lib_a-assert.o)
                0x000000000800c1e8                __assert_func
 .text.fprintf  0x000000000800c224       0x24 c:/program files/stm32cubeide_1.11.2/stm32cubeide/plugins/com.st.stm32cube.ide.mcu.externaltools.gnu-tools-for-stm32.10.3-2021.10.win32_1.0.100.202210260954/tools/bin/../lib/gcc/arm-none-eabi/10.3.1/../../../../arm-none-eabi/lib/thumb/v7e-m+fp/hard\libc_nano.a(lib_a-fprintf.o)
                0x000000000800c224                fiprintf
                0x000000000800c224                fprintf
 .text.__ascii_mbtowc
                0x000000000800c248       0x24 c:/program files/stm32cubeide_1.11.2/stm32cubeide/plugins/com.st.stm32cube.ide.mcu.externaltools.gnu-tools-for-stm32.10.3-2021.10.win32_1.0.100.202210260954/tools/bin/../lib/gcc/arm-none-eabi/10.3.1/../../../../arm-none-eabi/lib/thumb/v7e-m+fp/hard\libc_nano.a(lib_a-mbtowc_r.o)
                0x000000000800c248                __ascii_mbtowc
 .text.memmove  0x000000000800c26c       0x34 c:/program files/stm32cubeide_1.11.2/stm32cubeide/plugins/com.st.stm32cube.ide.mcu.externaltools.gnu-tools-for-stm32.10.3-2021.10.win32_1.0.100.202210260954/tools/bin/../lib/gcc/arm-none-eabi/10.3.1/../../../../arm-none-eabi/lib/thumb/v7e-m+fp/hard\libc_nano.a(lib_a-memmove.o)
                0x000000000800c26c                memmove
 .text.__malloc_lock
                0x000000000800c2a0        0xc c:/program files/stm32cubeide_1.11.2/stm32cubeide/plugins/com.st.stm32cube.ide.mcu.externaltools.gnu-tools-for-stm32.10.3-2021.10.win32_1.0.100.202210260954/tools/bin/../lib/gcc/arm-none-eabi/10.3.1/../../../../arm-none-eabi/lib/thumb/v7e-m+fp/hard\libc_nano.a(lib_a-mlock.o)
                0x000000000800c2a0                __malloc_lock
 .text.__malloc_unlock
                0x000000000800c2ac        0xc c:/program files/stm32cubeide_1.11.2/stm32cubeide/plugins/com.st.stm32cube.ide.mcu.externaltools.gnu-tools-for-stm32.10.3-2021.10.win32_1.0.100.202210260954/tools/bin/../lib/gcc/arm-none-eabi/10.3.1/../../../../arm-none-eabi/lib/thumb/v7e-m+fp/hard\libc_nano.a(lib_a-mlock.o)
                0x000000000800c2ac                __malloc_unlock
 .text._realloc_r
                0x000000000800c2b8       0x5e c:/program files/stm32cubeide_1.11.2/stm32cubeide/plugins/com.st.stm32cube.ide.mcu.externaltools.gnu-tools-for-stm32.10.3-2021.10.win32_1.0.100.202210260954/tools/bin/../lib/gcc/arm-none-eabi/10.3.1/../../../../arm-none-eabi/lib/thumb/v7e-m+fp/hard\libc_nano.a(lib_a-nano-reallocr.o)
                0x000000000800c2b8                _realloc_r
 .text.__sfputc_r
                0x000000000800c316       0x2e c:/program files/stm32cubeide_1.11.2/stm32cubeide/plugins/com.st.stm32cube.ide.mcu.externaltools.gnu-tools-for-stm32.10.3-2021.10.win32_1.0.100.202210260954/tools/bin/../lib/gcc/arm-none-eabi/10.3.1/../../../../arm-none-eabi/lib/thumb/v7e-m+fp/hard\libc_nano.a(lib_a-nano-vfprintf.o)
 .text.__sfputs_r
                0x000000000800c344       0x24 c:/program files/stm32cubeide_1.11.2/stm32cubeide/plugins/com.st.stm32cube.ide.mcu.externaltools.gnu-tools-for-stm32.10.3-2021.10.win32_1.0.100.202210260954/tools/bin/../lib/gcc/arm-none-eabi/10.3.1/../../../../arm-none-eabi/lib/thumb/v7e-m+fp/hard\libc_nano.a(lib_a-nano-vfprintf.o)
                0x000000000800c344                __sfputs_r
 .text._vfprintf_r
                0x000000000800c368      0x260 c:/program files/stm32cubeide_1.11.2/stm32cubeide/plugins/com.st.stm32cube.ide.mcu.externaltools.gnu-tools-for-stm32.10.3-2021.10.win32_1.0.100.202210260954/tools/bin/../lib/gcc/arm-none-eabi/10.3.1/../../../../arm-none-eabi/lib/thumb/v7e-m+fp/hard\libc_nano.a(lib_a-nano-vfprintf.o)
                0x000000000800c368                _vfprintf_r
                0x000000000800c368                _vfiprintf_r
 .text.__swbuf_r
                0x000000000800c5c8       0xa4 c:/program files/stm32cubeide_1.11.2/stm32cubeide/plugins/com.st.stm32cube.ide.mcu.externaltools.gnu-tools-for-stm32.10.3-2021.10.win32_1.0.100.202210260954/tools/bin/../lib/gcc/arm-none-eabi/10.3.1/../../../../arm-none-eabi/lib/thumb/v7e-m+fp/hard\libc_nano.a(lib_a-wbuf.o)
                0x000000000800c5c8                __swbuf_r
 .text.__ascii_wctomb
                0x000000000800c66c       0x1a c:/program files/stm32cubeide_1.11.2/stm32cubeide/plugins/com.st.stm32cube.ide.mcu.externaltools.gnu-tools-for-stm32.10.3-2021.10.win32_1.0.100.202210260954/tools/bin/../lib/gcc/arm-none-eabi/10.3.1/../../../../arm-none-eabi/lib/thumb/v7e-m+fp/hard\libc_nano.a(lib_a-wctomb_r.o)
                0x000000000800c66c                __ascii_wctomb
 *fill*         0x000000000800c686        0x2 
 .text.__swsetup_r
                0x000000000800c688       0xdc c:/program files/stm32cubeide_1.11.2/stm32cubeide/plugins/com.st.stm32cube.ide.mcu.externaltools.gnu-tools-for-stm32.10.3-2021.10.win32_1.0.100.202210260954/tools/bin/../lib/gcc/arm-none-eabi/10.3.1/../../../../arm-none-eabi/lib/thumb/v7e-m+fp/hard\libc_nano.a(lib_a-wsetup.o)
                0x000000000800c688                __swsetup_r
 .text.abort    0x000000000800c764        0xe c:/program files/stm32cubeide_1.11.2/stm32cubeide/plugins/com.st.stm32cube.ide.mcu.externaltools.gnu-tools-for-stm32.10.3-2021.10.win32_1.0.100.202210260954/tools/bin/../lib/gcc/arm-none-eabi/10.3.1/../../../../arm-none-eabi/lib/thumb/v7e-m+fp/hard\libc_nano.a(lib_a-abort.o)
                0x000000000800c764                abort
 *fill*         0x000000000800c772        0x2 
 .text.__sflush_r
                0x000000000800c774      0x10c c:/program files/stm32cubeide_1.11.2/stm32cubeide/plugins/com.st.stm32cube.ide.mcu.externaltools.gnu-tools-for-stm32.10.3-2021.10.win32_1.0.100.202210260954/tools/bin/../lib/gcc/arm-none-eabi/10.3.1/../../../../arm-none-eabi/lib/thumb/v7e-m+fp/hard\libc_nano.a(lib_a-fflush.o)
                0x000000000800c774                __sflush_r
 .text._fflush_r
                0x000000000800c880       0x78 c:/program files/stm32cubeide_1.11.2/stm32cubeide/plugins/com.st.stm32cube.ide.mcu.externaltools.gnu-tools-for-stm32.10.3-2021.10.win32_1.0.100.202210260954/tools/bin/../lib/gcc/arm-none-eabi/10.3.1/../../../../arm-none-eabi/lib/thumb/v7e-m+fp/hard\libc_nano.a(lib_a-fflush.o)
                0x000000000800c880                _fflush_r
 .text.std      0x000000000800c8f8       0x48 c:/program files/stm32cubeide_1.11.2/stm32cubeide/plugins/com.st.stm32cube.ide.mcu.externaltools.gnu-tools-for-stm32.10.3-2021.10.win32_1.0.100.202210260954/tools/bin/../lib/gcc/arm-none-eabi/10.3.1/../../../../arm-none-eabi/lib/thumb/v7e-m+fp/hard\libc_nano.a(lib_a-findfp.o)
 .text._cleanup_r
                0x000000000800c940        0xc c:/program files/stm32cubeide_1.11.2/stm32cubeide/plugins/com.st.stm32cube.ide.mcu.externaltools.gnu-tools-for-stm32.10.3-2021.10.win32_1.0.100.202210260954/tools/bin/../lib/gcc/arm-none-eabi/10.3.1/../../../../arm-none-eabi/lib/thumb/v7e-m+fp/hard\libc_nano.a(lib_a-findfp.o)
                0x000000000800c940                _cleanup_r
 .text.__sfmoreglue
                0x000000000800c94c       0x2c c:/program files/stm32cubeide_1.11.2/stm32cubeide/plugins/com.st.stm32cube.ide.mcu.externaltools.gnu-tools-for-stm32.10.3-2021.10.win32_1.0.100.202210260954/tools/bin/../lib/gcc/arm-none-eabi/10.3.1/../../../../arm-none-eabi/lib/thumb/v7e-m+fp/hard\libc_nano.a(lib_a-findfp.o)
                0x000000000800c94c                __sfmoreglue
 .text.__sfp_lock_acquire
                0x000000000800c978        0xc c:/program files/stm32cubeide_1.11.2/stm32cubeide/plugins/com.st.stm32cube.ide.mcu.externaltools.gnu-tools-for-stm32.10.3-2021.10.win32_1.0.100.202210260954/tools/bin/../lib/gcc/arm-none-eabi/10.3.1/../../../../arm-none-eabi/lib/thumb/v7e-m+fp/hard\libc_nano.a(lib_a-findfp.o)
                0x000000000800c978                __sfp_lock_acquire
 .text.__sfp_lock_release
                0x000000000800c984        0xc c:/program files/stm32cubeide_1.11.2/stm32cubeide/plugins/com.st.stm32cube.ide.mcu.externaltools.gnu-tools-for-stm32.10.3-2021.10.win32_1.0.100.202210260954/tools/bin/../lib/gcc/arm-none-eabi/10.3.1/../../../../arm-none-eabi/lib/thumb/v7e-m+fp/hard\libc_nano.a(lib_a-findfp.o)
                0x000000000800c984                __sfp_lock_release
 .text.__sinit_lock_acquire
                0x000000000800c990        0xc c:/program files/stm32cubeide_1.11.2/stm32cubeide/plugins/com.st.stm32cube.ide.mcu.externaltools.gnu-tools-for-stm32.10.3-2021.10.win32_1.0.100.202210260954/tools/bin/../lib/gcc/arm-none-eabi/10.3.1/../../../../arm-none-eabi/lib/thumb/v7e-m+fp/hard\libc_nano.a(lib_a-findfp.o)
                0x000000000800c990                __sinit_lock_acquire
 .text.__sinit_lock_release
                0x000000000800c99c        0xc c:/program files/stm32cubeide_1.11.2/stm32cubeide/plugins/com.st.stm32cube.ide.mcu.externaltools.gnu-tools-for-stm32.10.3-2021.10.win32_1.0.100.202210260954/tools/bin/../lib/gcc/arm-none-eabi/10.3.1/../../../../arm-none-eabi/lib/thumb/v7e-m+fp/hard\libc_nano.a(lib_a-findfp.o)
                0x000000000800c99c                __sinit_lock_release
 .text.__sinit  0x000000000800c9a8       0x70 c:/program files/stm32cubeide_1.11.2/stm32cubeide/plugins/com.st.stm32cube.ide.mcu.externaltools.gnu-tools-for-stm32.10.3-2021.10.win32_1.0.100.202210260954/tools/bin/../lib/gcc/arm-none-eabi/10.3.1/../../../../arm-none-eabi/lib/thumb/v7e-m+fp/hard\libc_nano.a(lib_a-findfp.o)
                0x000000000800c9a8                __sinit
 .text.__sfp    0x000000000800ca18       0x8c c:/program files/stm32cubeide_1.11.2/stm32cubeide/plugins/com.st.stm32cube.ide.mcu.externaltools.gnu-tools-for-stm32.10.3-2021.10.win32_1.0.100.202210260954/tools/bin/../lib/gcc/arm-none-eabi/10.3.1/../../../../arm-none-eabi/lib/thumb/v7e-m+fp/hard\libc_nano.a(lib_a-findfp.o)
                0x000000000800ca18                __sfp
 .text._fwalk_reent
                0x000000000800caa4       0x3e c:/program files/stm32cubeide_1.11.2/stm32cubeide/plugins/com.st.stm32cube.ide.mcu.externaltools.gnu-tools-for-stm32.10.3-2021.10.win32_1.0.100.202210260954/tools/bin/../lib/gcc/arm-none-eabi/10.3.1/../../../../arm-none-eabi/lib/thumb/v7e-m+fp/hard\libc_nano.a(lib_a-fwalk.o)
                0x000000000800caa4                _fwalk_reent
 .text.__retarget_lock_init_recursive
                0x000000000800cae2        0x2 c:/program files/stm32cubeide_1.11.2/stm32cubeide/plugins/com.st.stm32cube.ide.mcu.externaltools.gnu-tools-for-stm32.10.3-2021.10.win32_1.0.100.202210260954/tools/bin/../lib/gcc/arm-none-eabi/10.3.1/../../../../arm-none-eabi/lib/thumb/v7e-m+fp/hard\libc_nano.a(lib_a-lock.o)
                0x000000000800cae2                __retarget_lock_init_recursive
 .text.__retarget_lock_acquire_recursive
                0x000000000800cae4        0x2 c:/program files/stm32cubeide_1.11.2/stm32cubeide/plugins/com.st.stm32cube.ide.mcu.externaltools.gnu-tools-for-stm32.10.3-2021.10.win32_1.0.100.202210260954/tools/bin/../lib/gcc/arm-none-eabi/10.3.1/../../../../arm-none-eabi/lib/thumb/v7e-m+fp/hard\libc_nano.a(lib_a-lock.o)
                0x000000000800cae4                __retarget_lock_acquire_recursive
 .text.__retarget_lock_release_recursive
                0x000000000800cae6        0x2 c:/program files/stm32cubeide_1.11.2/stm32cubeide/plugins/com.st.stm32cube.ide.mcu.externaltools.gnu-tools-for-stm32.10.3-2021.10.win32_1.0.100.202210260954/tools/bin/../lib/gcc/arm-none-eabi/10.3.1/../../../../arm-none-eabi/lib/thumb/v7e-m+fp/hard\libc_nano.a(lib_a-lock.o)
                0x000000000800cae6                __retarget_lock_release_recursive
 .text.__swhatbuf_r
                0x000000000800cae8       0x4a c:/program files/stm32cubeide_1.11.2/stm32cubeide/plugins/com.st.stm32cube.ide.mcu.externaltools.gnu-tools-for-stm32.10.3-2021.10.win32_1.0.100.202210260954/tools/bin/../lib/gcc/arm-none-eabi/10.3.1/../../../../arm-none-eabi/lib/thumb/v7e-m+fp/hard\libc_nano.a(lib_a-makebuf.o)
                0x000000000800cae8                __swhatbuf_r
 *fill*         0x000000000800cb32        0x2 
 .text.__smakebuf_r
                0x000000000800cb34       0x80 c:/program files/stm32cubeide_1.11.2/stm32cubeide/plugins/com.st.stm32cube.ide.mcu.externaltools.gnu-tools-for-stm32.10.3-2021.10.win32_1.0.100.202210260954/tools/bin/../lib/gcc/arm-none-eabi/10.3.1/../../../../arm-none-eabi/lib/thumb/v7e-m+fp/hard\libc_nano.a(lib_a-makebuf.o)
                0x000000000800cb34                __smakebuf_r
 .text._malloc_usable_size_r
                0x000000000800cbb4       0x10 c:/program files/stm32cubeide_1.11.2/stm32cubeide/plugins/com.st.stm32cube.ide.mcu.externaltools.gnu-tools-for-stm32.10.3-2021.10.win32_1.0.100.202210260954/tools/bin/../lib/gcc/arm-none-eabi/10.3.1/../../../../arm-none-eabi/lib/thumb/v7e-m+fp/hard\libc_nano.a(lib_a-nano-msizer.o)
                0x000000000800cbb4                _malloc_usable_size_r
 .text._raise_r
                0x000000000800cbc4       0x50 c:/program files/stm32cubeide_1.11.2/stm32cubeide/plugins/com.st.stm32cube.ide.mcu.externaltools.gnu-tools-for-stm32.10.3-2021.10.win32_1.0.100.202210260954/tools/bin/../lib/gcc/arm-none-eabi/10.3.1/../../../../arm-none-eabi/lib/thumb/v7e-m+fp/hard\libc_nano.a(lib_a-signal.o)
                0x000000000800cbc4                _raise_r
 .text.raise    0x000000000800cc14       0x10 c:/program files/stm32cubeide_1.11.2/stm32cubeide/plugins/com.st.stm32cube.ide.mcu.externaltools.gnu-tools-for-stm32.10.3-2021.10.win32_1.0.100.202210260954/tools/bin/../lib/gcc/arm-none-eabi/10.3.1/../../../../arm-none-eabi/lib/thumb/v7e-m+fp/hard\libc_nano.a(lib_a-signal.o)
                0x000000000800cc14                raise
 .text._kill_r  0x000000000800cc24       0x24 c:/program files/stm32cubeide_1.11.2/stm32cubeide/plugins/com.st.stm32cube.ide.mcu.externaltools.gnu-tools-for-stm32.10.3-2021.10.win32_1.0.100.202210260954/tools/bin/../lib/gcc/arm-none-eabi/10.3.1/../../../../arm-none-eabi/lib/thumb/v7e-m+fp/hard\libc_nano.a(lib_a-signalr.o)
                0x000000000800cc24                _kill_r
 .text._getpid_r
                0x000000000800cc48        0x4 c:/program files/stm32cubeide_1.11.2/stm32cubeide/plugins/com.st.stm32cube.ide.mcu.externaltools.gnu-tools-for-stm32.10.3-2021.10.win32_1.0.100.202210260954/tools/bin/../lib/gcc/arm-none-eabi/10.3.1/../../../../arm-none-eabi/lib/thumb/v7e-m+fp/hard\libc_nano.a(lib_a-signalr.o)
                0x000000000800cc48                _getpid_r
 .text.__sread  0x000000000800cc4c       0x22 c:/program files/stm32cubeide_1.11.2/stm32cubeide/plugins/com.st.stm32cube.ide.mcu.externaltools.gnu-tools-for-stm32.10.3-2021.10.win32_1.0.100.202210260954/tools/bin/../lib/gcc/arm-none-eabi/10.3.1/../../../../arm-none-eabi/lib/thumb/v7e-m+fp/hard\libc_nano.a(lib_a-stdio.o)
                0x000000000800cc4c                __sread
 .text.__swrite
                0x000000000800cc6e       0x38 c:/program files/stm32cubeide_1.11.2/stm32cubeide/plugins/com.st.stm32cube.ide.mcu.externaltools.gnu-tools-for-stm32.10.3-2021.10.win32_1.0.100.202210260954/tools/bin/../lib/gcc/arm-none-eabi/10.3.1/../../../../arm-none-eabi/lib/thumb/v7e-m+fp/hard\libc_nano.a(lib_a-stdio.o)
                0x000000000800cc6e                __swrite
 .text.__sseek  0x000000000800cca6       0x24 c:/program files/stm32cubeide_1.11.2/stm32cubeide/plugins/com.st.stm32cube.ide.mcu.externaltools.gnu-tools-for-stm32.10.3-2021.10.win32_1.0.100.202210260954/tools/bin/../lib/gcc/arm-none-eabi/10.3.1/../../../../arm-none-eabi/lib/thumb/v7e-m+fp/hard\libc_nano.a(lib_a-stdio.o)
                0x000000000800cca6                __sseek
 .text.__sclose
                0x000000000800ccca        0x8 c:/program files/stm32cubeide_1.11.2/stm32cubeide/plugins/com.st.stm32cube.ide.mcu.externaltools.gnu-tools-for-stm32.10.3-2021.10.win32_1.0.100.202210260954/tools/bin/../lib/gcc/arm-none-eabi/10.3.1/../../../../arm-none-eabi/lib/thumb/v7e-m+fp/hard\libc_nano.a(lib_a-stdio.o)
                0x000000000800ccca                __sclose
 *fill*         0x000000000800ccd2        0x2 
 .text._write_r
                0x000000000800ccd4       0x24 c:/program files/stm32cubeide_1.11.2/stm32cubeide/plugins/com.st.stm32cube.ide.mcu.externaltools.gnu-tools-for-stm32.10.3-2021.10.win32_1.0.100.202210260954/tools/bin/../lib/gcc/arm-none-eabi/10.3.1/../../../../arm-none-eabi/lib/thumb/v7e-m+fp/hard\libc_nano.a(lib_a-writer.o)
                0x000000000800ccd4                _write_r
 .text._close_r
                0x000000000800ccf8       0x20 c:/program files/stm32cubeide_1.11.2/stm32cubeide/plugins/com.st.stm32cube.ide.mcu.externaltools.gnu-tools-for-stm32.10.3-2021.10.win32_1.0.100.202210260954/tools/bin/../lib/gcc/arm-none-eabi/10.3.1/../../../../arm-none-eabi/lib/thumb/v7e-m+fp/hard\libc_nano.a(lib_a-closer.o)
                0x000000000800ccf8                _close_r
 .text._fstat_r
                0x000000000800cd18       0x24 c:/program files/stm32cubeide_1.11.2/stm32cubeide/plugins/com.st.stm32cube.ide.mcu.externaltools.gnu-tools-for-stm32.10.3-2021.10.win32_1.0.100.202210260954/tools/bin/../lib/gcc/arm-none-eabi/10.3.1/../../../../arm-none-eabi/lib/thumb/v7e-m+fp/hard\libc_nano.a(lib_a-fstatr.o)
                0x000000000800cd18                _fstat_r
 .text._isatty_r
                0x000000000800cd3c       0x20 c:/program files/stm32cubeide_1.11.2/stm32cubeide/plugins/com.st.stm32cube.ide.mcu.externaltools.gnu-tools-for-stm32.10.3-2021.10.win32_1.0.100.202210260954/tools/bin/../lib/gcc/arm-none-eabi/10.3.1/../../../../arm-none-eabi/lib/thumb/v7e-m+fp/hard\libc_nano.a(lib_a-isattyr.o)
                0x000000000800cd3c                _isatty_r
 .text._lseek_r
                0x000000000800cd5c       0x24 c:/program files/stm32cubeide_1.11.2/stm32cubeide/plugins/com.st.stm32cube.ide.mcu.externaltools.gnu-tools-for-stm32.10.3-2021.10.win32_1.0.100.202210260954/tools/bin/../lib/gcc/arm-none-eabi/10.3.1/../../../../arm-none-eabi/lib/thumb/v7e-m+fp/hard\libc_nano.a(lib_a-lseekr.o)
                0x000000000800cd5c                _lseek_r
 .text._read_r  0x000000000800cd80       0x24 c:/program files/stm32cubeide_1.11.2/stm32cubeide/plugins/com.st.stm32cube.ide.mcu.externaltools.gnu-tools-for-stm32.10.3-2021.10.win32_1.0.100.202210260954/tools/bin/../lib/gcc/arm-none-eabi/10.3.1/../../../../arm-none-eabi/lib/thumb/v7e-m+fp/hard\libc_nano.a(lib_a-readr.o)
                0x000000000800cd80                _read_r
 *(.glue_7)
 .glue_7        0x000000000800cda4        0x0 linker stubs
 *(.glue_7t)
 .glue_7t       0x000000000800cda4        0x0 linker stubs
 *(.eh_frame)
 .eh_frame      0x000000000800cda4        0x0 c:/program files/stm32cubeide_1.11.2/stm32cubeide/plugins/com.st.stm32cube.ide.mcu.externaltools.gnu-tools-for-stm32.10.3-2021.10.win32_1.0.100.202210260954/tools/bin/../lib/gcc/arm-none-eabi/10.3.1/thumb/v7e-m+fp/hard/crtbegin.o
 *(.init)
 .init          0x000000000800cda4        0x4 c:/program files/stm32cubeide_1.11.2/stm32cubeide/plugins/com.st.stm32cube.ide.mcu.externaltools.gnu-tools-for-stm32.10.3-2021.10.win32_1.0.100.202210260954/tools/bin/../lib/gcc/arm-none-eabi/10.3.1/thumb/v7e-m+fp/hard/crti.o
                0x000000000800cda4                _init
 .init          0x000000000800cda8        0x8 c:/program files/stm32cubeide_1.11.2/stm32cubeide/plugins/com.st.stm32cube.ide.mcu.externaltools.gnu-tools-for-stm32.10.3-2021.10.win32_1.0.100.202210260954/tools/bin/../lib/gcc/arm-none-eabi/10.3.1/thumb/v7e-m+fp/hard/crtn.o
 *(.fini)
 .fini          0x000000000800cdb0        0x4 c:/program files/stm32cubeide_1.11.2/stm32cubeide/plugins/com.st.stm32cube.ide.mcu.externaltools.gnu-tools-for-stm32.10.3-2021.10.win32_1.0.100.202210260954/tools/bin/../lib/gcc/arm-none-eabi/10.3.1/thumb/v7e-m+fp/hard/crti.o
                0x000000000800cdb0                _fini
 .fini          0x000000000800cdb4        0x8 c:/program files/stm32cubeide_1.11.2/stm32cubeide/plugins/com.st.stm32cube.ide.mcu.externaltools.gnu-tools-for-stm32.10.3-2021.10.win32_1.0.100.202210260954/tools/bin/../lib/gcc/arm-none-eabi/10.3.1/thumb/v7e-m+fp/hard/crtn.o
                0x000000000800cdbc                . = ALIGN (0x4)
                0x000000000800cdbc                _etext = .

.vfp11_veneer   0x000000000800cdbc        0x0
 .vfp11_veneer  0x000000000800cdbc        0x0 linker stubs

.v4_bx          0x000000000800cdbc        0x0
 .v4_bx         0x000000000800cdbc        0x0 linker stubs

.iplt           0x000000000800cdbc        0x0
 .iplt          0x000000000800cdbc        0x0 c:/program files/stm32cubeide_1.11.2/stm32cubeide/plugins/com.st.stm32cube.ide.mcu.externaltools.gnu-tools-for-stm32.10.3-2021.10.win32_1.0.100.202210260954/tools/bin/../lib/gcc/arm-none-eabi/10.3.1/thumb/v7e-m+fp/hard/crtbegin.o

.rodata         0x000000000800cdc0     0x12dc
                0x000000000800cdc0                . = ALIGN (0x4)
 *(.rodata)
 .rodata        0x000000000800cdc0       0x85 ./Core/Src/main.o
 *fill*         0x000000000800ce45        0x3 
 .rodata        0x000000000800ce48       0xb9 ./Mine/Src/gui.o
 *fill*         0x000000000800cf01        0x3 
 .rodata        0x000000000800cf04        0x9 ./Mine/Src/runtime.o
 *(.rodata*)
 *fill*         0x000000000800cf0d        0x3 
 .rodata.StateHandler
                0x000000000800cf10       0x18 ./Core/Src/main.o
 .rodata.infoTxt.4
                0x000000000800cf28        0xc ./Core/Src/main.o
 .rodata.infoTxt.2
                0x000000000800cf34       0x14 ./Core/Src/main.o
 .rodata.AHBPrescTable
                0x000000000800cf48       0x10 ./Core/Src/system_stm32f4xx.o
                0x000000000800cf48                AHBPrescTable
 .rodata.APBPrescTable
                0x000000000800cf58        0x8 ./Core/Src/system_stm32f4xx.o
                0x000000000800cf58                APBPrescTable
 .rodata.flagBitshiftOffset.0
                0x000000000800cf60        0x8 ./Drivers/STM32F4xx_HAL_Driver/Src/stm32f4xx_hal_dma.o
 .rodata.image_data_font_msSansSerif_14_0x20
                0x000000000800cf68        0x6 ./Mine/Src/font_msSansSerif_14.o
 *fill*         0x000000000800cf6e        0x2 
 .rodata.font_msSansSerif_14_0x20
                0x000000000800cf70        0xc ./Mine/Src/font_msSansSerif_14.o
 .rodata.image_data_font_msSansSerif_14_0x21
                0x000000000800cf7c        0x6 ./Mine/Src/font_msSansSerif_14.o
 *fill*         0x000000000800cf82        0x2 
 .rodata.font_msSansSerif_14_0x21
                0x000000000800cf84        0xc ./Mine/Src/font_msSansSerif_14.o
 .rodata.image_data_font_msSansSerif_14_0x22
                0x000000000800cf90        0xc ./Mine/Src/font_msSansSerif_14.o
 .rodata.font_msSansSerif_14_0x22
                0x000000000800cf9c        0xc ./Mine/Src/font_msSansSerif_14.o
 .rodata.image_data_font_msSansSerif_14_0x23
                0x000000000800cfa8       0x10 ./Mine/Src/font_msSansSerif_14.o
 .rodata.font_msSansSerif_14_0x23
                0x000000000800cfb8        0xc ./Mine/Src/font_msSansSerif_14.o
 .rodata.image_data_font_msSansSerif_14_0x24
                0x000000000800cfc4        0xe ./Mine/Src/font_msSansSerif_14.o
 *fill*         0x000000000800cfd2        0x2 
 .rodata.font_msSansSerif_14_0x24
                0x000000000800cfd4        0xc ./Mine/Src/font_msSansSerif_14.o
 .rodata.image_data_font_msSansSerif_14_0x25
                0x000000000800cfe0       0x18 ./Mine/Src/font_msSansSerif_14.o
 .rodata.font_msSansSerif_14_0x25
                0x000000000800cff8        0xc ./Mine/Src/font_msSansSerif_14.o
 .rodata.image_data_font_msSansSerif_14_0x26
                0x000000000800d004       0x12 ./Mine/Src/font_msSansSerif_14.o
 *fill*         0x000000000800d016        0x2 
 .rodata.font_msSansSerif_14_0x26
                0x000000000800d018        0xc ./Mine/Src/font_msSansSerif_14.o
 .rodata.image_data_font_msSansSerif_14_0x27
                0x000000000800d024        0x6 ./Mine/Src/font_msSansSerif_14.o
 *fill*         0x000000000800d02a        0x2 
 .rodata.font_msSansSerif_14_0x27
                0x000000000800d02c        0xc ./Mine/Src/font_msSansSerif_14.o
 .rodata.image_data_font_msSansSerif_14_0x28
                0x000000000800d038        0x8 ./Mine/Src/font_msSansSerif_14.o
 .rodata.font_msSansSerif_14_0x28
                0x000000000800d040        0xc ./Mine/Src/font_msSansSerif_14.o
 .rodata.image_data_font_msSansSerif_14_0x29
                0x000000000800d04c        0x8 ./Mine/Src/font_msSansSerif_14.o
 .rodata.font_msSansSerif_14_0x29
                0x000000000800d054        0xc ./Mine/Src/font_msSansSerif_14.o
 .rodata.image_data_font_msSansSerif_14_0x2a
                0x000000000800d060        0xa ./Mine/Src/font_msSansSerif_14.o
 *fill*         0x000000000800d06a        0x2 
 .rodata.font_msSansSerif_14_0x2a
                0x000000000800d06c        0xc ./Mine/Src/font_msSansSerif_14.o
 .rodata.image_data_font_msSansSerif_14_0x2b
                0x000000000800d078        0xe ./Mine/Src/font_msSansSerif_14.o