../Mine/Src/ina219.c:32:17:f_receiveWord	32	static
../Mine/Src/ina219.c:42:20:f_sendWord	32	static
../Mine/Src/ina219.c:49:13:f_ina219_HwInit	8	static
../Mine/Src/ina219.c:66:13:f_ina219_calibrate	16	static
../Mine/Src/ina219.c:75:6:f_ina219_Init	16	static
../Mine/Src/ina219.c:95:6:f_ina219_reset	16	static
../Mine/Src/ina219.c:102:6:f_ina219_Mode	32	static
../Mine/Src/ina219.c:112:9:f_ina219_GetCurrentInMilis	16	static
../Mine/Src/ina219.c:119:10:f_ina219_GetPowerInMilis	16	static
../Mine/Src/ina219.c:126:9:f_ina219_GetBusVoltageInMilis	16	static
../Mine/Src/ina219.c:134:9:f_ina219_GetShuntVoltageInMicro	16	static
