../Mine/Src/sh1106_hw.c:30:13:f_sh1106_HwInit	8	static
../Mine/Src/sh1106_hw.c:53:13:f_sh1106_SendData	24	static
../Mine/Src/sh1106_hw.c:86:6:f_sh1106_Init	8	static
../Mine/Src/sh1106_hw.c:96:6:f_sh1106_cmd_SetColumnAddress	24	static
../Mine/Src/sh1106_hw.c:111:6:f_sh1106_cmd_SetStartLine	24	static
../Mine/Src/sh1106_hw.c:122:6:f_sh1106_cmd_SetContrast	24	static
../Mine/Src/sh1106_hw.c:134:6:f_sh1106_cmd_SetSegmentDirection	24	static
../Mine/Src/sh1106_hw.c:143:6:f_sh1106_cmd_ToggleDisplay	24	static
../Mine/Src/sh1106_hw.c:152:6:f_sh1106_cmd_ToggleNegative	24	static
../Mine/Src/sh1106_hw.c:161:6:f_sh1106_cmd_SetMultiplexRatio	24	static
../Mine/Src/sh1106_hw.c:175:6:f_sh1106_cmd_TogglePower	24	static
../Mine/Src/sh1106_hw.c:184:6:f_sh1106_cmd_SetPageAddress	24	static
../Mine/Src/sh1106_hw.c:195:6:f_sh1106_cmd_SetScanDirection	24	static
../Mine/Src/sh1106_hw.c:204:6:f_sh1106_cmd_SetOffset	24	static
../Mine/Src/sh1106_hw.c:218:6:f_sh1106_cmd_SetClockDiv	24	static
../Mine/Src/sh1106_hw.c:232:6:f_sh1106_CS_HIGH	4	static
../Mine/Src/sh1106_hw.c:237:6:f_sh1106_SendPageData	24	static
../Mine/Src/sh1106_hw.c:261:6:HAL_SPI_TxCpltCallback	16	static
